MPLINK 5.09, LINKER
Linker Map File - Created Sat Nov 14 20:49:11 2020

                                 Section Info
                  Section       Type    Address   Location Size(Bytes)
                ---------  ---------  ---------  ---------  ---------
                   .org_0       code   0x000000    program   0x0000ac
                   .cinit    romdata   0x0000ac    program   0x000002
.config_300001_BUILD/DEFAULT/PRODUCTION/EX_5-4.    romdata   0x300001    program   0x000001
.config_300003_BUILD/DEFAULT/PRODUCTION/EX_5-4.    romdata   0x300003    program   0x000001
.config_300005_BUILD/DEFAULT/PRODUCTION/EX_5-4.    romdata   0x300005    program   0x000001
.config_300006_BUILD/DEFAULT/PRODUCTION/EX_5-4.    romdata   0x300006    program   0x000001



                              Program Memory Usage 
                               Start         End      
                           ---------   ---------      
                            0x000000    0x0000ad      
                            0x300001    0x300001      
                            0x300003    0x300003      
                            0x300005    0x300006      
            178 out of 33048 program addresses used, program memory utilization is 0%



                              Symbols - Sorted by Name
                     Name    Address   Location    Storage File                     
                ---------  ---------  ---------  --------- ---------                
                    DELAY   0x00008e    program     static C:\Users\marco\Project Files\MPLABXProjects\assembly\ex_5-4.X\ex_5-4.asm
                     HERE   0x000096    program     static C:\Users\marco\Project Files\MPLABXProjects\assembly\ex_5-4.X\ex_5-4.asm
                      N_1   0x000028    program     static C:\Users\marco\Project Files\MPLABXProjects\assembly\ex_5-4.X\ex_5-4.asm
                      N_2   0x000042    program     static C:\Users\marco\Project Files\MPLABXProjects\assembly\ex_5-4.X\ex_5-4.asm
                      N_3   0x00005c    program     static C:\Users\marco\Project Files\MPLABXProjects\assembly\ex_5-4.X\ex_5-4.asm
                      N_4   0x000076    program     static C:\Users\marco\Project Files\MPLABXProjects\assembly\ex_5-4.X\ex_5-4.asm
                      RET   0x000092    program     static C:\Users\marco\Project Files\MPLABXProjects\assembly\ex_5-4.X\ex_5-4.asm
                   UPDATE   0x0000a4    program     static C:\Users\marco\Project Files\MPLABXProjects\assembly\ex_5-4.X\ex_5-4.asm
             _.org_0_008A   0x00008a    program     static C:\Users\marco\Project Files\MPLABXProjects\assembly\ex_5-4.X\ex_5-4.asm
                     main   0x000004    program     static C:\Users\marco\Project Files\MPLABXProjects\assembly\ex_5-4.X\ex_5-4.asm



                              Symbols - Sorted by Address
                     Name    Address   Location    Storage File                     
                ---------  ---------  ---------  --------- ---------                
                     main   0x000004    program     static C:\Users\marco\Project Files\MPLABXProjects\assembly\ex_5-4.X\ex_5-4.asm
                      N_1   0x000028    program     static C:\Users\marco\Project Files\MPLABXProjects\assembly\ex_5-4.X\ex_5-4.asm
                      N_2   0x000042    program     static C:\Users\marco\Project Files\MPLABXProjects\assembly\ex_5-4.X\ex_5-4.asm
                      N_3   0x00005c    program     static C:\Users\marco\Project Files\MPLABXProjects\assembly\ex_5-4.X\ex_5-4.asm
                      N_4   0x000076    program     static C:\Users\marco\Project Files\MPLABXProjects\assembly\ex_5-4.X\ex_5-4.asm
             _.org_0_008A   0x00008a    program     static C:\Users\marco\Project Files\MPLABXProjects\assembly\ex_5-4.X\ex_5-4.asm
                    DELAY   0x00008e    program     static C:\Users\marco\Project Files\MPLABXProjects\assembly\ex_5-4.X\ex_5-4.asm
                      RET   0x000092    program     static C:\Users\marco\Project Files\MPLABXProjects\assembly\ex_5-4.X\ex_5-4.asm
                     HERE   0x000096    program     static C:\Users\marco\Project Files\MPLABXProjects\assembly\ex_5-4.X\ex_5-4.asm
                   UPDATE   0x0000a4    program     static C:\Users\marco\Project Files\MPLABXProjects\assembly\ex_5-4.X\ex_5-4.asm


