MPLINK 5.09, LINKER
Linker Map File - Created Sun Nov 15 12:40:58 2020

                                 Section Info
                  Section       Type    Address   Location Size(Bytes)
                ---------  ---------  ---------  ---------  ---------
                   .org_0       code   0x000000    program   0x000058
                   .cinit    romdata   0x000058    program   0x000002
.config_300001_BUILD/DEFAULT/DEBUG/EX_5-8.O    romdata   0x300001    program   0x000001
.config_300003_BUILD/DEFAULT/DEBUG/EX_5-8.O    romdata   0x300003    program   0x000001
.config_300005_BUILD/DEFAULT/DEBUG/EX_5-8.O    romdata   0x300005    program   0x000001
.config_300006_BUILD/DEFAULT/DEBUG/EX_5-8.O    romdata   0x300006    program   0x000001



                              Program Memory Usage 
                               Start         End      
                           ---------   ---------      
                            0x000000    0x000059      
                            0x300001    0x300001      
                            0x300003    0x300003      
                            0x300005    0x300006      
            94 out of 33048 program addresses used, program memory utilization is 0%



                              Symbols - Sorted by Name
                     Name    Address   Location    Storage File                     
                ---------  ---------  ---------  --------- ---------                
                      D_1   0x000022    program     static C:\Users\marco\Project Files\MPLABXProjects\assembly\ex_5-8.X\ex_5-8.asm
                      D_2   0x000036    program     static C:\Users\marco\Project Files\MPLABXProjects\assembly\ex_5-8.X\ex_5-8.asm
                     HERE   0x000054    program     static C:\Users\marco\Project Files\MPLABXProjects\assembly\ex_5-8.X\ex_5-8.asm
                     main   0x000004    program     static C:\Users\marco\Project Files\MPLABXProjects\assembly\ex_5-8.X\ex_5-8.asm



                              Symbols - Sorted by Address
                     Name    Address   Location    Storage File                     
                ---------  ---------  ---------  --------- ---------                
                     main   0x000004    program     static C:\Users\marco\Project Files\MPLABXProjects\assembly\ex_5-8.X\ex_5-8.asm
                      D_1   0x000022    program     static C:\Users\marco\Project Files\MPLABXProjects\assembly\ex_5-8.X\ex_5-8.asm
                      D_2   0x000036    program     static C:\Users\marco\Project Files\MPLABXProjects\assembly\ex_5-8.X\ex_5-8.asm
                     HERE   0x000054    program     static C:\Users\marco\Project Files\MPLABXProjects\assembly\ex_5-8.X\ex_5-8.asm


