MPLINK 5.09, LINKER
Linker Map File - Created Wed Nov 11 22:09:13 2020

                                 Section Info
                  Section       Type    Address   Location Size(Bytes)
                ---------  ---------  ---------  ---------  ---------
                   .org_0       code   0x000000    program   0x000036
                   .cinit    romdata   0x000036    program   0x000002
.config_300001_BUILD/DEFAULT/DEBUG/EX_3-4.O    romdata   0x300001    program   0x000001
.config_300003_BUILD/DEFAULT/DEBUG/EX_3-4.O    romdata   0x300003    program   0x000001
.config_300005_BUILD/DEFAULT/DEBUG/EX_3-4.O    romdata   0x300005    program   0x000001
.config_300006_BUILD/DEFAULT/DEBUG/EX_3-4.O    romdata   0x300006    program   0x000001



                              Program Memory Usage 
                               Start         End      
                           ---------   ---------      
                            0x000000    0x000037      
                            0x300001    0x300001      
                            0x300003    0x300003      
                            0x300005    0x300006      
            60 out of 33048 program addresses used, program memory utilization is 0%



                              Symbols - Sorted by Name
                     Name    Address   Location    Storage File                     
                ---------  ---------  ---------  --------- ---------                
             _.org_0_0022   0x000022    program     static C:\Users\marco\Project Files\MPLABXProjects\assembly\ex_3-4.X\ex_3-4.asm
                    delay   0x000026    program     static C:\Users\marco\Project Files\MPLABXProjects\assembly\ex_3-4.X\ex_3-4.asm
                   loop_1   0x000014    program     static C:\Users\marco\Project Files\MPLABXProjects\assembly\ex_3-4.X\ex_3-4.asm
                   loop_2   0x000018    program     static C:\Users\marco\Project Files\MPLABXProjects\assembly\ex_3-4.X\ex_3-4.asm
                     main   0x000004    program     static C:\Users\marco\Project Files\MPLABXProjects\assembly\ex_3-4.X\ex_3-4.asm



                              Symbols - Sorted by Address
                     Name    Address   Location    Storage File                     
                ---------  ---------  ---------  --------- ---------                
                     main   0x000004    program     static C:\Users\marco\Project Files\MPLABXProjects\assembly\ex_3-4.X\ex_3-4.asm
                   loop_1   0x000014    program     static C:\Users\marco\Project Files\MPLABXProjects\assembly\ex_3-4.X\ex_3-4.asm
                   loop_2   0x000018    program     static C:\Users\marco\Project Files\MPLABXProjects\assembly\ex_3-4.X\ex_3-4.asm
             _.org_0_0022   0x000022    program     static C:\Users\marco\Project Files\MPLABXProjects\assembly\ex_3-4.X\ex_3-4.asm
                    delay   0x000026    program     static C:\Users\marco\Project Files\MPLABXProjects\assembly\ex_3-4.X\ex_3-4.asm


