MPLINK 5.09, LINKER
Linker Map File - Created Sat Oct 17 17:14:15 2020

                                 Section Info
                  Section       Type    Address   Location Size(Bytes)
                ---------  ---------  ---------  ---------  ---------
                   .org_0       code   0x000000    program   0x00001c
                   .cinit    romdata   0x00001c    program   0x000002
                   .org_1       code   0x000300    program   0x00000e
.config_300001_BUILD/DEFAULT/PRODUCTION/EX_3-9.    romdata   0x300001    program   0x000001
.config_300003_BUILD/DEFAULT/PRODUCTION/EX_3-9.    romdata   0x300003    program   0x000001
.config_300005_BUILD/DEFAULT/PRODUCTION/EX_3-9.    romdata   0x300005    program   0x000001
.config_300006_BUILD/DEFAULT/PRODUCTION/EX_3-9.    romdata   0x300006    program   0x000001



                              Program Memory Usage 
                               Start         End      
                           ---------   ---------      
                            0x000000    0x00001d      
                            0x000300    0x00030d      
                            0x300001    0x300001      
                            0x300003    0x300003      
                            0x300005    0x300006      
            48 out of 33048 program addresses used, program memory utilization is 0%



                              Symbols - Sorted by Name
                     Name    Address   Location    Storage File                     
                ---------  ---------  ---------  --------- ---------                
                    AGAIN   0x000304    program     static C:\Users\Marco\MPLABXProjects\assembly\ex_3-9.X\ex_3-9.asm
                     BACK   0x000008    program     static C:\Users\Marco\MPLABXProjects\assembly\ex_3-9.X\ex_3-9.asm
                    DELAY   0x000300    program     static C:\Users\Marco\MPLABXProjects\assembly\ex_3-9.X\ex_3-9.asm
                     main   0x000004    program     static C:\Users\Marco\MPLABXProjects\assembly\ex_3-9.X\ex_3-9.asm



                              Symbols - Sorted by Address
                     Name    Address   Location    Storage File                     
                ---------  ---------  ---------  --------- ---------                
                     main   0x000004    program     static C:\Users\Marco\MPLABXProjects\assembly\ex_3-9.X\ex_3-9.asm
                     BACK   0x000008    program     static C:\Users\Marco\MPLABXProjects\assembly\ex_3-9.X\ex_3-9.asm
                    DELAY   0x000300    program     static C:\Users\Marco\MPLABXProjects\assembly\ex_3-9.X\ex_3-9.asm
                    AGAIN   0x000304    program     static C:\Users\Marco\MPLABXProjects\assembly\ex_3-9.X\ex_3-9.asm


