MPLINK 5.09, LINKER
Linker Map File - Created Sun Nov 15 00:58:34 2020

                                 Section Info
                  Section       Type    Address   Location Size(Bytes)
                ---------  ---------  ---------  ---------  ---------
                   .org_0       code   0x000000    program   0x00007c
                   .cinit    romdata   0x00007c    program   0x000002
.config_300001_BUILD/DEFAULT/DEBUG/EX_5-4.O    romdata   0x300001    program   0x000001
.config_300003_BUILD/DEFAULT/DEBUG/EX_5-4.O    romdata   0x300003    program   0x000001
.config_300005_BUILD/DEFAULT/DEBUG/EX_5-4.O    romdata   0x300005    program   0x000001
.config_300006_BUILD/DEFAULT/DEBUG/EX_5-4.O    romdata   0x300006    program   0x000001



                              Program Memory Usage 
                               Start         End      
                           ---------   ---------      
                            0x000000    0x00007d      
                            0x300001    0x300001      
                            0x300003    0x300003      
                            0x300005    0x300006      
            130 out of 33048 program addresses used, program memory utilization is 0%



                              Symbols - Sorted by Name
                     Name    Address   Location    Storage File                     
                ---------  ---------  ---------  --------- ---------                
                    DELAY   0x00005e    program     static C:\Users\marco\Project Files\MPLABXProjects\assembly\ex_5-4.X\ex_5-4.asm
                     HERE   0x000066    program     static C:\Users\marco\Project Files\MPLABXProjects\assembly\ex_5-4.X\ex_5-4.asm
                      N_1   0x000028    program     static C:\Users\marco\Project Files\MPLABXProjects\assembly\ex_5-4.X\ex_5-4.asm
                      N_2   0x000036    program     static C:\Users\marco\Project Files\MPLABXProjects\assembly\ex_5-4.X\ex_5-4.asm
                      N_3   0x000044    program     static C:\Users\marco\Project Files\MPLABXProjects\assembly\ex_5-4.X\ex_5-4.asm
                      N_4   0x000052    program     static C:\Users\marco\Project Files\MPLABXProjects\assembly\ex_5-4.X\ex_5-4.asm
                      RET   0x000062    program     static C:\Users\marco\Project Files\MPLABXProjects\assembly\ex_5-4.X\ex_5-4.asm
                   UPDATE   0x000074    program     static C:\Users\marco\Project Files\MPLABXProjects\assembly\ex_5-4.X\ex_5-4.asm
             _.org_0_005A   0x00005a    program     static C:\Users\marco\Project Files\MPLABXProjects\assembly\ex_5-4.X\ex_5-4.asm
                     main   0x000004    program     static C:\Users\marco\Project Files\MPLABXProjects\assembly\ex_5-4.X\ex_5-4.asm



                              Symbols - Sorted by Address
                     Name    Address   Location    Storage File                     
                ---------  ---------  ---------  --------- ---------                
                     main   0x000004    program     static C:\Users\marco\Project Files\MPLABXProjects\assembly\ex_5-4.X\ex_5-4.asm
                      N_1   0x000028    program     static C:\Users\marco\Project Files\MPLABXProjects\assembly\ex_5-4.X\ex_5-4.asm
                      N_2   0x000036    program     static C:\Users\marco\Project Files\MPLABXProjects\assembly\ex_5-4.X\ex_5-4.asm
                      N_3   0x000044    program     static C:\Users\marco\Project Files\MPLABXProjects\assembly\ex_5-4.X\ex_5-4.asm
                      N_4   0x000052    program     static C:\Users\marco\Project Files\MPLABXProjects\assembly\ex_5-4.X\ex_5-4.asm
             _.org_0_005A   0x00005a    program     static C:\Users\marco\Project Files\MPLABXProjects\assembly\ex_5-4.X\ex_5-4.asm
                    DELAY   0x00005e    program     static C:\Users\marco\Project Files\MPLABXProjects\assembly\ex_5-4.X\ex_5-4.asm
                      RET   0x000062    program     static C:\Users\marco\Project Files\MPLABXProjects\assembly\ex_5-4.X\ex_5-4.asm
                     HERE   0x000066    program     static C:\Users\marco\Project Files\MPLABXProjects\assembly\ex_5-4.X\ex_5-4.asm
                   UPDATE   0x000074    program     static C:\Users\marco\Project Files\MPLABXProjects\assembly\ex_5-4.X\ex_5-4.asm


