MPLINK 5.09, LINKER
Linker Map File - Created Sat Oct 17 15:35:50 2020

                                 Section Info
                  Section       Type    Address   Location Size(Bytes)
                ---------  ---------  ---------  ---------  ---------
                   .org_0       code   0x000000    program   0x000054
                   .cinit    romdata   0x000054    program   0x000002
.config_300001_BUILD/DEFAULT/PRODUCTION/EX_3-6.    romdata   0x300001    program   0x000001
.config_300003_BUILD/DEFAULT/PRODUCTION/EX_3-6.    romdata   0x300003    program   0x000001
.config_300005_BUILD/DEFAULT/PRODUCTION/EX_3-6.    romdata   0x300005    program   0x000001
.config_300006_BUILD/DEFAULT/PRODUCTION/EX_3-6.    romdata   0x300006    program   0x000001



                              Program Memory Usage 
                               Start         End      
                           ---------   ---------      
                            0x000000    0x000055      
                            0x300001    0x300001      
                            0x300003    0x300003      
                            0x300005    0x300006      
            90 out of 33048 program addresses used, program memory utilization is 0%



                              Symbols - Sorted by Name
                     Name    Address   Location    Storage File                     
                ---------  ---------  ---------  --------- ---------                
                    AGAIN   0x000042    program     static C:\Users\Marco\MPLABXProjects\assembly\ex_3-6.X\ex_3-6.asm
                    DELAY   0x00003e    program     static C:\Users\Marco\MPLABXProjects\assembly\ex_3-6.X\ex_3-6.asm
                     HERE   0x000046    program     static C:\Users\Marco\MPLABXProjects\assembly\ex_3-6.X\ex_3-6.asm
                      N_1   0x000016    program     static C:\Users\Marco\MPLABXProjects\assembly\ex_3-6.X\ex_3-6.asm
                      N_2   0x00001e    program     static C:\Users\Marco\MPLABXProjects\assembly\ex_3-6.X\ex_3-6.asm
                     OVER   0x000026    program     static C:\Users\Marco\MPLABXProjects\assembly\ex_3-6.X\ex_3-6.asm
                   UPDATE   0x00002c    program     static C:\Users\Marco\MPLABXProjects\assembly\ex_3-6.X\ex_3-6.asm
             _.org_0_0028   0x000028    program     static C:\Users\Marco\MPLABXProjects\assembly\ex_3-6.X\ex_3-6.asm
                     main   0x000004    program     static C:\Users\Marco\MPLABXProjects\assembly\ex_3-6.X\ex_3-6.asm



                              Symbols - Sorted by Address
                     Name    Address   Location    Storage File                     
                ---------  ---------  ---------  --------- ---------                
                     main   0x000004    program     static C:\Users\Marco\MPLABXProjects\assembly\ex_3-6.X\ex_3-6.asm
                      N_1   0x000016    program     static C:\Users\Marco\MPLABXProjects\assembly\ex_3-6.X\ex_3-6.asm
                      N_2   0x00001e    program     static C:\Users\Marco\MPLABXProjects\assembly\ex_3-6.X\ex_3-6.asm
                     OVER   0x000026    program     static C:\Users\Marco\MPLABXProjects\assembly\ex_3-6.X\ex_3-6.asm
             _.org_0_0028   0x000028    program     static C:\Users\Marco\MPLABXProjects\assembly\ex_3-6.X\ex_3-6.asm
                   UPDATE   0x00002c    program     static C:\Users\Marco\MPLABXProjects\assembly\ex_3-6.X\ex_3-6.asm
                    DELAY   0x00003e    program     static C:\Users\Marco\MPLABXProjects\assembly\ex_3-6.X\ex_3-6.asm
                    AGAIN   0x000042    program     static C:\Users\Marco\MPLABXProjects\assembly\ex_3-6.X\ex_3-6.asm
                     HERE   0x000046    program     static C:\Users\Marco\MPLABXProjects\assembly\ex_3-6.X\ex_3-6.asm


