MPLINK 5.09, LINKER
Linker Map File - Created Sun Oct 04 22:49:57 2020

                                 Section Info
                  Section       Type    Address   Location Size(Bytes)
                ---------  ---------  ---------  ---------  ---------
                   .org_0       code   0x000000    program   0x00002e
                   .cinit    romdata   0x00002e    program   0x000002
.config_300001_BUILD/DEFAULT/PRODUCTION/EX_3-2.    romdata   0x300001    program   0x000001
.config_300003_BUILD/DEFAULT/PRODUCTION/EX_3-2.    romdata   0x300003    program   0x000001
.config_300005_BUILD/DEFAULT/PRODUCTION/EX_3-2.    romdata   0x300005    program   0x000001
.config_300006_BUILD/DEFAULT/PRODUCTION/EX_3-2.    romdata   0x300006    program   0x000001



                              Program Memory Usage 
                               Start         End      
                           ---------   ---------      
                            0x000000    0x00002f      
                            0x300001    0x300001      
                            0x300003    0x300003      
                            0x300005    0x300006      
            52 out of 33048 program addresses used, program memory utilization is 0%



                              Symbols - Sorted by Name
                     Name    Address   Location    Storage File                     
                ---------  ---------  ---------  --------- ---------                
             _.org_0_001A   0x00001a    program     static C:\Users\Marco\MPLABXProjects\assembly\ex_3-2.X\ex_3-2.asm
                    again   0x000012    program     static C:\Users\Marco\MPLABXProjects\assembly\ex_3-2.X\ex_3-2.asm
                    delay   0x00001e    program     static C:\Users\Marco\MPLABXProjects\assembly\ex_3-2.X\ex_3-2.asm
                     main   0x000004    program     static C:\Users\Marco\MPLABXProjects\assembly\ex_3-2.X\ex_3-2.asm



                              Symbols - Sorted by Address
                     Name    Address   Location    Storage File                     
                ---------  ---------  ---------  --------- ---------                
                     main   0x000004    program     static C:\Users\Marco\MPLABXProjects\assembly\ex_3-2.X\ex_3-2.asm
                    again   0x000012    program     static C:\Users\Marco\MPLABXProjects\assembly\ex_3-2.X\ex_3-2.asm
             _.org_0_001A   0x00001a    program     static C:\Users\Marco\MPLABXProjects\assembly\ex_3-2.X\ex_3-2.asm
                    delay   0x00001e    program     static C:\Users\Marco\MPLABXProjects\assembly\ex_3-2.X\ex_3-2.asm


