MPLINK 5.09, LINKER
Linker Map File - Created Sat Oct 24 11:52:28 2020

                                 Section Info
                  Section       Type    Address   Location Size(Bytes)
                ---------  ---------  ---------  ---------  ---------
                   .org_0       code   0x000000    program   0x000034
                   .cinit    romdata   0x000034    program   0x000002
.config_300001_BUILD/DEFAULT/PRODUCTION/EX_4-1.    romdata   0x300001    program   0x000001
.config_300003_BUILD/DEFAULT/PRODUCTION/EX_4-1.    romdata   0x300003    program   0x000001
.config_300005_BUILD/DEFAULT/PRODUCTION/EX_4-1.    romdata   0x300005    program   0x000001
.config_300006_BUILD/DEFAULT/PRODUCTION/EX_4-1.    romdata   0x300006    program   0x000001



                              Program Memory Usage 
                               Start         End      
                           ---------   ---------      
                            0x000000    0x000035      
                            0x300001    0x300001      
                            0x300003    0x300003      
                            0x300005    0x300006      
            58 out of 33048 program addresses used, program memory utilization is 0%



                              Symbols - Sorted by Name
                     Name    Address   Location    Storage File                     
                ---------  ---------  ---------  --------- ---------                
                       D1   0x000022    program     static C:\Users\Marco\Project Files\MPLABXProjects\assembly\ex_4-1.X\ex_4-1.asm
                       D2   0x000026    program     static C:\Users\Marco\Project Files\MPLABXProjects\assembly\ex_4-1.X\ex_4-1.asm
                       L3   0x000012    program     static C:\Users\Marco\Project Files\MPLABXProjects\assembly\ex_4-1.X\ex_4-1.asm
                   QDELAY   0x00001e    program     static C:\Users\Marco\Project Files\MPLABXProjects\assembly\ex_4-1.X\ex_4-1.asm
                     main   0x000004    program     static C:\Users\Marco\Project Files\MPLABXProjects\assembly\ex_4-1.X\ex_4-1.asm



                              Symbols - Sorted by Address
                     Name    Address   Location    Storage File                     
                ---------  ---------  ---------  --------- ---------                
                     main   0x000004    program     static C:\Users\Marco\Project Files\MPLABXProjects\assembly\ex_4-1.X\ex_4-1.asm
                       L3   0x000012    program     static C:\Users\Marco\Project Files\MPLABXProjects\assembly\ex_4-1.X\ex_4-1.asm
                   QDELAY   0x00001e    program     static C:\Users\Marco\Project Files\MPLABXProjects\assembly\ex_4-1.X\ex_4-1.asm
                       D1   0x000022    program     static C:\Users\Marco\Project Files\MPLABXProjects\assembly\ex_4-1.X\ex_4-1.asm
                       D2   0x000026    program     static C:\Users\Marco\Project Files\MPLABXProjects\assembly\ex_4-1.X\ex_4-1.asm


