Microchip MPLAB XC8 Compiler V2.31

Linker command line:

-W-3 --edf=C:\Program Files\Microchip\xc8\v2.31\pic\dat\en_msgs.txt -cn \
  -h+dist/default/production\ssd1306.X.production.sym \
  --cmf=dist/default/production\ssd1306.X.production.cmf -z -Q16F877A \
  -oC:\Users\rlmarco\AppData\Local\Temp\s2p4.2 --defsym=__MPLAB_BUILD=1 \
  -Mdist/default/production/ssd1306.X.production.map -E1 -ver=XC8 Compiler \
  --acfsm=1493 -ASTACK=0110h-016Fh -pstack=STACK -ACODE=00h-07FFhx4 \
  -ASTRCODE=00h-01FFFh -ASTRING=00h-0FFhx32 -ACONST=00h-0FFhx32 \
  -AENTRY=00h-0FFhx32 -ACOMMON=070h-07Fh -ABANK0=020h-06Fh \
  -ABANK1=0A0h-0EFh -ABANK2=0110h-016Fh -ABANK3=0190h-01EFh \
  -ARAM=020h-06Fh,0A0h-0EFh,0110h-016Fh,0190h-01EFh \
  -AABS1=020h-07Fh,0A0h-0EFh,0110h-016Fh,0190h-01EFh -ASFR0=00h-01Fh \
  -ASFR1=080h-09Fh -ASFR2=0100h-010Fh -ASFR3=0180h-018Fh \
  -ACONFIG=02007h-02007h -DCONFIG=2 -AIDLOC=02000h-02003h -DIDLOC=2 \
  -AEEDATA=00h-0FFh/02100h -peeprom_data=EEDATA -DEEDATA=2 -DCODE=2 \
  -DSTRCODE=2 -DSTRING=2 -DCONST=2 -DENTRY=2 \
  -preset_vec=00h,intentry,init,end_init -ppowerup=CODE -pcinit=CODE \
  -pfunctab=ENTRY -k C:\Users\rlmarco\AppData\Local\Temp\s2p4.o \
  dist/default/production\ssd1306.X.production.o 

Object code version is 3.11

Machine type is 16F877A



                Name                               Link     Load   Length Selector   Space Scale
C:\Users\rlmarco\AppData\Local\Temp\s2p4.o
                end_init                              0        0        3        0       0
                config                             2007     2007        1        0       4
dist/default/production\ssd1306.X.production.o
                cinit                               7FC      7FC        4      FF8       0
                config                             2007     2007        1        0       4
                text14                              3C2      3C2        D      784       0
                text13                              3CF      3CF       10      79E       0
                text12                              3DF      3DF       10      7BE       0
                text11                              45B      45B       27      8B6       0
                text10                              482      482       41      904       0
                text9                               506      506       46      A0C       0
                text8                               54C      54C       54      A98       0
                text7                               5A0      5A0       66      B40       0
                text6                               4C3      4C3       43      986       0
                text5                               3EF      3EF       23      7DE       0
                text4                               742      742       BA      E84       0
                text3                               436      436       25      86C       0
                text2                               412      412       24      824       0
                text1                               606      606       94      C0C       0
                maintext                            69A      69A       A8      D34       0
                cstackBANK0                          20       20        E       20       1
                cstackCOMMON                         70       70        E       70       1
                stringtext                          800      800     1602       10       0

TOTAL           Name                               Link     Load   Length     Space
        CLASS   STACK          

        CLASS   CODE           
                end_init                              0        0        3         0
                cinit                               7FC      7FC        4         0
                text14                              3C2      3C2        D         0
                text13                              3CF      3CF       10         0
                text12                              3DF      3DF       10         0
                text11                              45B      45B       27         0
                text10                              482      482       41         0
                text9                               506      506       46         0
                text8                               54C      54C       54         0
                text7                               5A0      5A0       66         0
                text6                               4C3      4C3       43         0
                text5                               3EF      3EF       23         0
                text4                               742      742       BA         0
                text3                               436      436       25         0
                text2                               412      412       24         0
                text1                               606      606       94         0
                maintext                            69A      69A       A8         0

        CLASS   STRCODE        
                stringtext                          800      800     1602         0

        CLASS   STRING         

        CLASS   CONST          

        CLASS   ENTRY          

        CLASS   COMMON         
                cstackCOMMON                         70       70        E         1

        CLASS   BANK0          
                cstackBANK0                          20       20        E         1

        CLASS   BANK1          

        CLASS   BANK2          

        CLASS   BANK3          

        CLASS   RAM            

        CLASS   ABS1           
                abs_s1                               7E       7E        2         1

        CLASS   SFR0           

        CLASS   SFR1           

        CLASS   SFR2           

        CLASS   SFR3           

        CLASS   CONFIG         
                config                             2007     2007        1         4

        CLASS   IDLOC          

        CLASS   EEDATA         



SEGMENTS        Name                           Load    Length   Top    Selector   Space  Class     Delta

                reset_vec                      000000  000003  000003         0       0  CODE        2
                cstackBANK0                    000020  00000E  00002E        20       1  BANK0       1
                cstackCOMMON                   000070  00000E  00007E        70       1  COMMON      1
                text14                         0003C2  00000D  0003CF       784       0  CODE        2
                text13                         0003CF  000010  0003DF       79E       0  CODE        2
                text12                         0003DF  000010  0003EF       7BE       0  CODE        2
                text5                          0003EF  000023  000412       7DE       0  CODE        2
                text2                          000412  000024  000436       824       0  CODE        2
                text3                          000436  000025  00045B       86C       0  CODE        2
                text11                         00045B  000027  000482       8B6       0  CODE        2
                text10                         000482  000041  0004C3       904       0  CODE        2
                text6                          0004C3  000043  000506       986       0  CODE        2
                text9                          000506  000046  00054C       A0C       0  CODE        2
                text8                          00054C  000054  0005A0       A98       0  CODE        2
                text7                          0005A0  000066  000606       B40       0  CODE        2
                text1                          000606  000094  00069A       C0C       0  CODE        2
                maintext                       00069A  0000A8  000742       D34       0  CODE        2
                text4                          000742  0000BA  0007FC       E84       0  CODE        2
                cinit                          0007FC  000004  000800       FF8       0  CODE        2
                stringtext                     000800  001602  001E02        10       0  STRCODE     2


UNUSED ADDRESS RANGES

        Name                Unused          Largest block    Delta
        BANK0            002E-006F             42           1
        BANK1            00A0-00EF             50           1
        BANK2            0110-016F             60           1
        BANK3            0190-01EF             60           1
        CODE             0003-03C1            3BF           2
                         1E02-1FFF            1FE
        CONST            0003-03C1            100           2
                         1E02-1FFF             FE
        EEDATA           2100-21FF            100           2
        ENTRY            0003-03C1            100           2
                         1E02-1FFF             FE
        IDLOC            2000-2003              4           2
        RAM              002E-006F             42           1
                         00A0-00EF             50
                         0110-016F             60
                         0190-01EF             60
        SFR0             0000-001F             20           1
        SFR1             0080-009F             20           1
        SFR2             0100-010F             10           1
        SFR3             0180-018F             10           1
        STACK            0110-016F             60           1
        STRCODE          0003-03C1            3BF           2
                         1E02-1FFF            1FE
        STRING           0003-03C1            100           2
                         1E02-1FFF             FE

                                  Symbol Table

?___lldiv                 cstackCOMMON 0070
?___wmul                  cstackCOMMON 0070
?_strlen                  cstackCOMMON 0070
_ASCII                    stringtext   0C12
_PIR1bits                 (abs)        000C
_SSPADD                   (abs)        0093
_SSPBUF                   (abs)        0013
_SSPCON                   (abs)        0014
_SSPCON2                  (abs)        0091
_SSPCON2bits              (abs)        0091
_SSPCONbits               (abs)        0014
_SSPSTAT                  (abs)        0094
_SSPSTATbits              (abs)        0094
_Smiley_1                 stringtext   19F2
_Smiley_2                 stringtext   15F2
_Smiley_3                 stringtext   11F2
_Smiley_4                 stringtext   0DF2
_TRISC                    (abs)        0087
__Habs1                   abs1         0000
__Hbank0                  bank0        0000
__Hbank1                  bank1        0000
__Hbank2                  bank2        0000
__Hbank3                  bank3        0000
__Hcinit                  cinit        0800
__Hclrtext                clrtext      0000
__Hcode                   code         0000
__Hcommon                 common       0000
__Hconfig                 config       2008
__HcstackBANK0            cstackBANK0  0000
__HcstackCOMMON           cstackCOMMON 0000
__Heeprom_data            eeprom_data  0000
__Hend_init               end_init     0003
__Hfunctab                functab      0000
__Hinit                   init         0000
__Hintentry               intentry     0000
__Hmaintext               maintext     0000
__Hpowerup                powerup      0000
__Hram                    ram          0000
__Hreset_vec              reset_vec    0000
__Hsfr0                   sfr0         0000
__Hsfr1                   sfr1         0000
__Hsfr2                   sfr2         0000
__Hsfr3                   sfr3         0000
__Hspace_0                (abs)        1E02
__Hspace_1                (abs)        007E
__Hspace_2                (abs)        0000
__Hspace_3                (abs)        0000
__Hspace_4                (abs)        400F
__Hstack                  stack        0000
__Hstrings                strings      0000
__Hstringtext             stringtext   0000
__Htext                   text         0000
__Labs1                   abs1         0000
__Lbank0                  bank0        0000
__Lbank1                  bank1        0000
__Lbank2                  bank2        0000
__Lbank3                  bank3        0000
__Lcinit                  cinit        07FC
__Lclrtext                clrtext      0000
__Lcode                   code         0000
__Lcommon                 common       0000
__Lconfig                 config       0000
__LcstackBANK0            cstackBANK0  0000
__LcstackCOMMON           cstackCOMMON 0000
__Leeprom_data            eeprom_data  0000
__Lend_init               end_init     0000
__Lfunctab                functab      0000
__Linit                   init         0000
__Lintentry               intentry     0000
__Lmaintext               maintext     0000
__Lpowerup                powerup      0000
__Lram                    ram          0000
__Lreset_vec              reset_vec    0000
__Lsfr0                   sfr0         0000
__Lsfr1                   sfr1         0000
__Lsfr2                   sfr2         0000
__Lsfr3                   sfr3         0000
__Lspace_0                (abs)        0000
__Lspace_1                (abs)        0000
__Lspace_2                (abs)        0000
__Lspace_3                (abs)        0000
__Lspace_4                (abs)        0000
__Lstack                  stack        0000
__Lstrings                strings      0000
__Lstringtext             stringtext   0000
__Ltext                   text         0000
__S0                      (abs)        1E02
__S1                      (abs)        007E
__S2                      (abs)        0000
__S3                      (abs)        0000
___int_sp                 stack        0000
___latbits                (abs)        0002
___lldiv                  text7        05A0
___lldiv@counter          cstackCOMMON 007D
___lldiv@dividend         cstackCOMMON 0074
___lldiv@divisor          cstackCOMMON 0070
___lldiv@quotient         cstackCOMMON 0079
___sp                     stack        0000
___stackhi                (abs)        0000
___stacklo                (abs)        0000
___wmul                   text3        0436
___wmul@multiplicand      cstackCOMMON 0072
___wmul@multiplier        cstackCOMMON 0070
___wmul@product           cstackCOMMON 0074
__end_of_ASCII            stringtext   0DF2
__end_of_Launchpad_Logo   stringtext   0C12
__end_of_Smiley_1         stringtext   1DF2
__end_of_Smiley_2         stringtext   19F2
__end_of_Smiley_3         stringtext   15F2
__end_of_Smiley_4         stringtext   11F2
__end_of___lldiv          text7        0606
__end_of___wmul           text3        045B
__end_of__initialization  cinit        07FC
__end_of__stringtab       stringtext   0812
__end_of_i2c_is_idle      text14       03CF
__end_of_i2c_master_init  text6        0506
__end_of_i2c_start        text13       03DF
__end_of_i2c_stop         text12       03EF
__end_of_i2c_write        text11       0482
__end_of_main             maintext     0742
__end_of_oled_clear       text9        054C
__end_of_oled_cmd         text5        0412
__end_of_oled_goto_xy     text10       04C3
__end_of_oled_image       text8        05A0
__end_of_oled_init        text4        07FC
__end_of_oled_write_data  text1        069A
__end_of_strlen           text2        0436
__initialization          cinit        07FC
__pcstackBANK0            cstackBANK0  0020
__pcstackCOMMON           cstackCOMMON 0070
__pmaintext               maintext     069A
__pstringtext             stringtext   0800
__ptext1                  text1        0606
__ptext10                 text10       0482
__ptext11                 text11       045B
__ptext12                 text12       03DF
__ptext13                 text13       03CF
__ptext14                 text14       03C2
__ptext2                  text2        0412
__ptext3                  text3        0436
__ptext4                  text4        0742
__ptext5                  text5        03EF
__ptext6                  text6        04C3
__ptext7                  text7        05A0
__ptext8                  text8        054C
__ptext9                  text9        0506
__size_of___lldiv         (abs)        0000
__size_of___wmul          (abs)        0000
__size_of_i2c_is_idle     (abs)        0000
__size_of_i2c_master_init (abs)        0000
__size_of_i2c_start       (abs)        0000
__size_of_i2c_stop        (abs)        0000
__size_of_i2c_write       (abs)        0000
__size_of_main            (abs)        0000
__size_of_oled_clear      (abs)        0000
__size_of_oled_cmd        (abs)        0000
__size_of_oled_goto_xy    (abs)        0000
__size_of_oled_image      (abs)        0000
__size_of_oled_init       (abs)        0000
__size_of_oled_write_data (abs)        0000
__size_of_strlen          (abs)        0000
__stringbase              stringtext   0812
__stringtab               stringtext   0800
_i2c_is_idle              text14       03C2
_i2c_master_init          text6        04C3
_i2c_start                text13       03CF
_i2c_stop                 text12       03DF
_i2c_write                text11       045B
_main                     maintext     069A
_oled_clear               text9        0506
_oled_cmd                 text5        03EF
_oled_goto_xy             text10       0482
_oled_image               text8        054C
_oled_init                text4        0742
_oled_write_data          text1        0606
_strlen                   text2        0412
btemp                     (abs)        007E
end_of_initialization     cinit        07FC
i2c_master_init@baud_rate cstackBANK0  0020
i2c_write@d_addr          cstackCOMMON 0070
intlevel0                 functab      0000
intlevel1                 functab      0000
intlevel2                 functab      0000
intlevel3                 functab      0000
intlevel4                 functab      0000
intlevel5                 functab      0000
oled_clear@i              cstackCOMMON 0077
oled_cmd@data             cstackCOMMON 0071
oled_goto_xy@col_e        cstackCOMMON 0071
oled_goto_xy@col_s        cstackCOMMON 0074
oled_goto_xy@page_e       cstackCOMMON 0073
oled_goto_xy@page_s       cstackCOMMON 0072
oled_image@i              cstackCOMMON 0079
oled_image@image_data     cstackCOMMON 0075
oled_write_data@data      cstackCOMMON 0076
oled_write_data@g         cstackCOMMON 007A
oled_write_data@index     cstackCOMMON 007C
oled_write_data@len       cstackCOMMON 0078
reset_vec                 reset_vec    0000
start                     init         0000
start_initialization      cinit        07FC
strlen@cp                 cstackCOMMON 0072
strlen@s                  cstackCOMMON 0070
wtemp0                    (abs)        007E


FUNCTION INFORMATION:

 *************** function _main *****************
 Defined at:
		line 15 in file "main.c"
 Parameters:    Size  Location     Type
		None
 Auto vars:     Size  Location     Type
		None
 Return value:  Size  Location     Type
                  1    wreg      void 
 Registers used:
		wreg, fsr0l, fsr0h, status,2, status,0, btemp+1, pclath, cstack
 Tracked objects:
		On entry : 
		On exit  : 
		Unchanged: 
 Data sizes:     COMMON   BANK0   BANK1   BANK3   BANK2
      Params:         0       0       0       0       0
      Locals:         0       0       0       0       0
      Temps:          0       3       0       0       0
      Totals:         0       3       0       0       0
Total ram usage:        3 bytes
 Hardware stack levels required when called:    5
 This function calls:
		_oled_clear
		_oled_goto_xy
		_oled_image
		_oled_init
		_oled_write_data
 This function is called by:
		Startup code after reset
 This function uses a non-reentrant model


 *************** function _oled_write_data *****************
 Defined at:
		line 62 in file "./ssd1306.h"
 Parameters:    Size  Location     Type
  data            2    6[COMMON] PTR unsigned char 
		 -> STR_1(16), 
 Auto vars:     Size  Location     Type
  index           2   12[COMMON] int 
  g               2   10[COMMON] int 
  len             2    8[COMMON] unsigned int 
 Return value:  Size  Location     Type
                  1    wreg      void 
 Registers used:
		wreg, fsr0l, fsr0h, status,2, status,0, btemp+1, pclath, cstack
 Tracked objects:
		On entry : 
		On exit  : 
		Unchanged: 
 Data sizes:     COMMON   BANK0   BANK1   BANK3   BANK2
      Params:         2       0       0       0       0
      Locals:         6       0       0       0       0
      Temps:          0       9       0       0       0
      Totals:         8       9       0       0       0
Total ram usage:       17 bytes
 Hardware stack levels used:    1
 Hardware stack levels required when called:    3
 This function calls:
		___wmul
		_i2c_start
		_i2c_stop
		_i2c_write
		_strlen
 This function is called by:
		_main
 This function uses a non-reentrant model


 *************** function _strlen *****************
 Defined at:
		line 4 in file "C:\Program Files\Microchip\xc8\v2.31\pic\sources\c90\common\strlen.c"
 Parameters:    Size  Location     Type
  s               2    0[COMMON] PTR const unsigned char 
		 -> STR_1(16), 
 Auto vars:     Size  Location     Type
  cp              2    2[COMMON] PTR const unsigned char 
		 -> STR_1(16), 
 Return value:  Size  Location     Type
                  2    0[COMMON] unsigned int 
 Registers used:
		wreg, fsr0l, fsr0h, status,2, status,0, btemp+1, pclath
 Tracked objects:
		On entry : 
		On exit  : 
		Unchanged: 
 Data sizes:     COMMON   BANK0   BANK1   BANK3   BANK2
      Params:         2       0       0       0       0
      Locals:         2       0       0       0       0
      Temps:          0       0       0       0       0
      Totals:         4       0       0       0       0
Total ram usage:        4 bytes
 Hardware stack levels used:    2
 This function calls:
		Nothing
 This function is called by:
		_oled_write_data
 This function uses a non-reentrant model


 *************** function ___wmul *****************
 Defined at:
		line 15 in file "C:\Program Files\Microchip\xc8\v2.31\pic\sources\c90\common\Umul16.c"
 Parameters:    Size  Location     Type
  multiplier      2    0[COMMON] unsigned int 
  multiplicand    2    2[COMMON] unsigned int 
 Auto vars:     Size  Location     Type
  product         2    4[COMMON] unsigned int 
 Return value:  Size  Location     Type
                  2    0[COMMON] unsigned int 
 Registers used:
		wreg, status,2, status,0
 Tracked objects:
		On entry : 
		On exit  : 
		Unchanged: 
 Data sizes:     COMMON   BANK0   BANK1   BANK3   BANK2
      Params:         4       0       0       0       0
      Locals:         2       0       0       0       0
      Temps:          0       0       0       0       0
      Totals:         6       0       0       0       0
Total ram usage:        6 bytes
 Hardware stack levels used:    1
 This function calls:
		Nothing
 This function is called by:
		_oled_write_data
 This function uses a non-reentrant model


 *************** function _oled_init *****************
 Defined at:
		line 87 in file "./ssd1306.h"
 Parameters:    Size  Location     Type
		None
 Auto vars:     Size  Location     Type
		None
 Return value:  Size  Location     Type
                  1    wreg      void 
 Registers used:
		wreg, status,2, status,0, pclath, cstack
 Tracked objects:
		On entry : 
		On exit  : 
		Unchanged: 
 Data sizes:     COMMON   BANK0   BANK1   BANK3   BANK2
      Params:         0       0       0       0       0
      Locals:         0       0       0       0       0
      Temps:          0       3       0       0       0
      Totals:         0       3       0       0       0
Total ram usage:        3 bytes
 Hardware stack levels used:    1
 Hardware stack levels required when called:    4
 This function calls:
		_i2c_master_init
		_oled_cmd
 This function is called by:
		_main
 This function uses a non-reentrant model


 *************** function _oled_cmd *****************
 Defined at:
		line 27 in file "./ssd1306.h"
 Parameters:    Size  Location     Type
  data            1    wreg     unsigned char 
 Auto vars:     Size  Location     Type
  data            1    1[COMMON] unsigned char 
 Return value:  Size  Location     Type
                  1    wreg      void 
 Registers used:
		wreg, status,2, status,0, pclath, cstack
 Tracked objects:
		On entry : 
		On exit  : 
		Unchanged: 
 Data sizes:     COMMON   BANK0   BANK1   BANK3   BANK2
      Params:         0       0       0       0       0
      Locals:         1       0       0       0       0
      Temps:          0       0       0       0       0
      Totals:         1       0       0       0       0
Total ram usage:        1 bytes
 Hardware stack levels used:    1
 Hardware stack levels required when called:    3
 This function calls:
		_i2c_is_idle
		_i2c_start
		_i2c_stop
		_i2c_write
 This function is called by:
		_oled_init
 This function uses a non-reentrant model


 *************** function _i2c_master_init *****************
 Defined at:
		line 24 in file "./i2c-master.h"
 Parameters:    Size  Location     Type
  baud_rate       4    0[BANK0 ] unsigned long 
 Auto vars:     Size  Location     Type
		None
 Return value:  Size  Location     Type
                  1    wreg      void 
 Registers used:
		wreg, status,2, status,0, pclath, cstack
 Tracked objects:
		On entry : 
		On exit  : 
		Unchanged: 
 Data sizes:     COMMON   BANK0   BANK1   BANK3   BANK2
      Params:         0       4       0       0       0
      Locals:         0       0       0       0       0
      Temps:          0       4       0       0       0
      Totals:         0       8       0       0       0
Total ram usage:        8 bytes
 Hardware stack levels used:    1
 Hardware stack levels required when called:    1
 This function calls:
		___lldiv
 This function is called by:
		_oled_init
 This function uses a non-reentrant model


 *************** function ___lldiv *****************
 Defined at:
		line 5 in file "C:\Program Files\Microchip\xc8\v2.31\pic\sources\c90\common\__lldiv.c"
 Parameters:    Size  Location     Type
  divisor         4    0[COMMON] unsigned long 
  dividend        4    4[COMMON] unsigned long 
 Auto vars:     Size  Location     Type
  quotient        4    9[COMMON] unsigned long 
  counter         1   13[COMMON] unsigned char 
 Return value:  Size  Location     Type
                  4    0[COMMON] unsigned long 
 Registers used:
		wreg, status,2, status,0
 Tracked objects:
		On entry : 
		On exit  : 
		Unchanged: 
 Data sizes:     COMMON   BANK0   BANK1   BANK3   BANK2
      Params:         8       0       0       0       0
      Locals:         5       0       0       0       0
      Temps:          1       0       0       0       0
      Totals:        14       0       0       0       0
Total ram usage:       14 bytes
 Hardware stack levels used:    1
 This function calls:
		Nothing
 This function is called by:
		_i2c_master_init
 This function uses a non-reentrant model


 *************** function _oled_image *****************
 Defined at:
		line 75 in file "./ssd1306.h"
 Parameters:    Size  Location     Type
  image_data      2    5[COMMON] PTR const unsigned char 
		 -> Smiley_4(1024), Smiley_3(1024), Smiley_2(1024), Smiley_1(1024), 
 Auto vars:     Size  Location     Type
  i               2    9[COMMON] int 
 Return value:  Size  Location     Type
                  1    wreg      void 
 Registers used:
		wreg, fsr0l, fsr0h, status,2, status,0, btemp+1, pclath, cstack
 Tracked objects:
		On entry : 
		On exit  : 
		Unchanged: 
 Data sizes:     COMMON   BANK0   BANK1   BANK3   BANK2
      Params:         2       0       0       0       0
      Locals:         2       0       0       0       0
      Temps:          2       0       0       0       0
      Totals:         6       0       0       0       0
Total ram usage:        6 bytes
 Hardware stack levels used:    1
 Hardware stack levels required when called:    4
 This function calls:
		_i2c_is_idle
		_i2c_start
		_i2c_stop
		_i2c_write
		_oled_goto_xy
 This function is called by:
		_main
 This function uses a non-reentrant model


 *************** function _oled_clear *****************
 Defined at:
		line 50 in file "./ssd1306.h"
 Parameters:    Size  Location     Type
		None
 Auto vars:     Size  Location     Type
  i               2    7[COMMON] int 
 Return value:  Size  Location     Type
                  1    wreg      void 
 Registers used:
		wreg, status,2, status,0, btemp+1, pclath, cstack
 Tracked objects:
		On entry : 
		On exit  : 
		Unchanged: 
 Data sizes:     COMMON   BANK0   BANK1   BANK3   BANK2
      Params:         0       0       0       0       0
      Locals:         2       0       0       0       0
      Temps:          2       0       0       0       0
      Totals:         4       0       0       0       0
Total ram usage:        4 bytes
 Hardware stack levels used:    1
 Hardware stack levels required when called:    4
 This function calls:
		_i2c_is_idle
		_i2c_start
		_i2c_stop
		_i2c_write
		_oled_goto_xy
 This function is called by:
		_main
 This function uses a non-reentrant model


 *************** function _oled_goto_xy *****************
 Defined at:
		line 36 in file "./ssd1306.h"
 Parameters:    Size  Location     Type
  col_s           1    wreg     unsigned char 
  col_e           1    1[COMMON] unsigned char 
  page_s          1    2[COMMON] unsigned char 
  page_e          1    3[COMMON] unsigned char 
 Auto vars:     Size  Location     Type
  col_s           1    4[COMMON] unsigned char 
 Return value:  Size  Location     Type
                  1    wreg      void 
 Registers used:
		wreg, status,2, status,0, pclath, cstack
 Tracked objects:
		On entry : 
		On exit  : 
		Unchanged: 
 Data sizes:     COMMON   BANK0   BANK1   BANK3   BANK2
      Params:         3       0       0       0       0
      Locals:         1       0       0       0       0
      Temps:          0       0       0       0       0
      Totals:         4       0       0       0       0
Total ram usage:        4 bytes
 Hardware stack levels used:    1
 Hardware stack levels required when called:    3
 This function calls:
		_i2c_is_idle
		_i2c_start
		_i2c_stop
		_i2c_write
 This function is called by:
		_oled_clear
		_oled_image
		_main
 This function uses a non-reentrant model


 *************** function _i2c_write *****************
 Defined at:
		line 58 in file "./i2c-master.h"
 Parameters:    Size  Location     Type
  d_addr          1    wreg     unsigned char 
 Auto vars:     Size  Location     Type
  d_addr          1    0[COMMON] unsigned char 
 Return value:  Size  Location     Type
                  1    wreg      unsigned char 
 Registers used:
		wreg, status,2, status,0, pclath, cstack
 Tracked objects:
		On entry : 
		On exit  : 
		Unchanged: 
 Data sizes:     COMMON   BANK0   BANK1   BANK3   BANK2
      Params:         0       0       0       0       0
      Locals:         1       0       0       0       0
      Temps:          0       0       0       0       0
      Totals:         1       0       0       0       0
Total ram usage:        1 bytes
 Hardware stack levels used:    1
 Hardware stack levels required when called:    2
 This function calls:
		_i2c_is_idle
		_i2c_stop
 This function is called by:
		_oled_cmd
		_oled_goto_xy
		_oled_clear
		_oled_write_data
		_oled_image
 This function uses a non-reentrant model


 *************** function _i2c_stop *****************
 Defined at:
		line 51 in file "./i2c-master.h"
 Parameters:    Size  Location     Type
		None
 Auto vars:     Size  Location     Type
		None
 Return value:  Size  Location     Type
                  1    wreg      void 
 Registers used:
		wreg, status,2, status,0, pclath, cstack
 Tracked objects:
		On entry : 
		On exit  : 
		Unchanged: 
 Data sizes:     COMMON   BANK0   BANK1   BANK3   BANK2
      Params:         0       0       0       0       0
      Locals:         0       0       0       0       0
      Temps:          0       0       0       0       0
      Totals:         0       0       0       0       0
Total ram usage:        0 bytes
 Hardware stack levels used:    1
 Hardware stack levels required when called:    1
 This function calls:
		_i2c_is_idle
 This function is called by:
		_i2c_write
		_oled_cmd
		_oled_goto_xy
		_oled_clear
		_oled_write_data
		_oled_image
 This function uses a non-reentrant model


 *************** function _i2c_start *****************
 Defined at:
		line 37 in file "./i2c-master.h"
 Parameters:    Size  Location     Type
		None
 Auto vars:     Size  Location     Type
		None
 Return value:  Size  Location     Type
                  1    wreg      void 
 Registers used:
		wreg, status,2, status,0, pclath, cstack
 Tracked objects:
		On entry : 
		On exit  : 
		Unchanged: 
 Data sizes:     COMMON   BANK0   BANK1   BANK3   BANK2
      Params:         0       0       0       0       0
      Locals:         0       0       0       0       0
      Temps:          0       0       0       0       0
      Totals:         0       0       0       0       0
Total ram usage:        0 bytes
 Hardware stack levels used:    1
 Hardware stack levels required when called:    1
 This function calls:
		_i2c_is_idle
 This function is called by:
		_oled_cmd
		_oled_goto_xy
		_oled_clear
		_oled_write_data
		_oled_image
 This function uses a non-reentrant model


 *************** function _i2c_is_idle *****************
 Defined at:
		line 33 in file "./i2c-master.h"
 Parameters:    Size  Location     Type
		None
 Auto vars:     Size  Location     Type
		None
 Return value:  Size  Location     Type
                  1    wreg      void 
 Registers used:
		wreg, status,2
 Tracked objects:
		On entry : 
		On exit  : 
		Unchanged: 
 Data sizes:     COMMON   BANK0   BANK1   BANK3   BANK2
      Params:         0       0       0       0       0
      Locals:         0       0       0       0       0
      Temps:          0       0       0       0       0
      Totals:         0       0       0       0       0
Total ram usage:        0 bytes
 Hardware stack levels used:    1
 This function calls:
		Nothing
 This function is called by:
		_i2c_start
		_i2c_stop
		_i2c_write
		_oled_cmd
		_oled_goto_xy
		_oled_clear
		_oled_image
		_i2c_rep_start
		_i2c_read
 This function uses a non-reentrant model



MODULE INFORMATION

Module		Function		Class		Link	Load	Size
C:\Program Files\Microchip\xc8\v2.31\pic\sources\c90\common\__lldiv.c
		___lldiv       		CODE           	05A0	0000	102

C:\Program Files\Microchip\xc8\v2.31\pic\sources\c90\common\__lldiv.c estimated size: 102

C:\Program Files\Microchip\xc8\v2.31\pic\sources\c90\common\Umul16.c
		___wmul        		CODE           	0436	0000	37

C:\Program Files\Microchip\xc8\v2.31\pic\sources\c90\common\Umul16.c estimated size: 37

./i2c-master.h
		_i2c_start     		CODE           	03CF	0000	16
		_i2c_master_init		CODE           	04C3	0000	67
		_i2c_write     		CODE           	045B	0000	39
		_i2c_is_idle   		CODE           	03C2	0000	13
		_i2c_stop      		CODE           	03DF	0000	16

./i2c-master.h estimated size: 151

./ssd1306.h
		_oled_clear    		CODE           	0506	0000	70
		_oled_init     		CODE           	0742	0000	186
		_oled_goto_xy  		CODE           	0482	0000	65
		_oled_write_data		CODE           	0606	0000	148
		_oled_cmd      		CODE           	03EF	0000	35
		_oled_image    		CODE           	054C	0000	84

./ssd1306.h estimated size: 588

shared
		__stringtab    		STRCODE        	0800	0000	18
		_ASCII         		STRCODE        	0C12	0000	480
		_Smiley_1      		STRCODE        	19F2	0000	1024
		_Smiley_2      		STRCODE        	15F2	0000	1024
		_Smiley_3      		STRCODE        	11F2	0000	1024
		_Smiley_4      		STRCODE        	0DF2	0000	1024
		__initialization		CODE           	07FC	0000	1
		_Launchpad_Logo		STRCODE        	0000	0000	0

shared estimated size: 4595

C:\Program Files\Microchip\xc8\v2.31\pic\sources\c90\common\strlen.c
		_strlen        		CODE           	0412	0000	36

C:\Program Files\Microchip\xc8\v2.31\pic\sources\c90\common\strlen.c estimated size: 36

main.c
		_main          		CODE           	069A	0000	168

main.c estimated size: 168

