MPLINK 5.09, LINKER
Linker Map File - Created Sun Nov 15 00:35:55 2020

                                 Section Info
                  Section       Type    Address   Location Size(Bytes)
                ---------  ---------  ---------  ---------  ---------
                   .org_0       code   0x000000    program   0x000076
                   .cinit    romdata   0x000076    program   0x000002
.config_300001_BUILD/DEFAULT/PRODUCTION/EX_5-28    romdata   0x300001    program   0x000001
.config_300003_BUILD/DEFAULT/PRODUCTION/EX_5-28    romdata   0x300003    program   0x000001
.config_300005_BUILD/DEFAULT/PRODUCTION/EX_5-28    romdata   0x300005    program   0x000001
.config_300006_BUILD/DEFAULT/PRODUCTION/EX_5-28    romdata   0x300006    program   0x000001



                              Program Memory Usage 
                               Start         End      
                           ---------   ---------      
                            0x000000    0x000077      
                            0x300001    0x300001      
                            0x300003    0x300003      
                            0x300005    0x300006      
            124 out of 33048 program addresses used, program memory utilization is 0%



                              Symbols - Sorted by Name
                     Name    Address   Location    Storage File                     
                ---------  ---------  ---------  --------- ---------                
                    AGAIN   0x000030    program     static C:\Users\marco\Project Files\MPLABXProjects\assembly\ex_5-28.X\ex_5-28.asm
                    DELAY   0x000060    program     static C:\Users\marco\Project Files\MPLABXProjects\assembly\ex_5-28.X\ex_5-28.asm
                     HERE   0x000068    program     static C:\Users\marco\Project Files\MPLABXProjects\assembly\ex_5-28.X\ex_5-28.asm
                     NEXT   0x000054    program     static C:\Users\marco\Project Files\MPLABXProjects\assembly\ex_5-28.X\ex_5-28.asm
                     OVER   0x000046    program     static C:\Users\marco\Project Files\MPLABXProjects\assembly\ex_5-28.X\ex_5-28.asm
                      RET   0x000064    program     static C:\Users\marco\Project Files\MPLABXProjects\assembly\ex_5-28.X\ex_5-28.asm
             _.org_0_005C   0x00005c    program     static C:\Users\marco\Project Files\MPLABXProjects\assembly\ex_5-28.X\ex_5-28.asm
                     main   0x000004    program     static C:\Users\marco\Project Files\MPLABXProjects\assembly\ex_5-28.X\ex_5-28.asm



                              Symbols - Sorted by Address
                     Name    Address   Location    Storage File                     
                ---------  ---------  ---------  --------- ---------                
                     main   0x000004    program     static C:\Users\marco\Project Files\MPLABXProjects\assembly\ex_5-28.X\ex_5-28.asm
                    AGAIN   0x000030    program     static C:\Users\marco\Project Files\MPLABXProjects\assembly\ex_5-28.X\ex_5-28.asm
                     OVER   0x000046    program     static C:\Users\marco\Project Files\MPLABXProjects\assembly\ex_5-28.X\ex_5-28.asm
                     NEXT   0x000054    program     static C:\Users\marco\Project Files\MPLABXProjects\assembly\ex_5-28.X\ex_5-28.asm
             _.org_0_005C   0x00005c    program     static C:\Users\marco\Project Files\MPLABXProjects\assembly\ex_5-28.X\ex_5-28.asm
                    DELAY   0x000060    program     static C:\Users\marco\Project Files\MPLABXProjects\assembly\ex_5-28.X\ex_5-28.asm
                      RET   0x000064    program     static C:\Users\marco\Project Files\MPLABXProjects\assembly\ex_5-28.X\ex_5-28.asm
                     HERE   0x000068    program     static C:\Users\marco\Project Files\MPLABXProjects\assembly\ex_5-28.X\ex_5-28.asm


