Microchip MPLAB XC8 Compiler V2.31

Linker command line:

-W-3 --edf=C:\Program Files\Microchip\xc8\v2.31\pic\dat\en_msgs.txt -cn \
  -h+dist/default/production\uart.X.production.sym \
  --cmf=dist/default/production\uart.X.production.cmf -z -Q16F877A \
  -oC:\Users\rlmarco\AppData\Local\Temp\s86g.2 --defsym=__MPLAB_BUILD=1 \
  -Mdist/default/production/uart.X.production.map -E1 -ver=XC8 Compiler \
  --acfsm=1493 -ASTACK=0110h-016Fh -pstack=STACK -ACODE=00h-07FFhx4 \
  -ASTRCODE=00h-01FFFh -ASTRING=00h-0FFhx32 -ACONST=00h-0FFhx32 \
  -AENTRY=00h-0FFhx32 -ACOMMON=070h-07Fh -ABANK0=020h-06Fh \
  -ABANK1=0A0h-0EFh -ABANK2=0110h-016Fh -ABANK3=0190h-01EFh \
  -ARAM=020h-06Fh,0A0h-0EFh,0110h-016Fh,0190h-01EFh \
  -AABS1=020h-07Fh,0A0h-0EFh,0110h-016Fh,0190h-01EFh -ASFR0=00h-01Fh \
  -ASFR1=080h-09Fh -ASFR2=0100h-010Fh -ASFR3=0180h-018Fh \
  -ACONFIG=02007h-02007h -DCONFIG=2 -AIDLOC=02000h-02003h -DIDLOC=2 \
  -AEEDATA=00h-0FFh/02100h -peeprom_data=EEDATA -DEEDATA=2 -DCODE=2 \
  -DSTRCODE=2 -DSTRING=2 -DCONST=2 -DENTRY=2 \
  -preset_vec=00h,intentry,init,end_init -ppowerup=CODE -pcinit=CODE \
  -pfunctab=ENTRY -k C:\Users\rlmarco\AppData\Local\Temp\s86g.o \
  dist/default/production\uart.X.production.o 

Object code version is 3.11

Machine type is 16F877A



                Name                               Link     Load   Length Selector   Space Scale
C:\Users\rlmarco\AppData\Local\Temp\s86g.o
                end_init                              0        0        3        0       0
                config                             2007     2007        1        0       4
dist/default/production\uart.X.production.o
                cinit                               7FC      7FC        4      FF8       0
                config                             2007     2007        1        0       4
                text5                               755      755       1E      EAA       0
                text4                               742      742       13      E84       0
                text3                               7C0      7C0       3C      F80       0
                text2                               738      738        A      E70       0
                text1                               773      773       1E      EE6       0
                maintext                            791      791       2F      F22       0
                cstackBANK0                          20       20       14       20       1
                cstackCOMMON                         70       70        9       70       1

TOTAL           Name                               Link     Load   Length     Space
        CLASS   STACK          

        CLASS   CODE           
                end_init                              0        0        3         0
                cinit                               7FC      7FC        4         0
                text5                               755      755       1E         0
                text4                               742      742       13         0
                text3                               7C0      7C0       3C         0
                text2                               738      738        A         0
                text1                               773      773       1E         0
                maintext                            791      791       2F         0

        CLASS   STRCODE        

        CLASS   STRING         

        CLASS   CONST          

        CLASS   ENTRY          

        CLASS   COMMON         
                cstackCOMMON                         70       70        9         1

        CLASS   BANK0          
                cstackBANK0                          20       20       14         1

        CLASS   BANK1          

        CLASS   BANK2          

        CLASS   BANK3          

        CLASS   RAM            

        CLASS   ABS1           
                abs_s1                               7E       7E        2         1

        CLASS   SFR0           

        CLASS   SFR1           

        CLASS   SFR2           

        CLASS   SFR3           

        CLASS   CONFIG         
                config                             2007     2007        1         4

        CLASS   IDLOC          

        CLASS   EEDATA         



SEGMENTS        Name                           Load    Length   Top    Selector   Space  Class     Delta

                reset_vec                      000000  000003  000003         0       0  CODE        2
                cstackBANK0                    000020  000014  000034        20       1  BANK0       1
                cstackCOMMON                   000070  000009  000079        70       1  COMMON      1
                text2                          000738  00000A  000742       E70       0  CODE        2
                text4                          000742  000013  000755       E84       0  CODE        2
                text5                          000755  00001E  000773       EAA       0  CODE        2
                text1                          000773  00001E  000791       EE6       0  CODE        2
                maintext                       000791  00002F  0007C0       F22       0  CODE        2
                text3                          0007C0  00003C  0007FC       F80       0  CODE        2
                cinit                          0007FC  000004  000800       FF8       0  CODE        2


UNUSED ADDRESS RANGES

        Name                Unused          Largest block    Delta
        BANK0            0034-006F             3C           1
        BANK1            00A0-00EF             50           1
        BANK2            0110-016F             60           1
        BANK3            0190-01EF             60           1
        CODE             0003-0737            735           2
                         0800-1FFF            800
        COMMON           0079-007D              5           1
        CONST            0003-0737            100           2
                         0800-1FFF            100
        EEDATA           2100-21FF            100           2
        ENTRY            0003-0737            100           2
                         0800-1FFF            100
        IDLOC            2000-2003              4           2
        RAM              0034-006F             3C           1
                         00A0-00EF             50
                         0110-016F             60
                         0190-01EF             60
        SFR0             0000-001F             20           1
        SFR1             0080-009F             20           1
        SFR2             0100-010F             10           1
        SFR3             0180-018F             10           1
        STACK            0110-016F             60           1
        STRCODE          0003-0737            735           2
                         0800-1FFF           1800
        STRING           0003-0737            100           2
                         0800-1FFF            100

                                  Symbol Table

_BRGH                    (abs)        04C2
_CREN                    (abs)        00C4
_GIE                     (abs)        005F
_PEIE                    (abs)        005E
_RCIE                    (abs)        0465
_RCIF                    (abs)        0065
_RCREG                   (abs)        001A
_RCSTAbits               (abs)        0018
_RX9                     (abs)        00C6
_SPBRG                   (abs)        0099
_SPEN                    (abs)        00C7
_SYNC                    (abs)        04C4
_TRISC6                  (abs)        043E
_TRISC7                  (abs)        043F
_TX9                     (abs)        04C6
_TXEN                    (abs)        04C5
_TXIE                    (abs)        0464
_TXIF                    (abs)        0064
_TXREG                   (abs)        0019
__Habs1                  abs1         0000
__Hbank0                 bank0        0000
__Hbank1                 bank1        0000
__Hbank2                 bank2        0000
__Hbank3                 bank3        0000
__Hcinit                 cinit        0800
__Hclrtext               clrtext      0000
__Hcode                  code         0000
__Hcommon                common       0000
__Hconfig                config       2008
__HcstackBANK0           cstackBANK0  0000
__HcstackCOMMON          cstackCOMMON 0000
__Heeprom_data           eeprom_data  0000
__Hend_init              end_init     0003
__Hfunctab               functab      0000
__Hinit                  init         0000
__Hintentry              intentry     0000
__Hmaintext              maintext     0000
__Hpowerup               powerup      0000
__Hram                   ram          0000
__Hreset_vec             reset_vec    0000
__Hsfr0                  sfr0         0000
__Hsfr1                  sfr1         0000
__Hsfr2                  sfr2         0000
__Hsfr3                  sfr3         0000
__Hspace_0               (abs)        0800
__Hspace_1               (abs)        0079
__Hspace_2               (abs)        0000
__Hspace_3               (abs)        0000
__Hspace_4               (abs)        400F
__Hstack                 stack        0000
__Hstrings               strings      0000
__Htext                  text         0000
__Labs1                  abs1         0000
__Lbank0                 bank0        0000
__Lbank1                 bank1        0000
__Lbank2                 bank2        0000
__Lbank3                 bank3        0000
__Lcinit                 cinit        07FC
__Lclrtext               clrtext      0000
__Lcode                  code         0000
__Lcommon                common       0000
__Lconfig                config       0000
__LcstackBANK0           cstackBANK0  0000
__LcstackCOMMON          cstackCOMMON 0000
__Leeprom_data           eeprom_data  0000
__Lend_init              end_init     0000
__Lfunctab               functab      0000
__Linit                  init         0000
__Lintentry              intentry     0000
__Lmaintext              maintext     0000
__Lpowerup               powerup      0000
__Lram                   ram          0000
__Lreset_vec             reset_vec    0000
__Lsfr0                  sfr0         0000
__Lsfr1                  sfr1         0000
__Lsfr2                  sfr2         0000
__Lsfr3                  sfr3         0000
__Lspace_0               (abs)        0000
__Lspace_1               (abs)        0000
__Lspace_2               (abs)        0000
__Lspace_3               (abs)        0000
__Lspace_4               (abs)        0000
__Lstack                 stack        0000
__Lstrings               strings      0000
__Ltext                  text         0000
__S0                     (abs)        0800
__S1                     (abs)        0079
__S2                     (abs)        0000
__S3                     (abs)        0000
___int_sp                stack        0000
___latbits               (abs)        0002
___sp                    stack        0000
___stackhi               (abs)        0000
___stacklo               (abs)        0000
__end_of__initialization cinit        07FC
__end_of_main            maintext     07C0
__end_of_uart_init       text5        0773
__end_of_uart_rx_char    text4        0755
__end_of_uart_rx_str     text3        07FC
__end_of_uart_tx_char    text2        0742
__end_of_uart_tx_str     text1        0791
__initialization         cinit        07FC
__pcstackBANK0           cstackBANK0  0020
__pcstackCOMMON          cstackCOMMON 0070
__pmaintext              maintext     0791
__ptext1                 text1        0773
__ptext2                 text2        0738
__ptext3                 text3        07C0
__ptext4                 text4        0742
__ptext5                 text5        0755
__size_of_main           (abs)        0000
__size_of_uart_init      (abs)        0000
__size_of_uart_rx_char   (abs)        0000
__size_of_uart_rx_str    (abs)        0000
__size_of_uart_tx_char   (abs)        0000
__size_of_uart_tx_str    (abs)        0000
_main                    maintext     0791
_uart_init               text5        0755
_uart_rx_char            text4        0742
_uart_rx_str             text3        07C0
_uart_tx_char            text2        0738
_uart_tx_str             text1        0773
btemp                    (abs)        007E
end_of_initialization    cinit        07FC
intlevel0                functab      0000
intlevel1                functab      0000
intlevel2                functab      0000
intlevel3                functab      0000
intlevel4                functab      0000
intlevel5                functab      0000
main@str                 cstackBANK0  0020
reset_vec                reset_vec    0000
start                    init         0000
start_initialization     cinit        07FC
uart_rx_str@ch           cstackCOMMON 0075
uart_rx_str@len          cstackCOMMON 0074
uart_rx_str@p_str        cstackCOMMON 0073
uart_tx_char@data        cstackCOMMON 0070
uart_tx_str@i            cstackCOMMON 0072
uart_tx_str@str          cstackCOMMON 0073
wtemp0                   (abs)        007E


FUNCTION INFORMATION:

 *************** function _main *****************
 Defined at:
		line 9 in file "main.c"
 Parameters:    Size  Location     Type
		None
 Auto vars:     Size  Location     Type
  str            20    0[BANK0 ] unsigned char [20]
 Return value:  Size  Location     Type
                  1    wreg      void 
 Registers used:
		wreg, fsr0l, fsr0h, status,2, status,0, pclath, cstack
 Tracked objects:
		On entry : 
		On exit  : 
		Unchanged: 
 Data sizes:     COMMON   BANK0   BANK1   BANK3   BANK2
      Params:         0       0       0       0       0
      Locals:         0      20       0       0       0
      Temps:          3       0       0       0       0
      Totals:         3      20       0       0       0
Total ram usage:       23 bytes
 Hardware stack levels required when called:    2
 This function calls:
		_uart_init
		_uart_rx_str
		_uart_tx_str
 This function is called by:
		Startup code after reset
 This function uses a non-reentrant model


 *************** function _uart_tx_str *****************
 Defined at:
		line 55 in file "./../../includes/uart.h"
 Parameters:    Size  Location     Type
  str             1    wreg     PTR const unsigned char 
		 -> main@str(20), 
 Auto vars:     Size  Location     Type
  str             1    3[COMMON] PTR const unsigned char 
		 -> main@str(20), 
  i               1    2[COMMON] unsigned char 
 Return value:  Size  Location     Type
                  1    wreg      void 
 Registers used:
		wreg, fsr0l, fsr0h, status,2, status,0, pclath, cstack
 Tracked objects:
		On entry : 
		On exit  : 
		Unchanged: 
 Data sizes:     COMMON   BANK0   BANK1   BANK3   BANK2
      Params:         0       0       0       0       0
      Locals:         2       0       0       0       0
      Temps:          1       0       0       0       0
      Totals:         3       0       0       0       0
Total ram usage:        3 bytes
 Hardware stack levels used:    1
 Hardware stack levels required when called:    1
 This function calls:
		_uart_tx_char
 This function is called by:
		_main
 This function uses a non-reentrant model


 *************** function _uart_tx_char *****************
 Defined at:
		line 36 in file "./../../includes/uart.h"
 Parameters:    Size  Location     Type
  data            1    wreg     const unsigned char 
 Auto vars:     Size  Location     Type
  data            1    0[COMMON] const unsigned char 
 Return value:  Size  Location     Type
                  1    wreg      void 
 Registers used:
		wreg
 Tracked objects:
		On entry : 
		On exit  : 
		Unchanged: 
 Data sizes:     COMMON   BANK0   BANK1   BANK3   BANK2
      Params:         0       0       0       0       0
      Locals:         1       0       0       0       0
      Temps:          0       0       0       0       0
      Totals:         1       0       0       0       0
Total ram usage:        1 bytes
 Hardware stack levels used:    1
 This function calls:
		Nothing
 This function is called by:
		_uart_tx_str
 This function uses a non-reentrant model


 *************** function _uart_rx_str *****************
 Defined at:
		line 61 in file "./../../includes/uart.h"
 Parameters:    Size  Location     Type
  p_str           1    wreg     PTR unsigned char 
		 -> main@str(20), 
 Auto vars:     Size  Location     Type
  p_str           1    3[COMMON] PTR unsigned char 
		 -> main@str(20), 
  ch              1    5[COMMON] unsigned char 
  len             1    4[COMMON] unsigned char 
 Return value:  Size  Location     Type
                  1    wreg      void 
 Registers used:
		wreg, fsr0l, fsr0h, status,2, status,0, pclath, cstack
 Tracked objects:
		On entry : 
		On exit  : 
		Unchanged: 
 Data sizes:     COMMON   BANK0   BANK1   BANK3   BANK2
      Params:         0       0       0       0       0
      Locals:         3       0       0       0       0
      Temps:          2       0       0       0       0
      Totals:         5       0       0       0       0
Total ram usage:        5 bytes
 Hardware stack levels used:    1
 Hardware stack levels required when called:    1
 This function calls:
		_uart_rx_char
 This function is called by:
		_main
 This function uses a non-reentrant model


 *************** function _uart_rx_char *****************
 Defined at:
		line 42 in file "./../../includes/uart.h"
 Parameters:    Size  Location     Type
		None
 Auto vars:     Size  Location     Type
  framing_erro    1    0        unsigned char 
 Return value:  Size  Location     Type
                  1    wreg      unsigned char 
 Registers used:
		wreg
 Tracked objects:
		On entry : 
		On exit  : 
		Unchanged: 
 Data sizes:     COMMON   BANK0   BANK1   BANK3   BANK2
      Params:         0       0       0       0       0
      Locals:         1       0       0       0       0
      Temps:          0       0       0       0       0
      Totals:         1       0       0       0       0
Total ram usage:        1 bytes
 Hardware stack levels used:    1
 This function calls:
		Nothing
 This function is called by:
		_uart_rx_str
 This function uses a non-reentrant model


 *************** function _uart_init *****************
 Defined at:
		line 16 in file "./../../includes/uart.h"
 Parameters:    Size  Location     Type
		None
 Auto vars:     Size  Location     Type
		None
 Return value:  Size  Location     Type
                  1    wreg      void 
 Registers used:
		wreg
 Tracked objects:
		On entry : 
		On exit  : 
		Unchanged: 
 Data sizes:     COMMON   BANK0   BANK1   BANK3   BANK2
      Params:         0       0       0       0       0
      Locals:         0       0       0       0       0
      Temps:          0       0       0       0       0
      Totals:         0       0       0       0       0
Total ram usage:        0 bytes
 Hardware stack levels used:    1
 This function calls:
		Nothing
 This function is called by:
		_main
 This function uses a non-reentrant model



MODULE INFORMATION

Module		Function		Class		Link	Load	Size
./../../includes/uart.h
		_uart_tx_str   		CODE           	0773	0000	30
		_uart_tx_char  		CODE           	0738	0000	10
		_uart_init     		CODE           	0755	0000	30
		_uart_rx_str   		CODE           	07C0	0000	60
		_uart_rx_char  		CODE           	0742	0000	19

./../../includes/uart.h estimated size: 149

shared
		__initialization		CODE           	07FC	0000	1

shared estimated size: 1

main.c
		_main          		CODE           	0791	0000	47

main.c estimated size: 47

