MPLINK 5.09, LINKER
Linker Map File - Created Sun Nov 15 14:45:39 2020

                                 Section Info
                  Section       Type    Address   Location Size(Bytes)
                ---------  ---------  ---------  ---------  ---------
                   .org_0       code   0x000000    program   0x00003c
                   .cinit    romdata   0x00003c    program   0x000002
.config_300001_BUILD/DEFAULT/PRODUCTION/EX_5-32    romdata   0x300001    program   0x000001
.config_300003_BUILD/DEFAULT/PRODUCTION/EX_5-32    romdata   0x300003    program   0x000001
.config_300005_BUILD/DEFAULT/PRODUCTION/EX_5-32    romdata   0x300005    program   0x000001
.config_300006_BUILD/DEFAULT/PRODUCTION/EX_5-32    romdata   0x300006    program   0x000001



                              Program Memory Usage 
                               Start         End      
                           ---------   ---------      
                            0x000000    0x00003d      
                            0x300001    0x300001      
                            0x300003    0x300003      
                            0x300005    0x300006      
            66 out of 33048 program addresses used, program memory utilization is 0%



                              Symbols - Sorted by Name
                     Name    Address   Location    Storage File                     
                ---------  ---------  ---------  --------- ---------                
                    DELAY   0x000026    program     static C:\Users\marco\Project Files\MPLABXProjects\assembly\ex_5-32.X\ex_5-32.asm
                     HERE   0x00002e    program     static C:\Users\marco\Project Files\MPLABXProjects\assembly\ex_5-32.X\ex_5-32.asm
                      RET   0x00002a    program     static C:\Users\marco\Project Files\MPLABXProjects\assembly\ex_5-32.X\ex_5-32.asm
             _.org_0_0022   0x000022    program     static C:\Users\marco\Project Files\MPLABXProjects\assembly\ex_5-32.X\ex_5-32.asm
                     main   0x000004    program     static C:\Users\marco\Project Files\MPLABXProjects\assembly\ex_5-32.X\ex_5-32.asm



                              Symbols - Sorted by Address
                     Name    Address   Location    Storage File                     
                ---------  ---------  ---------  --------- ---------                
                     main   0x000004    program     static C:\Users\marco\Project Files\MPLABXProjects\assembly\ex_5-32.X\ex_5-32.asm
             _.org_0_0022   0x000022    program     static C:\Users\marco\Project Files\MPLABXProjects\assembly\ex_5-32.X\ex_5-32.asm
                    DELAY   0x000026    program     static C:\Users\marco\Project Files\MPLABXProjects\assembly\ex_5-32.X\ex_5-32.asm
                      RET   0x00002a    program     static C:\Users\marco\Project Files\MPLABXProjects\assembly\ex_5-32.X\ex_5-32.asm
                     HERE   0x00002e    program     static C:\Users\marco\Project Files\MPLABXProjects\assembly\ex_5-32.X\ex_5-32.asm


