MPLINK 5.09, LINKER
Linker Map File - Created Sat Oct 17 17:01:24 2020

                                 Section Info
                  Section       Type    Address   Location Size(Bytes)
                ---------  ---------  ---------  ---------  ---------
                   .org_0       code   0x000000    program   0x000032
                   .cinit    romdata   0x000032    program   0x000002
.config_300001_BUILD/DEFAULT/DEBUG/EX_3-8.O    romdata   0x300001    program   0x000001
.config_300003_BUILD/DEFAULT/DEBUG/EX_3-8.O    romdata   0x300003    program   0x000001
.config_300005_BUILD/DEFAULT/DEBUG/EX_3-8.O    romdata   0x300005    program   0x000001
.config_300006_BUILD/DEFAULT/DEBUG/EX_3-8.O    romdata   0x300006    program   0x000001



                              Program Memory Usage 
                               Start         End      
                           ---------   ---------      
                            0x000000    0x000033      
                            0x300001    0x300001      
                            0x300003    0x300003      
                            0x300005    0x300006      
            56 out of 33048 program addresses used, program memory utilization is 0%



                              Symbols - Sorted by Name
                     Name    Address   Location    Storage File                     
                ---------  ---------  ---------  --------- ---------                
                    AGAIN   0x00000e    program     static C:\Users\Marco\MPLABXProjects\assembly\ex_3-8.X\ex_3-8.asm
                    DELAY   0x00001c    program     static C:\Users\Marco\MPLABXProjects\assembly\ex_3-8.X\ex_3-8.asm
                     HERE   0x000024    program     static C:\Users\Marco\MPLABXProjects\assembly\ex_3-8.X\ex_3-8.asm
                      RET   0x000020    program     static C:\Users\Marco\MPLABXProjects\assembly\ex_3-8.X\ex_3-8.asm
             _.org_0_0018   0x000018    program     static C:\Users\Marco\MPLABXProjects\assembly\ex_3-8.X\ex_3-8.asm
                     main   0x000004    program     static C:\Users\Marco\MPLABXProjects\assembly\ex_3-8.X\ex_3-8.asm



                              Symbols - Sorted by Address
                     Name    Address   Location    Storage File                     
                ---------  ---------  ---------  --------- ---------                
                     main   0x000004    program     static C:\Users\Marco\MPLABXProjects\assembly\ex_3-8.X\ex_3-8.asm
                    AGAIN   0x00000e    program     static C:\Users\Marco\MPLABXProjects\assembly\ex_3-8.X\ex_3-8.asm
             _.org_0_0018   0x000018    program     static C:\Users\Marco\MPLABXProjects\assembly\ex_3-8.X\ex_3-8.asm
                    DELAY   0x00001c    program     static C:\Users\Marco\MPLABXProjects\assembly\ex_3-8.X\ex_3-8.asm
                      RET   0x000020    program     static C:\Users\Marco\MPLABXProjects\assembly\ex_3-8.X\ex_3-8.asm
                     HERE   0x000024    program     static C:\Users\Marco\MPLABXProjects\assembly\ex_3-8.X\ex_3-8.asm


