MPLINK 5.09, LINKER
Linker Map File - Created Sun Nov 15 13:56:15 2020

                                 Section Info
                  Section       Type    Address   Location Size(Bytes)
                ---------  ---------  ---------  ---------  ---------
                   .org_0       code   0x000000    program   0x000022
                   .cinit    romdata   0x000022    program   0x000002
.config_300001_BUILD/DEFAULT/PRODUCTION/EX_5-29    romdata   0x300001    program   0x000001
.config_300003_BUILD/DEFAULT/PRODUCTION/EX_5-29    romdata   0x300003    program   0x000001
.config_300005_BUILD/DEFAULT/PRODUCTION/EX_5-29    romdata   0x300005    program   0x000001
.config_300006_BUILD/DEFAULT/PRODUCTION/EX_5-29    romdata   0x300006    program   0x000001



                              Program Memory Usage 
                               Start         End      
                           ---------   ---------      
                            0x000000    0x000023      
                            0x300001    0x300001      
                            0x300003    0x300003      
                            0x300005    0x300006      
            40 out of 33048 program addresses used, program memory utilization is 0%



                              Symbols - Sorted by Name
                     Name    Address   Location    Storage File                     
                ---------  ---------  ---------  --------- ---------                
                    AGAIN   0x00000e    program     static C:\Users\marco\Project Files\MPLABXProjects\assembly\ex_5-29.X\ex_5-29.asm
                     main   0x000004    program     static C:\Users\marco\Project Files\MPLABXProjects\assembly\ex_5-29.X\ex_5-29.asm



                              Symbols - Sorted by Address
                     Name    Address   Location    Storage File                     
                ---------  ---------  ---------  --------- ---------                
                     main   0x000004    program     static C:\Users\marco\Project Files\MPLABXProjects\assembly\ex_5-29.X\ex_5-29.asm
                    AGAIN   0x00000e    program     static C:\Users\marco\Project Files\MPLABXProjects\assembly\ex_5-29.X\ex_5-29.asm


