MPLINK 5.09, LINKER
Linker Map File - Created Sat Nov 14 16:28:00 2020

                                 Section Info
                  Section       Type    Address   Location Size(Bytes)
                ---------  ---------  ---------  ---------  ---------
                   .org_0       code   0x000000    program   0x0000a4
                   .cinit    romdata   0x0000a4    program   0x000002
.config_300001_BUILD/DEFAULT/PRODUCTION/EX_5-2.    romdata   0x300001    program   0x000001
.config_300003_BUILD/DEFAULT/PRODUCTION/EX_5-2.    romdata   0x300003    program   0x000001
.config_300005_BUILD/DEFAULT/PRODUCTION/EX_5-2.    romdata   0x300005    program   0x000001
.config_300006_BUILD/DEFAULT/PRODUCTION/EX_5-2.    romdata   0x300006    program   0x000001



                              Program Memory Usage 
                               Start         End      
                           ---------   ---------      
                            0x000000    0x0000a5      
                            0x300001    0x300001      
                            0x300003    0x300003      
                            0x300005    0x300006      
            170 out of 33048 program addresses used, program memory utilization is 0%



                              Symbols - Sorted by Name
                     Name    Address   Location    Storage File                     
                ---------  ---------  ---------  --------- ---------                
                    DELAY   0x000086    program     static C:\Users\marco\Project Files\MPLABXProjects\assembly\ex_5-2.X\ex_5-2.asm
                     HERE   0x00008e    program     static C:\Users\marco\Project Files\MPLABXProjects\assembly\ex_5-2.X\ex_5-2.asm
                      N_1   0x000026    program     static C:\Users\marco\Project Files\MPLABXProjects\assembly\ex_5-2.X\ex_5-2.asm
                      N_2   0x00003e    program     static C:\Users\marco\Project Files\MPLABXProjects\assembly\ex_5-2.X\ex_5-2.asm
                      N_3   0x000056    program     static C:\Users\marco\Project Files\MPLABXProjects\assembly\ex_5-2.X\ex_5-2.asm
                      N_4   0x00006e    program     static C:\Users\marco\Project Files\MPLABXProjects\assembly\ex_5-2.X\ex_5-2.asm
                      RET   0x00008a    program     static C:\Users\marco\Project Files\MPLABXProjects\assembly\ex_5-2.X\ex_5-2.asm
                   UPDATE   0x00009c    program     static C:\Users\marco\Project Files\MPLABXProjects\assembly\ex_5-2.X\ex_5-2.asm
             _.org_0_0082   0x000082    program     static C:\Users\marco\Project Files\MPLABXProjects\assembly\ex_5-2.X\ex_5-2.asm
                     main   0x000004    program     static C:\Users\marco\Project Files\MPLABXProjects\assembly\ex_5-2.X\ex_5-2.asm



                              Symbols - Sorted by Address
                     Name    Address   Location    Storage File                     
                ---------  ---------  ---------  --------- ---------                
                     main   0x000004    program     static C:\Users\marco\Project Files\MPLABXProjects\assembly\ex_5-2.X\ex_5-2.asm
                      N_1   0x000026    program     static C:\Users\marco\Project Files\MPLABXProjects\assembly\ex_5-2.X\ex_5-2.asm
                      N_2   0x00003e    program     static C:\Users\marco\Project Files\MPLABXProjects\assembly\ex_5-2.X\ex_5-2.asm
                      N_3   0x000056    program     static C:\Users\marco\Project Files\MPLABXProjects\assembly\ex_5-2.X\ex_5-2.asm
                      N_4   0x00006e    program     static C:\Users\marco\Project Files\MPLABXProjects\assembly\ex_5-2.X\ex_5-2.asm
             _.org_0_0082   0x000082    program     static C:\Users\marco\Project Files\MPLABXProjects\assembly\ex_5-2.X\ex_5-2.asm
                    DELAY   0x000086    program     static C:\Users\marco\Project Files\MPLABXProjects\assembly\ex_5-2.X\ex_5-2.asm
                      RET   0x00008a    program     static C:\Users\marco\Project Files\MPLABXProjects\assembly\ex_5-2.X\ex_5-2.asm
                     HERE   0x00008e    program     static C:\Users\marco\Project Files\MPLABXProjects\assembly\ex_5-2.X\ex_5-2.asm
                   UPDATE   0x00009c    program     static C:\Users\marco\Project Files\MPLABXProjects\assembly\ex_5-2.X\ex_5-2.asm


