MPLINK 5.09, LINKER
Linker Map File - Created Sat Oct 24 12:09:00 2020

                                 Section Info
                  Section       Type    Address   Location Size(Bytes)
                ---------  ---------  ---------  ---------  ---------
                   .org_0       code   0x000000    program   0x00005e
                   .cinit    romdata   0x00005e    program   0x000002
.config_300001_BUILD/DEFAULT/PRODUCTION/EX_4-2.    romdata   0x300001    program   0x000001
.config_300003_BUILD/DEFAULT/PRODUCTION/EX_4-2.    romdata   0x300003    program   0x000001
.config_300005_BUILD/DEFAULT/PRODUCTION/EX_4-2.    romdata   0x300005    program   0x000001
.config_300006_BUILD/DEFAULT/PRODUCTION/EX_4-2.    romdata   0x300006    program   0x000001



                              Program Memory Usage 
                               Start         End      
                           ---------   ---------      
                            0x000000    0x00005f      
                            0x300001    0x300001      
                            0x300003    0x300003      
                            0x300005    0x300006      
            100 out of 33048 program addresses used, program memory utilization is 0%



                              Symbols - Sorted by Name
                     Name    Address   Location    Storage File                     
                ---------  ---------  ---------  --------- ---------                
                    AGAIN   0x000048    program     static C:\Users\Marco\Project Files\MPLABXProjects\assembly\ex_4-2.X\ex_4-2.asm
                     BACK   0x000044    program     static C:\Users\Marco\Project Files\MPLABXProjects\assembly\ex_4-2.X\ex_4-2.asm
                    DELAY   0x000040    program     static C:\Users\Marco\Project Files\MPLABXProjects\assembly\ex_4-2.X\ex_4-2.asm
                     HERE   0x00004c    program     static C:\Users\Marco\Project Files\MPLABXProjects\assembly\ex_4-2.X\ex_4-2.asm
                     main   0x000004    program     static C:\Users\Marco\Project Files\MPLABXProjects\assembly\ex_4-2.X\ex_4-2.asm



                              Symbols - Sorted by Address
                     Name    Address   Location    Storage File                     
                ---------  ---------  ---------  --------- ---------                
                     main   0x000004    program     static C:\Users\Marco\Project Files\MPLABXProjects\assembly\ex_4-2.X\ex_4-2.asm
                    DELAY   0x000040    program     static C:\Users\Marco\Project Files\MPLABXProjects\assembly\ex_4-2.X\ex_4-2.asm
                     BACK   0x000044    program     static C:\Users\Marco\Project Files\MPLABXProjects\assembly\ex_4-2.X\ex_4-2.asm
                    AGAIN   0x000048    program     static C:\Users\Marco\Project Files\MPLABXProjects\assembly\ex_4-2.X\ex_4-2.asm
                     HERE   0x00004c    program     static C:\Users\Marco\Project Files\MPLABXProjects\assembly\ex_4-2.X\ex_4-2.asm


