MPLINK 5.09, LINKER
Linker Map File - Created Sun Nov 15 12:19:23 2020

                                 Section Info
                  Section       Type    Address   Location Size(Bytes)
                ---------  ---------  ---------  ---------  ---------
                   .org_0       code   0x000000    program   0x000064
                   .cinit    romdata   0x000064    program   0x000002
.config_300001_BUILD/DEFAULT/PRODUCTION/EX_5-6.    romdata   0x300001    program   0x000001
.config_300003_BUILD/DEFAULT/PRODUCTION/EX_5-6.    romdata   0x300003    program   0x000001
.config_300005_BUILD/DEFAULT/PRODUCTION/EX_5-6.    romdata   0x300005    program   0x000001
.config_300006_BUILD/DEFAULT/PRODUCTION/EX_5-6.    romdata   0x300006    program   0x000001



                              Program Memory Usage 
                               Start         End      
                           ---------   ---------      
                            0x000000    0x000065      
                            0x300001    0x300001      
                            0x300003    0x300003      
                            0x300005    0x300006      
            106 out of 33048 program addresses used, program memory utilization is 0%



                              Symbols - Sorted by Name
                     Name    Address   Location    Storage File                     
                ---------  ---------  ---------  --------- ---------                
                    DELAY   0x00004e    program     static C:\Users\marco\Project Files\MPLABXProjects\assembly\ex_5-6.X\ex_5-6.asm
                     HERE   0x000056    program     static C:\Users\marco\Project Files\MPLABXProjects\assembly\ex_5-6.X\ex_5-6.asm
                     NEXT   0x000042    program     static C:\Users\marco\Project Files\MPLABXProjects\assembly\ex_5-6.X\ex_5-6.asm
                      RET   0x000052    program     static C:\Users\marco\Project Files\MPLABXProjects\assembly\ex_5-6.X\ex_5-6.asm
             _.org_0_003E   0x00003e    program     static C:\Users\marco\Project Files\MPLABXProjects\assembly\ex_5-6.X\ex_5-6.asm
             _.org_0_004A   0x00004a    program     static C:\Users\marco\Project Files\MPLABXProjects\assembly\ex_5-6.X\ex_5-6.asm
                     main   0x000004    program     static C:\Users\marco\Project Files\MPLABXProjects\assembly\ex_5-6.X\ex_5-6.asm



                              Symbols - Sorted by Address
                     Name    Address   Location    Storage File                     
                ---------  ---------  ---------  --------- ---------                
                     main   0x000004    program     static C:\Users\marco\Project Files\MPLABXProjects\assembly\ex_5-6.X\ex_5-6.asm
             _.org_0_003E   0x00003e    program     static C:\Users\marco\Project Files\MPLABXProjects\assembly\ex_5-6.X\ex_5-6.asm
                     NEXT   0x000042    program     static C:\Users\marco\Project Files\MPLABXProjects\assembly\ex_5-6.X\ex_5-6.asm
             _.org_0_004A   0x00004a    program     static C:\Users\marco\Project Files\MPLABXProjects\assembly\ex_5-6.X\ex_5-6.asm
                    DELAY   0x00004e    program     static C:\Users\marco\Project Files\MPLABXProjects\assembly\ex_5-6.X\ex_5-6.asm
                      RET   0x000052    program     static C:\Users\marco\Project Files\MPLABXProjects\assembly\ex_5-6.X\ex_5-6.asm
                     HERE   0x000056    program     static C:\Users\marco\Project Files\MPLABXProjects\assembly\ex_5-6.X\ex_5-6.asm


