MPLINK 5.09, LINKER
Linker Map File - Created Sat Oct 24 16:17:24 2020

                                 Section Info
                  Section       Type    Address   Location Size(Bytes)
                ---------  ---------  ---------  ---------  ---------
                   .org_0       code   0x000000    program   0x00001a
                   .cinit    romdata   0x00001a    program   0x000002
.config_300001_BUILD/DEFAULT/PRODUCTION/EX_4-8.    romdata   0x300001    program   0x000001
.config_300003_BUILD/DEFAULT/PRODUCTION/EX_4-8.    romdata   0x300003    program   0x000001
.config_300005_BUILD/DEFAULT/PRODUCTION/EX_4-8.    romdata   0x300005    program   0x000001
.config_300006_BUILD/DEFAULT/PRODUCTION/EX_4-8.    romdata   0x300006    program   0x000001



                              Program Memory Usage 
                               Start         End      
                           ---------   ---------      
                            0x000000    0x00001b      
                            0x300001    0x300001      
                            0x300003    0x300003      
                            0x300005    0x300006      
            32 out of 33048 program addresses used, program memory utilization is 0%



                              Symbols - Sorted by Name
                     Name    Address   Location    Storage File                     
                ---------  ---------  ---------  --------- ---------                
                    AGAIN   0x000008    program     static C:\Users\Marco\Project Files\MPLABXProjects\assembly\ex_4-8.X\ex_4-8.asm
                     OVER   0x000014    program     static C:\Users\Marco\Project Files\MPLABXProjects\assembly\ex_4-8.X\ex_4-8.asm
                     main   0x000004    program     static C:\Users\Marco\Project Files\MPLABXProjects\assembly\ex_4-8.X\ex_4-8.asm



                              Symbols - Sorted by Address
                     Name    Address   Location    Storage File                     
                ---------  ---------  ---------  --------- ---------                
                     main   0x000004    program     static C:\Users\Marco\Project Files\MPLABXProjects\assembly\ex_4-8.X\ex_4-8.asm
                    AGAIN   0x000008    program     static C:\Users\Marco\Project Files\MPLABXProjects\assembly\ex_4-8.X\ex_4-8.asm
                     OVER   0x000014    program     static C:\Users\Marco\Project Files\MPLABXProjects\assembly\ex_4-8.X\ex_4-8.asm


