MPLINK 5.09, LINKER
Linker Map File - Created Sun Nov 15 14:32:31 2020

                                 Section Info
                  Section       Type    Address   Location Size(Bytes)
                ---------  ---------  ---------  ---------  ---------
                   .org_0       code   0x000000    program   0x00004a
                   .cinit    romdata   0x00004a    program   0x000002
.config_300001_BUILD/DEFAULT/PRODUCTION/EX_5-30    romdata   0x300001    program   0x000001
.config_300003_BUILD/DEFAULT/PRODUCTION/EX_5-30    romdata   0x300003    program   0x000001
.config_300005_BUILD/DEFAULT/PRODUCTION/EX_5-30    romdata   0x300005    program   0x000001
.config_300006_BUILD/DEFAULT/PRODUCTION/EX_5-30    romdata   0x300006    program   0x000001



                              Program Memory Usage 
                               Start         End      
                           ---------   ---------      
                            0x000000    0x00004b      
                            0x300001    0x300001      
                            0x300003    0x300003      
                            0x300005    0x300006      
            80 out of 33048 program addresses used, program memory utilization is 0%



                              Symbols - Sorted by Name
                     Name    Address   Location    Storage File                     
                ---------  ---------  ---------  --------- ---------                
                    AGAIN   0x00001a    program     static C:\Users\marco\Project Files\MPLABXProjects\assembly\ex_5-30.X\ex_5-30.asm
                    DELAY   0x000034    program     static C:\Users\marco\Project Files\MPLABXProjects\assembly\ex_5-30.X\ex_5-30.asm
                     HERE   0x00003c    program     static C:\Users\marco\Project Files\MPLABXProjects\assembly\ex_5-30.X\ex_5-30.asm
                     NEXT   0x00002c    program     static C:\Users\marco\Project Files\MPLABXProjects\assembly\ex_5-30.X\ex_5-30.asm
                      RET   0x000038    program     static C:\Users\marco\Project Files\MPLABXProjects\assembly\ex_5-30.X\ex_5-30.asm
             _.org_0_0030   0x000030    program     static C:\Users\marco\Project Files\MPLABXProjects\assembly\ex_5-30.X\ex_5-30.asm
                     main   0x000004    program     static C:\Users\marco\Project Files\MPLABXProjects\assembly\ex_5-30.X\ex_5-30.asm



                              Symbols - Sorted by Address
                     Name    Address   Location    Storage File                     
                ---------  ---------  ---------  --------- ---------                
                     main   0x000004    program     static C:\Users\marco\Project Files\MPLABXProjects\assembly\ex_5-30.X\ex_5-30.asm
                    AGAIN   0x00001a    program     static C:\Users\marco\Project Files\MPLABXProjects\assembly\ex_5-30.X\ex_5-30.asm
                     NEXT   0x00002c    program     static C:\Users\marco\Project Files\MPLABXProjects\assembly\ex_5-30.X\ex_5-30.asm
             _.org_0_0030   0x000030    program     static C:\Users\marco\Project Files\MPLABXProjects\assembly\ex_5-30.X\ex_5-30.asm
                    DELAY   0x000034    program     static C:\Users\marco\Project Files\MPLABXProjects\assembly\ex_5-30.X\ex_5-30.asm
                      RET   0x000038    program     static C:\Users\marco\Project Files\MPLABXProjects\assembly\ex_5-30.X\ex_5-30.asm
                     HERE   0x00003c    program     static C:\Users\marco\Project Files\MPLABXProjects\assembly\ex_5-30.X\ex_5-30.asm


