Microchip MPLAB XC8 Compiler V2.31

Linker command line:

-W-3 --edf=C:\Program Files\Microchip\xc8\v2.31\pic\dat\en_msgs.txt -cn \
  -h+dist/default/production\lcd-i2c.X.production.sym \
  --cmf=dist/default/production\lcd-i2c.X.production.cmf -z -Q16F877A \
  -oC:\Users\rlmarco\AppData\Local\Temp\s9ok.2 --defsym=__MPLAB_BUILD=1 \
  -Mdist/default/production/lcd-i2c.X.production.map -E1 -ver=XC8 Compiler \
  --acfsm=1493 -ASTACK=0110h-016Fh -pstack=STACK -ACODE=00h-07FFhx4 \
  -ASTRCODE=00h-01FFFh -ASTRING=00h-0FFhx32 -ACONST=00h-0FFhx32 \
  -AENTRY=00h-0FFhx32 -ACOMMON=070h-07Fh -ABANK0=020h-06Fh \
  -ABANK1=0A0h-0EFh -ABANK2=0110h-016Fh -ABANK3=0190h-01EFh \
  -ARAM=020h-06Fh,0A0h-0EFh,0110h-016Fh,0190h-01EFh \
  -AABS1=020h-07Fh,0A0h-0EFh,0110h-016Fh,0190h-01EFh -ASFR0=00h-01Fh \
  -ASFR1=080h-09Fh -ASFR2=0100h-010Fh -ASFR3=0180h-018Fh \
  -ACONFIG=02007h-02007h -DCONFIG=2 -AIDLOC=02000h-02003h -DIDLOC=2 \
  -AEEDATA=00h-0FFh/02100h -peeprom_data=EEDATA -DEEDATA=2 -DCODE=2 \
  -DSTRCODE=2 -DSTRING=2 -DCONST=2 -DENTRY=2 \
  -preset_vec=00h,intentry,init,end_init -ppowerup=CODE -pcinit=CODE \
  -pfunctab=ENTRY -k C:\Users\rlmarco\AppData\Local\Temp\s9ok.o \
  dist/default/production\lcd-i2c.X.production.o 

Object code version is 3.11

Machine type is 16F877A



                Name                               Link     Load   Length Selector   Space Scale
C:\Users\rlmarco\AppData\Local\Temp\s9ok.o
                end_init                              0        0        3        0       0
                config                             2007     2007        1        0       4
dist/default/production\lcd-i2c.X.production.o
                cinit                               7F4      7F4        C      FE8       0
                config                             2007     2007        1        0       4
                text18                              3F8      3F8        D      7F0       0
                text17                              412      412       10      824       0
                text16                              422      422       10      844       0
                text15                              4DA      4DA       27      9B4       0
                text14                              495      495       20      92A       0
                text13                              3D6      3D6        A      7AC       0
                text12                              405      405        D      80A       0
                text11                              442      442       1A      884       0
                text10                              45C      45C       1C      8B8       0
                text9                               432      432       10      864       0
                text8                               501      501       36      A02       0
                text7                               57A      57A       66      AF4       0
                text6                               537      537       43      A6E       0
                text5                               5E0      5E0       CD      BC0       0
                text4                               3E0      3E0        C      7C0       0
                text3                               3EC      3EC        C      7D8       0
                text2                               478      478       1D      8F0       0
                text1                               4B5      4B5       25      96A       0
                maintext                            6AD      6AD      147      D5A       0
                cstackBANK0                          20       20        E       20       1
                cstackCOMMON                         70       70        E       70       1
                dataBANK0                            30       30        1       20       1
                bssBANK0                             2E       2E        2       20       1
                strings                               3        3       3D        6       0
                idataBANK0                          3D5      3D5        1      7AA       0

TOTAL           Name                               Link     Load   Length     Space
        CLASS   STACK          

        CLASS   CODE           
                end_init                              0        0        3         0
                cinit                               7F4      7F4        C         0
                text18                              3F8      3F8        D         0
                text17                              412      412       10         0
                text16                              422      422       10         0
                text15                              4DA      4DA       27         0
                text14                              495      495       20         0
                text13                              3D6      3D6        A         0
                text12                              405      405        D         0
                text11                              442      442       1A         0
                text10                              45C      45C       1C         0
                text9                               432      432       10         0
                text8                               501      501       36         0
                text7                               57A      57A       66         0
                text6                               537      537       43         0
                text5                               5E0      5E0       CD         0
                text4                               3E0      3E0        C         0
                text3                               3EC      3EC        C         0
                text2                               478      478       1D         0
                text1                               4B5      4B5       25         0
                maintext                            6AD      6AD      147         0
                idataBANK0                          3D5      3D5        1         0

        CLASS   STRCODE        

        CLASS   STRING         
                strings                               3        3       3D         0

        CLASS   CONST          

        CLASS   ENTRY          

        CLASS   COMMON         
                cstackCOMMON                         70       70        E         1

        CLASS   BANK0          
                cstackBANK0                          20       20        E         1
                dataBANK0                            30       30        1         1
                bssBANK0                             2E       2E        2         1

        CLASS   BANK1          

        CLASS   BANK2          

        CLASS   BANK3          

        CLASS   RAM            

        CLASS   ABS1           
                abs_s1                               7E       7E        2         1

        CLASS   SFR0           

        CLASS   SFR1           

        CLASS   SFR2           

        CLASS   SFR3           

        CLASS   CONFIG         
                config                             2007     2007        1         4

        CLASS   IDLOC          

        CLASS   EEDATA         



SEGMENTS        Name                           Load    Length   Top    Selector   Space  Class     Delta

                reset_vec                      000000  000003  000003         0       0  CODE        2
                strings                        000003  00003D  000040         6       0  STRING      2
                cstackBANK0                    000020  000011  000031        20       1  BANK0       1
                cstackCOMMON                   000070  00000E  00007E        70       1  COMMON      1
                idataBANK0                     0003D5  000001  0003D6       7AA       0  CODE        2
                text13                         0003D6  00000A  0003E0       7AC       0  CODE        2
                text4                          0003E0  00000C  0003EC       7C0       0  CODE        2
                text3                          0003EC  00000C  0003F8       7D8       0  CODE        2
                text18                         0003F8  00000D  000405       7F0       0  CODE        2
                text12                         000405  00000D  000412       80A       0  CODE        2
                text17                         000412  000010  000422       824       0  CODE        2
                text16                         000422  000010  000432       844       0  CODE        2
                text9                          000432  000010  000442       864       0  CODE        2
                text11                         000442  00001A  00045C       884       0  CODE        2
                text10                         00045C  00001C  000478       8B8       0  CODE        2
                text2                          000478  00001D  000495       8F0       0  CODE        2
                text14                         000495  000020  0004B5       92A       0  CODE        2
                text1                          0004B5  000025  0004DA       96A       0  CODE        2
                text15                         0004DA  000027  000501       9B4       0  CODE        2
                text8                          000501  000036  000537       A02       0  CODE        2
                text6                          000537  000043  00057A       A6E       0  CODE        2
                text7                          00057A  000066  0005E0       AF4       0  CODE        2
                text5                          0005E0  0000CD  0006AD       BC0       0  CODE        2
                maintext                       0006AD  000147  0007F4       D5A       0  CODE        2
                cinit                          0007F4  00000C  000800       FE8       0  CODE        2


UNUSED ADDRESS RANGES

        Name                Unused          Largest block    Delta
        BANK0            0031-006F             3F           1
        BANK1            00A0-00EF             50           1
        BANK2            0110-016F             60           1
        BANK3            0190-01EF             60           1
        CODE             0040-03D4            395           2
                         0800-1FFF            800
        CONST            0040-03D4            100           2
                         0800-1FFF            100
        EEDATA           2100-21FF            100           2
        ENTRY            0040-03D4            100           2
                         0800-1FFF            100
        IDLOC            2000-2003              4           2
        RAM              0031-006F             3F           1
                         00A0-00EF             50
                         0110-016F             60
                         0190-01EF             60
        SFR0             0000-001F             20           1
        SFR1             0080-009F             20           1
        SFR2             0100-010F             10           1
        SFR3             0180-018F             10           1
        STACK            0110-016F             60           1
        STRCODE          0040-03D4            395           2
                         0800-1FFF           1800
        STRING           0040-03D4            100           2
                         0800-1FFF            100

                                  Symbol Table

?___lldiv                    cstackCOMMON 0070
_BackLight_State             dataBANK0    0030
_PIR1bits                    (abs)        000C
_RS                          bssBANK0     002F
_SSPADD                      (abs)        0093
_SSPBUF                      (abs)        0013
_SSPCON                      (abs)        0014
_SSPCON2                     (abs)        0091
_SSPCON2bits                 (abs)        0091
_SSPCONbits                  (abs)        0014
_SSPSTAT                     (abs)        0094
_SSPSTATbits                 (abs)        0094
_TRISC                       (abs)        0087
__Habs1                      abs1         0000
__Hbank0                     bank0        0000
__Hbank1                     bank1        0000
__Hbank2                     bank2        0000
__Hbank3                     bank3        0000
__HbssBANK0                  bssBANK0     0000
__Hcinit                     cinit        0800
__Hclrtext                   clrtext      0000
__Hcode                      code         0000
__Hcommon                    common       0000
__Hconfig                    config       2008
__HcstackBANK0               cstackBANK0  0000
__HcstackCOMMON              cstackCOMMON 0000
__HdataBANK0                 dataBANK0    0000
__Heeprom_data               eeprom_data  0000
__Hend_init                  end_init     0003
__Hfunctab                   functab      0000
__HidataBANK0                idataBANK0   0000
__Hinit                      init         0000
__Hintentry                  intentry     0000
__Hmaintext                  maintext     0000
__Hpowerup                   powerup      0000
__Hram                       ram          0000
__Hreset_vec                 reset_vec    0000
__Hsfr0                      sfr0         0000
__Hsfr1                      sfr1         0000
__Hsfr2                      sfr2         0000
__Hsfr3                      sfr3         0000
__Hspace_0                   (abs)        0800
__Hspace_1                   (abs)        007E
__Hspace_2                   (abs)        0000
__Hspace_3                   (abs)        0000
__Hspace_4                   (abs)        400F
__Hstack                     stack        0000
__Hstrings                   strings      0000
__Htext                      text         0000
__Labs1                      abs1         0000
__Lbank0                     bank0        0000
__Lbank1                     bank1        0000
__Lbank2                     bank2        0000
__Lbank3                     bank3        0000
__LbssBANK0                  bssBANK0     0000
__Lcinit                     cinit        07F4
__Lclrtext                   clrtext      0000
__Lcode                      code         0000
__Lcommon                    common       0000
__Lconfig                    config       0000
__LcstackBANK0               cstackBANK0  0000
__LcstackCOMMON              cstackCOMMON 0000
__LdataBANK0                 dataBANK0    0000
__Leeprom_data               eeprom_data  0000
__Lend_init                  end_init     0000
__Lfunctab                   functab      0000
__LidataBANK0                idataBANK0   0000
__Linit                      init         0000
__Lintentry                  intentry     0000
__Lmaintext                  maintext     0000
__Lpowerup                   powerup      0000
__Lram                       ram          0000
__Lreset_vec                 reset_vec    0000
__Lsfr0                      sfr0         0000
__Lsfr1                      sfr1         0000
__Lsfr2                      sfr2         0000
__Lsfr3                      sfr3         0000
__Lspace_0                   (abs)        0000
__Lspace_1                   (abs)        0000
__Lspace_2                   (abs)        0000
__Lspace_3                   (abs)        0000
__Lspace_4                   (abs)        0000
__Lstack                     stack        0000
__Lstrings                   strings      0000
__Ltext                      text         0000
__S0                         (abs)        0800
__S1                         (abs)        007E
__S2                         (abs)        0000
__S3                         (abs)        0000
___int_sp                    stack        0000
___latbits                   (abs)        0002
___lldiv                     text7        057A
___lldiv@counter             cstackCOMMON 007D
___lldiv@dividend            cstackCOMMON 0074
___lldiv@divisor             cstackCOMMON 0070
___lldiv@quotient            cstackCOMMON 0079
___sp                        stack        0000
___stackhi                   (abs)        0000
___stacklo                   (abs)        0000
__end_of___lldiv             text7        05E0
__end_of__initialization     cinit        07FC
__end_of__stringtab          strings      0009
__end_of_i2c_is_idle         text18       0405
__end_of_i2c_master_init     text6        057A
__end_of_i2c_slave           text14       04B5
__end_of_i2c_start           text17       0422
__end_of_i2c_stop            text16       0432
__end_of_i2c_write           text15       0501
__end_of_lcd_back_light_off  text13       03E0
__end_of_lcd_back_light_on   text12       0412
__end_of_lcd_clear           text9        0442
__end_of_lcd_cmd             text10       0478
__end_of_lcd_data            text11       045C
__end_of_lcd_goto_xy         text8        0537
__end_of_lcd_init            text5        06AD
__end_of_lcd_shift_left      text4        03EC
__end_of_lcd_shift_right     text3        03F8
__end_of_lcd_write_char      text2        0495
__end_of_lcd_write_string    text1        04DA
__end_of_main                maintext     07F4
__initialization             cinit        07F4
__pbssBANK0                  bssBANK0     002E
__pcstackBANK0               cstackBANK0  0020
__pcstackCOMMON              cstackCOMMON 0070
__pdataBANK0                 dataBANK0    0030
__pidataBANK0                idataBANK0   03D5
__pmaintext                  maintext     06AD
__pstrings                   strings      0003
__ptext1                     text1        04B5
__ptext10                    text10       045C
__ptext11                    text11       0442
__ptext12                    text12       0405
__ptext13                    text13       03D6
__ptext14                    text14       0495
__ptext15                    text15       04DA
__ptext16                    text16       0422
__ptext17                    text17       0412
__ptext18                    text18       03F8
__ptext2                     text2        0478
__ptext3                     text3        03EC
__ptext4                     text4        03E0
__ptext5                     text5        05E0
__ptext6                     text6        0537
__ptext7                     text7        057A
__ptext8                     text8        0501
__ptext9                     text9        0432
__size_of___lldiv            (abs)        0000
__size_of_i2c_is_idle        (abs)        0000
__size_of_i2c_master_init    (abs)        0000
__size_of_i2c_slave          (abs)        0000
__size_of_i2c_start          (abs)        0000
__size_of_i2c_stop           (abs)        0000
__size_of_i2c_write          (abs)        0000
__size_of_lcd_back_light_off (abs)        0000
__size_of_lcd_back_light_on  (abs)        0000
__size_of_lcd_clear          (abs)        0000
__size_of_lcd_cmd            (abs)        0000
__size_of_lcd_data           (abs)        0000
__size_of_lcd_goto_xy        (abs)        0000
__size_of_lcd_init           (abs)        0000
__size_of_lcd_shift_left     (abs)        0000
__size_of_lcd_shift_right    (abs)        0000
__size_of_lcd_write_char     (abs)        0000
__size_of_lcd_write_string   (abs)        0000
__size_of_main               (abs)        0000
__stringbase                 strings      0008
__stringtab                  strings      0003
_i2c_is_idle                 text18       03F8
_i2c_master_init             text6        0537
_i2c_slave                   text14       0495
_i2c_start                   text17       0412
_i2c_stop                    text16       0422
_i2c_write                   text15       04DA
_lcd_back_light_off          text13       03D6
_lcd_back_light_on           text12       0405
_lcd_clear                   text9        0432
_lcd_cmd                     text10       045C
_lcd_data                    text11       0442
_lcd_goto_xy                 text8        0501
_lcd_init                    text5        05E0
_lcd_shift_left              text4        03E0
_lcd_shift_right             text3        03EC
_lcd_write_char              text2        0478
_lcd_write_string            text1        04B5
_main                        maintext     06AD
btemp                        (abs)        007E
end_of_initialization        cinit        07FC
i2c_master_init@baud_rate    cstackBANK0  0020
i2c_slave@data               cstackCOMMON 0071
i2c_write@d_addr             cstackCOMMON 0070
intlevel0                    functab      0000
intlevel1                    functab      0000
intlevel2                    functab      0000
intlevel3                    functab      0000
intlevel4                    functab      0000
intlevel5                    functab      0000
lcd_cmd@cmd                  cstackCOMMON 0075
lcd_data@nibble              cstackCOMMON 0073
lcd_goto_xy@column           cstackCOMMON 0076
lcd_goto_xy@row              cstackCOMMON 0079
lcd_write_char@data          cstackCOMMON 0075
lcd_write_string@i           cstackCOMMON 0076
lcd_write_string@str         cstackCOMMON 0078
reset_vec                    reset_vec    0000
start                        init         0000
start_initialization         cinit        07F4
wtemp0                       (abs)        007E


FUNCTION INFORMATION:

 *************** function _main *****************
 Defined at:
		line 16 in file "main.c"
 Parameters:    Size  Location     Type
		None
 Auto vars:     Size  Location     Type
		None
 Return value:  Size  Location     Type
                  1    wreg      void 
 Registers used:
		wreg, fsr0l, fsr0h, status,2, status,0, pclath, cstack
 Tracked objects:
		On entry : 
		On exit  : 
		Unchanged: 
 Data sizes:     COMMON   BANK0   BANK1   BANK3   BANK2
      Params:         0       0       0       0       0
      Locals:         0       0       0       0       0
      Temps:          0       3       0       0       0
      Totals:         0       3       0       0       0
Total ram usage:        3 bytes
 Hardware stack levels required when called:    7
 This function calls:
		_lcd_back_light_off
		_lcd_back_light_on
		_lcd_clear
		_lcd_goto_xy
		_lcd_init
		_lcd_shift_left
		_lcd_shift_right
		_lcd_write_string
 This function is called by:
		Startup code after reset
 This function uses a non-reentrant model


 *************** function _lcd_write_string *****************
 Defined at:
		line 147 in file "./lcd-i2c.h"
 Parameters:    Size  Location     Type
  str             1    wreg     PTR unsigned char 
		 -> STR_4(13), STR_3(14), STR_2(14), STR_1(14), 
 Auto vars:     Size  Location     Type
  str             1    8[COMMON] PTR unsigned char 
		 -> STR_4(13), STR_3(14), STR_2(14), STR_1(14), 
  i               2    6[COMMON] int 
 Return value:  Size  Location     Type
                  1    wreg      void 
 Registers used:
		wreg, fsr0l, fsr0h, status,2, status,0, pclath, cstack
 Tracked objects:
		On entry : 
		On exit  : 
		Unchanged: 
 Data sizes:     COMMON   BANK0   BANK1   BANK3   BANK2
      Params:         0       0       0       0       0
      Locals:         3       0       0       0       0
      Temps:          0       0       0       0       0
      Totals:         3       0       0       0       0
Total ram usage:        3 bytes
 Hardware stack levels used:    1
 Hardware stack levels required when called:    6
 This function calls:
		_lcd_write_char
 This function is called by:
		_main
 This function uses a non-reentrant model


 *************** function _lcd_write_char *****************
 Defined at:
		line 141 in file "./lcd-i2c.h"
 Parameters:    Size  Location     Type
  data            1    wreg     unsigned char 
 Auto vars:     Size  Location     Type
  data            1    5[COMMON] unsigned char 
 Return value:  Size  Location     Type
                  1    wreg      void 
 Registers used:
		wreg, status,2, status,0, pclath, cstack
 Tracked objects:
		On entry : 
		On exit  : 
		Unchanged: 
 Data sizes:     COMMON   BANK0   BANK1   BANK3   BANK2
      Params:         0       0       0       0       0
      Locals:         1       0       0       0       0
      Temps:          1       0       0       0       0
      Totals:         2       0       0       0       0
Total ram usage:        2 bytes
 Hardware stack levels used:    1
 Hardware stack levels required when called:    5
 This function calls:
		_lcd_data
 This function is called by:
		_lcd_write_string
 This function uses a non-reentrant model


 *************** function _lcd_shift_right *****************
 Defined at:
		line 126 in file "./lcd-i2c.h"
 Parameters:    Size  Location     Type
		None
 Auto vars:     Size  Location     Type
		None
 Return value:  Size  Location     Type
                  1    wreg      void 
 Registers used:
		wreg, status,2, status,0, pclath, cstack
 Tracked objects:
		On entry : 
		On exit  : 
		Unchanged: 
 Data sizes:     COMMON   BANK0   BANK1   BANK3   BANK2
      Params:         0       0       0       0       0
      Locals:         0       0       0       0       0
      Temps:          1       0       0       0       0
      Totals:         1       0       0       0       0
Total ram usage:        1 bytes
 Hardware stack levels used:    1
 Hardware stack levels required when called:    6
 This function calls:
		_lcd_cmd
 This function is called by:
		_main
 This function uses a non-reentrant model


 *************** function _lcd_shift_left *****************
 Defined at:
		line 121 in file "./lcd-i2c.h"
 Parameters:    Size  Location     Type
		None
 Auto vars:     Size  Location     Type
		None
 Return value:  Size  Location     Type
                  1    wreg      void 
 Registers used:
		wreg, status,2, status,0, pclath, cstack
 Tracked objects:
		On entry : 
		On exit  : 
		Unchanged: 
 Data sizes:     COMMON   BANK0   BANK1   BANK3   BANK2
      Params:         0       0       0       0       0
      Locals:         0       0       0       0       0
      Temps:          1       0       0       0       0
      Totals:         1       0       0       0       0
Total ram usage:        1 bytes
 Hardware stack levels used:    1
 Hardware stack levels required when called:    6
 This function calls:
		_lcd_cmd
 This function is called by:
		_main
 This function uses a non-reentrant model


 *************** function _lcd_init *****************
 Defined at:
		line 75 in file "./lcd-i2c.h"
 Parameters:    Size  Location     Type
		None
 Auto vars:     Size  Location     Type
		None
 Return value:  Size  Location     Type
                  1    wreg      void 
 Registers used:
		wreg, status,2, status,0, pclath, cstack
 Tracked objects:
		On entry : 
		On exit  : 
		Unchanged: 
 Data sizes:     COMMON   BANK0   BANK1   BANK3   BANK2
      Params:         0       0       0       0       0
      Locals:         0       0       0       0       0
      Temps:          0       3       0       0       0
      Totals:         0       3       0       0       0
Total ram usage:        3 bytes
 Hardware stack levels used:    1
 Hardware stack levels required when called:    6
 This function calls:
		_i2c_master_init
		_i2c_slave
		_lcd_cmd
 This function is called by:
		_main
 This function uses a non-reentrant model


 *************** function _i2c_master_init *****************
 Defined at:
		line 24 in file "./i2c-master.h"
 Parameters:    Size  Location     Type
  baud_rate       4    0[BANK0 ] unsigned long 
 Auto vars:     Size  Location     Type
		None
 Return value:  Size  Location     Type
                  1    wreg      void 
 Registers used:
		wreg, status,2, status,0, pclath, cstack
 Tracked objects:
		On entry : 
		On exit  : 
		Unchanged: 
 Data sizes:     COMMON   BANK0   BANK1   BANK3   BANK2
      Params:         0       4       0       0       0
      Locals:         0       0       0       0       0
      Temps:          0       4       0       0       0
      Totals:         0       8       0       0       0
Total ram usage:        8 bytes
 Hardware stack levels used:    1
 Hardware stack levels required when called:    1
 This function calls:
		___lldiv
 This function is called by:
		_lcd_init
 This function uses a non-reentrant model


 *************** function ___lldiv *****************
 Defined at:
		line 5 in file "C:\Program Files\Microchip\xc8\v2.31\pic\sources\c90\common\__lldiv.c"
 Parameters:    Size  Location     Type
  divisor         4    0[COMMON] unsigned long 
  dividend        4    4[COMMON] unsigned long 
 Auto vars:     Size  Location     Type
  quotient        4    9[COMMON] unsigned long 
  counter         1   13[COMMON] unsigned char 
 Return value:  Size  Location     Type
                  4    0[COMMON] unsigned long 
 Registers used:
		wreg, status,2, status,0
 Tracked objects:
		On entry : 
		On exit  : 
		Unchanged: 
 Data sizes:     COMMON   BANK0   BANK1   BANK3   BANK2
      Params:         8       0       0       0       0
      Locals:         5       0       0       0       0
      Temps:          1       0       0       0       0
      Totals:        14       0       0       0       0
Total ram usage:       14 bytes
 Hardware stack levels used:    1
 This function calls:
		Nothing
 This function is called by:
		_i2c_master_init
 This function uses a non-reentrant model


 *************** function _lcd_goto_xy *****************
 Defined at:
		line 105 in file "./lcd-i2c.h"
 Parameters:    Size  Location     Type
  row             1    wreg     unsigned char 
  column          1    6[COMMON] unsigned char 
 Auto vars:     Size  Location     Type
  row             1    9[COMMON] unsigned char 
 Return value:  Size  Location     Type
                  1    wreg      void 
 Registers used:
		wreg, fsr0l, fsr0h, status,2, status,0, pclath, cstack
 Tracked objects:
		On entry : 
		On exit  : 
		Unchanged: 
 Data sizes:     COMMON   BANK0   BANK1   BANK3   BANK2
      Params:         1       0       0       0       0
      Locals:         1       0       0       0       0
      Temps:          2       0       0       0       0
      Totals:         4       0       0       0       0
Total ram usage:        4 bytes
 Hardware stack levels used:    1
 Hardware stack levels required when called:    6
 This function calls:
		_lcd_cmd
 This function is called by:
		_main
 This function uses a non-reentrant model


 *************** function _lcd_clear *****************
 Defined at:
		line 100 in file "./lcd-i2c.h"
 Parameters:    Size  Location     Type
		None
 Auto vars:     Size  Location     Type
		None
 Return value:  Size  Location     Type
                  1    wreg      void 
 Registers used:
		wreg, status,2, status,0, pclath, cstack
 Tracked objects:
		On entry : 
		On exit  : 
		Unchanged: 
 Data sizes:     COMMON   BANK0   BANK1   BANK3   BANK2
      Params:         0       0       0       0       0
      Locals:         0       0       0       0       0
      Temps:          2       0       0       0       0
      Totals:         2       0       0       0       0
Total ram usage:        2 bytes
 Hardware stack levels used:    1
 Hardware stack levels required when called:    6
 This function calls:
		_lcd_cmd
 This function is called by:
		_main
 This function uses a non-reentrant model


 *************** function _lcd_cmd *****************
 Defined at:
		line 69 in file "./lcd-i2c.h"
 Parameters:    Size  Location     Type
  cmd             1    wreg     unsigned char 
 Auto vars:     Size  Location     Type
  cmd             1    5[COMMON] unsigned char 
 Return value:  Size  Location     Type
                  1    wreg      void 
 Registers used:
		wreg, status,2, status,0, pclath, cstack
 Tracked objects:
		On entry : 
		On exit  : 
		Unchanged: 
 Data sizes:     COMMON   BANK0   BANK1   BANK3   BANK2
      Params:         0       0       0       0       0
      Locals:         1       0       0       0       0
      Temps:          1       0       0       0       0
      Totals:         2       0       0       0       0
Total ram usage:        2 bytes
 Hardware stack levels used:    1
 Hardware stack levels required when called:    5
 This function calls:
		_lcd_data
 This function is called by:
		_lcd_init
		_lcd_clear
		_lcd_goto_xy
		_lcd_shift_left
		_lcd_shift_right
 This function uses a non-reentrant model


 *************** function _lcd_data *****************
 Defined at:
		line 62 in file "./lcd-i2c.h"
 Parameters:    Size  Location     Type
  nibble          1    wreg     unsigned char 
 Auto vars:     Size  Location     Type
  nibble          1    3[COMMON] unsigned char 
 Return value:  Size  Location     Type
                  1    wreg      void 
 Registers used:
		wreg, status,2, status,0, pclath, cstack
 Tracked objects:
		On entry : 
		On exit  : 
		Unchanged: 
 Data sizes:     COMMON   BANK0   BANK1   BANK3   BANK2
      Params:         0       0       0       0       0
      Locals:         1       0       0       0       0
      Temps:          1       0       0       0       0
      Totals:         2       0       0       0       0
Total ram usage:        2 bytes
 Hardware stack levels used:    1
 Hardware stack levels required when called:    4
 This function calls:
		_i2c_slave
 This function is called by:
		_lcd_cmd
		_lcd_write_char
 This function uses a non-reentrant model


 *************** function _lcd_back_light_on *****************
 Defined at:
		line 136 in file "./lcd-i2c.h"
 Parameters:    Size  Location     Type
		None
 Auto vars:     Size  Location     Type
		None
 Return value:  Size  Location     Type
                  1    wreg      void 
 Registers used:
		wreg, status,2, status,0, pclath, cstack
 Tracked objects:
		On entry : 
		On exit  : 
		Unchanged: 
 Data sizes:     COMMON   BANK0   BANK1   BANK3   BANK2
      Params:         0       0       0       0       0
      Locals:         0       0       0       0       0
      Temps:          1       0       0       0       0
      Totals:         1       0       0       0       0
Total ram usage:        1 bytes
 Hardware stack levels used:    1
 Hardware stack levels required when called:    4
 This function calls:
		_i2c_slave
 This function is called by:
		_main
 This function uses a non-reentrant model


 *************** function _lcd_back_light_off *****************
 Defined at:
		line 131 in file "./lcd-i2c.h"
 Parameters:    Size  Location     Type
		None
 Auto vars:     Size  Location     Type
		None
 Return value:  Size  Location     Type
                  1    wreg      void 
 Registers used:
		wreg, status,2, status,0, pclath, cstack
 Tracked objects:
		On entry : 
		On exit  : 
		Unchanged: 
 Data sizes:     COMMON   BANK0   BANK1   BANK3   BANK2
      Params:         0       0       0       0       0
      Locals:         0       0       0       0       0
      Temps:          0       0       0       0       0
      Totals:         0       0       0       0       0
Total ram usage:        0 bytes
 Hardware stack levels used:    1
 Hardware stack levels required when called:    4
 This function calls:
		_i2c_slave
 This function is called by:
		_main
 This function uses a non-reentrant model


 *************** function _i2c_slave *****************
 Defined at:
		line 54 in file "./lcd-i2c.h"
 Parameters:    Size  Location     Type
  data            1    wreg     unsigned char 
 Auto vars:     Size  Location     Type
  data            1    1[COMMON] unsigned char 
 Return value:  Size  Location     Type
                  1    wreg      void 
 Registers used:
		wreg, status,2, status,0, pclath, cstack
 Tracked objects:
		On entry : 
		On exit  : 
		Unchanged: 
 Data sizes:     COMMON   BANK0   BANK1   BANK3   BANK2
      Params:         0       0       0       0       0
      Locals:         1       0       0       0       0
      Temps:          0       0       0       0       0
      Totals:         1       0       0       0       0
Total ram usage:        1 bytes
 Hardware stack levels used:    1
 Hardware stack levels required when called:    3
 This function calls:
		_i2c_is_idle
		_i2c_start
		_i2c_stop
		_i2c_write
 This function is called by:
		_lcd_data
		_lcd_init
		_lcd_back_light_off
		_lcd_back_light_on
 This function uses a non-reentrant model


 *************** function _i2c_write *****************
 Defined at:
		line 58 in file "./i2c-master.h"
 Parameters:    Size  Location     Type
  d_addr          1    wreg     unsigned char 
 Auto vars:     Size  Location     Type
  d_addr          1    0[COMMON] unsigned char 
 Return value:  Size  Location     Type
                  1    wreg      unsigned char 
 Registers used:
		wreg, status,2, status,0, pclath, cstack
 Tracked objects:
		On entry : 
		On exit  : 
		Unchanged: 
 Data sizes:     COMMON   BANK0   BANK1   BANK3   BANK2
      Params:         0       0       0       0       0
      Locals:         1       0       0       0       0
      Temps:          0       0       0       0       0
      Totals:         1       0       0       0       0
Total ram usage:        1 bytes
 Hardware stack levels used:    1
 Hardware stack levels required when called:    2
 This function calls:
		_i2c_is_idle
		_i2c_stop
 This function is called by:
		_i2c_slave
 This function uses a non-reentrant model


 *************** function _i2c_stop *****************
 Defined at:
		line 51 in file "./i2c-master.h"
 Parameters:    Size  Location     Type
		None
 Auto vars:     Size  Location     Type
		None
 Return value:  Size  Location     Type
                  1    wreg      void 
 Registers used:
		wreg, status,2, status,0, pclath, cstack
 Tracked objects:
		On entry : 
		On exit  : 
		Unchanged: 
 Data sizes:     COMMON   BANK0   BANK1   BANK3   BANK2
      Params:         0       0       0       0       0
      Locals:         0       0       0       0       0
      Temps:          0       0       0       0       0
      Totals:         0       0       0       0       0
Total ram usage:        0 bytes
 Hardware stack levels used:    1
 Hardware stack levels required when called:    1
 This function calls:
		_i2c_is_idle
 This function is called by:
		_i2c_write
		_i2c_slave
 This function uses a non-reentrant model


 *************** function _i2c_start *****************
 Defined at:
		line 37 in file "./i2c-master.h"
 Parameters:    Size  Location     Type
		None
 Auto vars:     Size  Location     Type
		None
 Return value:  Size  Location     Type
                  1    wreg      void 
 Registers used:
		wreg, status,2, status,0, pclath, cstack
 Tracked objects:
		On entry : 
		On exit  : 
		Unchanged: 
 Data sizes:     COMMON   BANK0   BANK1   BANK3   BANK2
      Params:         0       0       0       0       0
      Locals:         0       0       0       0       0
      Temps:          0       0       0       0       0
      Totals:         0       0       0       0       0
Total ram usage:        0 bytes
 Hardware stack levels used:    1
 Hardware stack levels required when called:    1
 This function calls:
		_i2c_is_idle
 This function is called by:
		_i2c_slave
 This function uses a non-reentrant model


 *************** function _i2c_is_idle *****************
 Defined at:
		line 33 in file "./i2c-master.h"
 Parameters:    Size  Location     Type
		None
 Auto vars:     Size  Location     Type
		None
 Return value:  Size  Location     Type
                  1    wreg      void 
 Registers used:
		wreg, status,2
 Tracked objects:
		On entry : 
		On exit  : 
		Unchanged: 
 Data sizes:     COMMON   BANK0   BANK1   BANK3   BANK2
      Params:         0       0       0       0       0
      Locals:         0       0       0       0       0
      Temps:          0       0       0       0       0
      Totals:         0       0       0       0       0
Total ram usage:        0 bytes
 Hardware stack levels used:    1
 This function calls:
		Nothing
 This function is called by:
		_i2c_start
		_i2c_stop
		_i2c_write
		_i2c_slave
		_i2c_rep_start
		_i2c_read
 This function uses a non-reentrant model



MODULE INFORMATION

Module		Function		Class		Link	Load	Size
C:\Program Files\Microchip\xc8\v2.31\pic\sources\c90\common\__lldiv.c
		___lldiv       		CODE           	057A	0000	102

C:\Program Files\Microchip\xc8\v2.31\pic\sources\c90\common\__lldiv.c estimated size: 102

./i2c-master.h
		_i2c_start     		CODE           	0412	0000	16
		_i2c_master_init		CODE           	0537	0000	67
		_i2c_write     		CODE           	04DA	0000	39
		_i2c_is_idle   		CODE           	03F8	0000	13
		_i2c_stop      		CODE           	0422	0000	16

./i2c-master.h estimated size: 151

./lcd-i2c.h
		_lcd_write_char		CODE           	0478	0000	29
		_lcd_cmd       		CODE           	045C	0000	28
		_lcd_data      		CODE           	0442	0000	26
		_lcd_shift_right		CODE           	03EC	0000	12
		_i2c_slave     		CODE           	0495	0000	32
		_lcd_back_light_on		CODE           	0405	0000	13
		_lcd_clear     		CODE           	0432	0000	16
		_lcd_goto_xy   		CODE           	0501	0000	54
		_lcd_back_light_off		CODE           	03D6	0000	10
		_lcd_write_string		CODE           	04B5	0000	37
		_lcd_shift_left		CODE           	03E0	0000	12
		_lcd_init      		CODE           	05E0	0000	205

./lcd-i2c.h estimated size: 474

shared
		__stringtab    		STRING         	0003	0000	6
		__initialization		CODE           	07F4	0000	8

shared estimated size: 14

main.c
		_main          		CODE           	06AD	0000	327

main.c estimated size: 327

