Microchip MPLAB XC8 Compiler V2.31

Linker command line:

-W-3 --edf=C:\Program Files\Microchip\xc8\v2.31\pic\dat\en_msgs.txt -cn \
  -h+dist/default/production\i2c-eeprom.X.production.sym \
  --cmf=dist/default/production\i2c-eeprom.X.production.cmf -z -Q16F877A \
  -oC:\Users\rlmarco\AppData\Local\Temp\sdp4.2 --defsym=__MPLAB_BUILD=1 \
  -Mdist/default/production/i2c-eeprom.X.production.map -E1 \
  -ver=XC8 Compiler --acfsm=1493 -ASTACK=0110h-016Fh -pstack=STACK \
  -ACODE=00h-07FFhx4 -ASTRCODE=00h-01FFFh -ASTRING=00h-0FFhx32 \
  -ACONST=00h-0FFhx32 -AENTRY=00h-0FFhx32 -ACOMMON=070h-07Fh \
  -ABANK0=020h-06Fh -ABANK1=0A0h-0EFh -ABANK2=0110h-016Fh \
  -ABANK3=0190h-01EFh -ARAM=020h-06Fh,0A0h-0EFh,0110h-016Fh,0190h-01EFh \
  -AABS1=020h-07Fh,0A0h-0EFh,0110h-016Fh,0190h-01EFh -ASFR0=00h-01Fh \
  -ASFR1=080h-09Fh -ASFR2=0100h-010Fh -ASFR3=0180h-018Fh \
  -ACONFIG=02007h-02007h -DCONFIG=2 -AIDLOC=02000h-02003h -DIDLOC=2 \
  -AEEDATA=00h-0FFh/02100h -peeprom_data=EEDATA -DEEDATA=2 -DCODE=2 \
  -DSTRCODE=2 -DSTRING=2 -DCONST=2 -DENTRY=2 \
  -preset_vec=00h,intentry,init,end_init -ppowerup=CODE -pcinit=CODE \
  -pfunctab=ENTRY -k C:\Users\rlmarco\AppData\Local\Temp\sdp4.o \
  dist/default/production\i2c-eeprom.X.production.o 

Object code version is 3.11

Machine type is 16F877A



                Name                               Link     Load   Length Selector   Space Scale
C:\Users\rlmarco\AppData\Local\Temp\sdp4.o
                end_init                              0        0        3        0       0
                config                             2007     2007        1        0       4
dist/default/production\i2c-eeprom.X.production.o
                cinit                               7FC      7FC        4      FF8       0
                config                             2007     2007        1        0       4
                text19                              3F3      3F3       66      7E6       0
                text18                              2C0      2C0       43      580       0
                text17                              12E      12E        D      25C       0
                text16                              1CC      1CC       24      398       0
                text15                              13B      13B       10      276       0
                text14                              14B      14B       10      296       0
                text13                              15B      15B       10      2B6       0
                text12                              1F0      1F0       27      3E0       0
                text11                              191      191       19      322       0
                text10                              1AA      1AA       22      354       0
                text9                               16B      16B       10      2D6       0
                text8                               17B      17B       16      2F6       0
                text7                               347      347       51      68E       0
                text6                               398      398       5B      730       0
                text5                               217      217       2D      42E       0
                text4                               27E      27E       42      4FC       0
                text3                               303      303       44      606       0
                text2                               244      244       3A      488       0
                text1                               459      459      17A      8B2       0
                maintext                            5D3      5D3      229      BA6       0
                cstackBANK0                          20       20       27       20       1
                cstackCOMMON                         70       70        E       70       1
                strings                               3        3       6B        6       0

TOTAL           Name                               Link     Load   Length     Space
        CLASS   STACK          

        CLASS   CODE           
                end_init                              0        0        3         0
                cinit                               7FC      7FC        4         0
                text19                              3F3      3F3       66         0
                text18                              2C0      2C0       43         0
                text17                              12E      12E        D         0
                text16                              1CC      1CC       24         0
                text15                              13B      13B       10         0
                text14                              14B      14B       10         0
                text13                              15B      15B       10         0
                text12                              1F0      1F0       27         0
                text11                              191      191       19         0
                text10                              1AA      1AA       22         0
                text9                               16B      16B       10         0
                text8                               17B      17B       16         0
                text7                               347      347       51         0
                text6                               398      398       5B         0
                text5                               217      217       2D         0
                text4                               27E      27E       42         0
                text3                               303      303       44         0
                text2                               244      244       3A         0
                text1                               459      459      17A         0
                maintext                            5D3      5D3      229         0

        CLASS   STRCODE        

        CLASS   STRING         
                strings                               3        3       6B         0

        CLASS   CONST          

        CLASS   ENTRY          

        CLASS   COMMON         
                cstackCOMMON                         70       70        E         1

        CLASS   BANK0          
                cstackBANK0                          20       20       27         1

        CLASS   BANK1          

        CLASS   BANK2          

        CLASS   BANK3          

        CLASS   RAM            

        CLASS   ABS1           
                abs_s1                               7E       7E        2         1

        CLASS   SFR0           

        CLASS   SFR1           

        CLASS   SFR2           

        CLASS   SFR3           

        CLASS   CONFIG         
                config                             2007     2007        1         4

        CLASS   IDLOC          

        CLASS   EEDATA         



SEGMENTS        Name                           Load    Length   Top    Selector   Space  Class     Delta

                reset_vec                      000000  000003  000003         0       0  CODE        2
                strings                        000003  00006B  00006E         6       0  STRING      2
                cstackBANK0                    000020  000027  000047        20       1  BANK0       1
                cstackCOMMON                   000070  00000E  00007E        70       1  COMMON      1
                text17                         00012E  00000D  00013B       25C       0  CODE        2
                text15                         00013B  000010  00014B       276       0  CODE        2
                text14                         00014B  000010  00015B       296       0  CODE        2
                text13                         00015B  000010  00016B       2B6       0  CODE        2
                text9                          00016B  000010  00017B       2D6       0  CODE        2
                text8                          00017B  000016  000191       2F6       0  CODE        2
                text11                         000191  000019  0001AA       322       0  CODE        2
                text10                         0001AA  000022  0001CC       354       0  CODE        2
                text16                         0001CC  000024  0001F0       398       0  CODE        2
                text12                         0001F0  000027  000217       3E0       0  CODE        2
                text5                          000217  00002D  000244       42E       0  CODE        2
                text2                          000244  00003A  00027E       488       0  CODE        2
                text4                          00027E  000042  0002C0       4FC       0  CODE        2
                text18                         0002C0  000043  000303       580       0  CODE        2
                text3                          000303  000044  000347       606       0  CODE        2
                text7                          000347  000051  000398       68E       0  CODE        2
                text6                          000398  00005B  0003F3       730       0  CODE        2
                text19                         0003F3  000066  000459       7E6       0  CODE        2
                text1                          000459  00017A  0005D3       8B2       0  CODE        2
                maintext                       0005D3  000229  0007FC       BA6       0  CODE        2
                cinit                          0007FC  000004  000800       FF8       0  CODE        2


UNUSED ADDRESS RANGES

        Name                Unused          Largest block    Delta
        BANK0            0047-006F             29           1
        BANK1            00A0-00EF             50           1
        BANK2            0110-016F             60           1
        BANK3            0190-01EF             60           1
        CODE             006E-012D             C0           2
                         0800-1FFF            800
        CONST            006E-012D             92           2
                         0800-1FFF            100
        EEDATA           2100-21FF            100           2
        ENTRY            006E-012D             92           2
                         0800-1FFF            100
        IDLOC            2000-2003              4           2
        RAM              0047-006F             29           1
                         00A0-00EF             50
                         0110-016F             60
                         0190-01EF             60
        SFR0             0000-001F             20           1
        SFR1             0080-009F             20           1
        SFR2             0100-010F             10           1
        SFR3             0180-018F             10           1
        STACK            0110-016F             60           1
        STRCODE          006E-012D             C0           2
                         0800-1FFF           1800
        STRING           006E-012D             92           2
                         0800-1FFF            100

                                  Symbol Table

?___lldiv                  cstackCOMMON 0070
?___lwdiv                  cstackCOMMON 0070
?___lwmod                  cstackCOMMON 0078
?_sprintf                  cstackBANK0  0020
_PIR1bits                  (abs)        000C
_RB0                       (abs)        0030
_RB1                       (abs)        0031
_RB2                       (abs)        0032
_RB3                       (abs)        0033
_RD2                       (abs)        0042
_RD3                       (abs)        0043
_RD4                       (abs)        0044
_RD5                       (abs)        0045
_RD6                       (abs)        0046
_RD7                       (abs)        0047
_SSPADD                    (abs)        0093
_SSPBUF                    (abs)        0013
_SSPCON                    (abs)        0014
_SSPCON2                   (abs)        0091
_SSPCON2bits               (abs)        0091
_SSPCONbits                (abs)        0014
_SSPSTAT                   (abs)        0094
_SSPSTATbits               (abs)        0094
_TRISB                     (abs)        0086
_TRISC                     (abs)        0087
_TRISD                     (abs)        0088
__Habs1                    abs1         0000
__Hbank0                   bank0        0000
__Hbank1                   bank1        0000
__Hbank2                   bank2        0000
__Hbank3                   bank3        0000
__Hcinit                   cinit        0800
__Hclrtext                 clrtext      0000
__Hcode                    code         0000
__Hcommon                  common       0000
__Hconfig                  config       2008
__HcstackBANK0             cstackBANK0  0000
__HcstackCOMMON            cstackCOMMON 0000
__Heeprom_data             eeprom_data  0000
__Hend_init                end_init     0003
__Hfunctab                 functab      0000
__Hinit                    init         0000
__Hintentry                intentry     0000
__Hmaintext                maintext     0000
__Hpowerup                 powerup      0000
__Hram                     ram          0000
__Hreset_vec               reset_vec    0000
__Hsfr0                    sfr0         0000
__Hsfr1                    sfr1         0000
__Hsfr2                    sfr2         0000
__Hsfr3                    sfr3         0000
__Hspace_0                 (abs)        0800
__Hspace_1                 (abs)        007E
__Hspace_2                 (abs)        0000
__Hspace_3                 (abs)        0000
__Hspace_4                 (abs)        400F
__Hstack                   stack        0000
__Hstrings                 strings      0000
__Htext                    text         0000
__Labs1                    abs1         0000
__Lbank0                   bank0        0000
__Lbank1                   bank1        0000
__Lbank2                   bank2        0000
__Lbank3                   bank3        0000
__Lcinit                   cinit        07FC
__Lclrtext                 clrtext      0000
__Lcode                    code         0000
__Lcommon                  common       0000
__Lconfig                  config       0000
__LcstackBANK0             cstackBANK0  0000
__LcstackCOMMON            cstackCOMMON 0000
__Leeprom_data             eeprom_data  0000
__Lend_init                end_init     0000
__Lfunctab                 functab      0000
__Linit                    init         0000
__Lintentry                intentry     0000
__Lmaintext                maintext     0000
__Lpowerup                 powerup      0000
__Lram                     ram          0000
__Lreset_vec               reset_vec    0000
__Lsfr0                    sfr0         0000
__Lsfr1                    sfr1         0000
__Lsfr2                    sfr2         0000
__Lsfr3                    sfr3         0000
__Lspace_0                 (abs)        0000
__Lspace_1                 (abs)        0000
__Lspace_2                 (abs)        0000
__Lspace_3                 (abs)        0000
__Lspace_4                 (abs)        0000
__Lstack                   stack        0000
__Lstrings                 strings      0000
__Ltext                    text         0000
__S0                       (abs)        0800
__S1                       (abs)        007E
__S2                       (abs)        0000
__S3                       (abs)        0000
___int_sp                  stack        0000
___latbits                 (abs)        0002
___lldiv                   text19       03F3
___lldiv@counter           cstackCOMMON 007D
___lldiv@dividend          cstackCOMMON 0074
___lldiv@divisor           cstackCOMMON 0070
___lldiv@quotient          cstackCOMMON 0079
___lwdiv                   text3        0303
___lwdiv@counter           cstackCOMMON 0077
___lwdiv@dividend          cstackCOMMON 0072
___lwdiv@divisor           cstackCOMMON 0070
___lwdiv@quotient          cstackCOMMON 0075
___lwmod                   text2        0244
___lwmod@counter           cstackCOMMON 007D
___lwmod@dividend          cstackCOMMON 007A
___lwmod@divisor           cstackCOMMON 0078
___sp                      stack        0000
___stackhi                 (abs)        0000
___stacklo                 (abs)        0000
__end_of___lldiv           text19       0459
__end_of___lwdiv           text3        0347
__end_of___lwmod           text2        027E
__end_of__initialization   cinit        07FC
__end_of__stringtab        strings      0013
__end_of_dpowers           strings      001D
__end_of_hexpowers         strings      0025
__end_of_i2c_is_idle       text17       013B
__end_of_i2c_master_init   text18       0303
__end_of_i2c_read          text16       01F0
__end_of_i2c_rep_start     text15       014B
__end_of_i2c_start         text14       015B
__end_of_i2c_stop          text13       016B
__end_of_i2c_write         text12       0217
__end_of_lcd_clear         text8        0191
__end_of_lcd_clock         text11       01AA
__end_of_lcd_cmd           text9        017B
__end_of_lcd_data          text10       01CC
__end_of_lcd_goto_xy       text7        0398
__end_of_lcd_init          text6        03F3
__end_of_lcd_write         text5        0244
__end_of_lcd_write_string  text4        02C0
__end_of_main              maintext     07FC
__end_of_sprintf           text1        05D3
__initialization           cinit        07FC
__pcstackBANK0             cstackBANK0  0020
__pcstackCOMMON            cstackCOMMON 0070
__pmaintext                maintext     05D3
__pstrings                 strings      0003
__ptext1                   text1        0459
__ptext10                  text10       01AA
__ptext11                  text11       0191
__ptext12                  text12       01F0
__ptext13                  text13       015B
__ptext14                  text14       014B
__ptext15                  text15       013B
__ptext16                  text16       01CC
__ptext17                  text17       012E
__ptext18                  text18       02C0
__ptext19                  text19       03F3
__ptext2                   text2        0244
__ptext3                   text3        0303
__ptext4                   text4        027E
__ptext5                   text5        0217
__ptext6                   text6        0398
__ptext7                   text7        0347
__ptext8                   text8        017B
__ptext9                   text9        016B
__size_of___lldiv          (abs)        0000
__size_of___lwdiv          (abs)        0000
__size_of___lwmod          (abs)        0000
__size_of_i2c_is_idle      (abs)        0000
__size_of_i2c_master_init  (abs)        0000
__size_of_i2c_read         (abs)        0000
__size_of_i2c_rep_start    (abs)        0000
__size_of_i2c_start        (abs)        0000
__size_of_i2c_stop         (abs)        0000
__size_of_i2c_write        (abs)        0000
__size_of_lcd_clear        (abs)        0000
__size_of_lcd_clock        (abs)        0000
__size_of_lcd_cmd          (abs)        0000
__size_of_lcd_data         (abs)        0000
__size_of_lcd_goto_xy      (abs)        0000
__size_of_lcd_init         (abs)        0000
__size_of_lcd_write        (abs)        0000
__size_of_lcd_write_string (abs)        0000
__size_of_main             (abs)        0000
__size_of_sprintf          (abs)        0000
__stringbase               strings      0012
__stringtab                strings      0003
_dpowers                   strings      0013
_hexpowers                 strings      001D
_i2c_is_idle               text17       012E
_i2c_master_init           text18       02C0
_i2c_read                  text16       01CC
_i2c_rep_start             text15       013B
_i2c_start                 text14       014B
_i2c_stop                  text13       015B
_i2c_write                 text12       01F0
_lcd_clear                 text8        017B
_lcd_clock                 text11       0191
_lcd_cmd                   text9        016B
_lcd_data                  text10       01AA
_lcd_goto_xy               text7        0347
_lcd_init                  text6        0398
_lcd_write                 text5        0217
_lcd_write_string          text4        027E
_main                      maintext     05D3
_sprintf                   text1        0459
btemp                      (abs)        007E
end_of_initialization      cinit        07FC
i2c_master_init@baud_rate  cstackBANK0  0020
i2c_read@ack               cstackCOMMON 0071
i2c_read@data              cstackCOMMON 0072
i2c_write@d_addr           cstackCOMMON 0070
intlevel0                  functab      0000
intlevel1                  functab      0000
intlevel2                  functab      0000
intlevel3                  functab      0000
intlevel4                  functab      0000
intlevel5                  functab      0000
lcd_cmd@cmd                cstackCOMMON 0072
lcd_data@data              cstackCOMMON 0070
lcd_goto_xy@c              cstackCOMMON 0073
lcd_goto_xy@high4          cstackCOMMON 0078
lcd_goto_xy@low4           cstackCOMMON 0077
lcd_goto_xy@r              cstackCOMMON 0076
lcd_goto_xy@temp           cstackCOMMON 0079
lcd_write@byte             cstackCOMMON 0075
lcd_write@high_nibble      cstackCOMMON 0074
lcd_write@low_nibble       cstackCOMMON 0073
lcd_write_string@i         cstackCOMMON 007B
lcd_write_string@str       cstackCOMMON 0076
main@data                  cstackBANK0  0046
main@received              cstackBANK0  0045
main@str1                  cstackBANK0  003B
main@str2                  cstackBANK0  0031
reset_vec                  reset_vec    0000
sprintf@ap                 cstackBANK0  0027
sprintf@c                  cstackBANK0  002D
sprintf@f                  cstackBANK0  0020
sprintf@flag               cstackBANK0  0029
sprintf@idx                cstackBANK0  0026
sprintf@prec               cstackBANK0  0028
sprintf@sp                 cstackBANK0  002A
sprintf@val                cstackBANK0  002B
start                      init         0000
start_initialization       cinit        07FC
wtemp0                     (abs)        007E


FUNCTION INFORMATION:

 *************** function _main *****************
 Defined at:
		line 23 in file "main.c"
 Parameters:    Size  Location     Type
		None
 Auto vars:     Size  Location     Type
  received        1   37[BANK0 ] unsigned char 
  str1           10   27[BANK0 ] unsigned char [10]
  str2           10   17[BANK0 ] unsigned char [10]
  data            1   38[BANK0 ] unsigned char 
 Return value:  Size  Location     Type
                  1    wreg      void 
 Registers used:
		wreg, fsr0l, fsr0h, status,2, status,0, btemp+1, pclath, cstack
 Tracked objects:
		On entry : 
		On exit  : 
		Unchanged: 
 Data sizes:     COMMON   BANK0   BANK1   BANK3   BANK2
      Params:         0       0       0       0       0
      Locals:         0      22       0       0       0
      Temps:          0       3       0       0       0
      Totals:         0      25       0       0       0
Total ram usage:       25 bytes
 Hardware stack levels required when called:    3
 This function calls:
		_i2c_is_idle
		_i2c_master_init
		_i2c_read
		_i2c_rep_start
		_i2c_start
		_i2c_stop
		_i2c_write
		_lcd_clear
		_lcd_goto_xy
		_lcd_init
		_lcd_write_string
		_sprintf
 This function is called by:
		Startup code after reset
 This function uses a non-reentrant model


 *************** function _sprintf *****************
 Defined at:
		line 505 in file "C:\Program Files\Microchip\xc8\v2.31\pic\sources\c90\common\doprnt.c"
 Parameters:    Size  Location     Type
  sp              1    wreg     PTR unsigned char 
		 -> main@str2(10), main@str1(10), 
  f               1    0[BANK0 ] PTR const unsigned char 
		 -> STR_8(3), STR_5(3), STR_3(3), 
 Auto vars:     Size  Location     Type
  sp              1   10[BANK0 ] PTR unsigned char 
		 -> main@str2(10), main@str1(10), 
  idx             1    6[BANK0 ] unsigned char 
  tmpval          4    0        struct .
  val             2   11[BANK0 ] unsigned int 
  cp              2    0        PTR const unsigned char 
  len             2    0        unsigned int 
  c               1   13[BANK0 ] unsigned char 
  flag            1    9[BANK0 ] unsigned char 
  prec            1    8[BANK0 ] char 
  ap              1    7[BANK0 ] PTR void [1]
		 -> ?_sprintf(2), 
 Return value:  Size  Location     Type
                  2    0[BANK0 ] int 
 Registers used:
		wreg, fsr0l, fsr0h, status,2, status,0, btemp+1, pclath, cstack
 Tracked objects:
		On entry : 
		On exit  : 
		Unchanged: 
 Data sizes:     COMMON   BANK0   BANK1   BANK3   BANK2
      Params:         0       3       0       0       0
      Locals:         0       8       0       0       0
      Temps:          0       3       0       0       0
      Totals:         0      14       0       0       0
Total ram usage:       14 bytes
 Hardware stack levels used:    1
 Hardware stack levels required when called:    1
 This function calls:
		___lwdiv
		___lwmod
 This function is called by:
		_main
 This function uses a non-reentrant model


 *************** function ___lwmod *****************
 Defined at:
		line 5 in file "C:\Program Files\Microchip\xc8\v2.31\pic\sources\c90\common\lwmod.c"
 Parameters:    Size  Location     Type
  divisor         2    8[COMMON] unsigned int 
  dividend        2   10[COMMON] unsigned int 
 Auto vars:     Size  Location     Type
  counter         1   13[COMMON] unsigned char 
 Return value:  Size  Location     Type
                  2    8[COMMON] unsigned int 
 Registers used:
		wreg, status,2, status,0
 Tracked objects:
		On entry : 
		On exit  : 
		Unchanged: 
 Data sizes:     COMMON   BANK0   BANK1   BANK3   BANK2
      Params:         4       0       0       0       0
      Locals:         1       0       0       0       0
      Temps:          1       0       0       0       0
      Totals:         6       0       0       0       0
Total ram usage:        6 bytes
 Hardware stack levels used:    1
 This function calls:
		Nothing
 This function is called by:
		_sprintf
 This function uses a non-reentrant model


 *************** function ___lwdiv *****************
 Defined at:
		line 5 in file "C:\Program Files\Microchip\xc8\v2.31\pic\sources\c90\common\lwdiv.c"
 Parameters:    Size  Location     Type
  divisor         2    0[COMMON] unsigned int 
  dividend        2    2[COMMON] unsigned int 
 Auto vars:     Size  Location     Type
  quotient        2    5[COMMON] unsigned int 
  counter         1    7[COMMON] unsigned char 
 Return value:  Size  Location     Type
                  2    0[COMMON] unsigned int 
 Registers used:
		wreg, status,2, status,0
 Tracked objects:
		On entry : 
		On exit  : 
		Unchanged: 
 Data sizes:     COMMON   BANK0   BANK1   BANK3   BANK2
      Params:         4       0       0       0       0
      Locals:         3       0       0       0       0
      Temps:          1       0       0       0       0
      Totals:         8       0       0       0       0
Total ram usage:        8 bytes
 Hardware stack levels used:    1
 This function calls:
		Nothing
 This function is called by:
		_sprintf
 This function uses a non-reentrant model


 *************** function _lcd_write_string *****************
 Defined at:
		line 124 in file "./lcd-4bit.h"
 Parameters:    Size  Location     Type
  str             2    6[COMMON] PTR unsigned char 
		 -> STR_9(10), main@str2(10), STR_7(9), STR_6(8), 
		 -> STR_4(8), main@str1(10), STR_2(16), STR_1(7), 
 Auto vars:     Size  Location     Type
  i               2   11[COMMON] int 
 Return value:  Size  Location     Type
                  1    wreg      void 
 Registers used:
		wreg, fsr0l, fsr0h, status,2, status,0, btemp+1, pclath, cstack
 Tracked objects:
		On entry : 
		On exit  : 
		Unchanged: 
 Data sizes:     COMMON   BANK0   BANK1   BANK3   BANK2
      Params:         2       0       0       0       0
      Locals:         2       0       0       0       0
      Temps:          3       0       0       0       0
      Totals:         7       0       0       0       0
Total ram usage:        7 bytes
 Hardware stack levels used:    1
 Hardware stack levels required when called:    2
 This function calls:
		_lcd_write
 This function is called by:
		_main
 This function uses a non-reentrant model


 *************** function _lcd_write *****************
 Defined at:
		line 110 in file "./lcd-4bit.h"
 Parameters:    Size  Location     Type
  byte            1    wreg     unsigned char 
 Auto vars:     Size  Location     Type
  byte            1    5[COMMON] unsigned char 
  high_nibble     1    4[COMMON] unsigned char 
  low_nibble      1    3[COMMON] unsigned char 
 Return value:  Size  Location     Type
                  1    wreg      void 
 Registers used:
		wreg, status,2, status,0, pclath, cstack
 Tracked objects:
		On entry : 
		On exit  : 
		Unchanged: 
 Data sizes:     COMMON   BANK0   BANK1   BANK3   BANK2
      Params:         0       0       0       0       0
      Locals:         3       0       0       0       0
      Temps:          1       0       0       0       0
      Totals:         4       0       0       0       0
Total ram usage:        4 bytes
 Hardware stack levels used:    1
 Hardware stack levels required when called:    1
 This function calls:
		_lcd_clock
		_lcd_data
 This function is called by:
		_lcd_write_string
 This function uses a non-reentrant model


 *************** function _lcd_init *****************
 Defined at:
		line 93 in file "./lcd-4bit.h"
 Parameters:    Size  Location     Type
		None
 Auto vars:     Size  Location     Type
		None
 Return value:  Size  Location     Type
                  1    wreg      void 
 Registers used:
		wreg, status,2, status,0, pclath, cstack
 Tracked objects:
		On entry : 
		On exit  : 
		Unchanged: 
 Data sizes:     COMMON   BANK0   BANK1   BANK3   BANK2
      Params:         0       0       0       0       0
      Locals:         0       0       0       0       0
      Temps:          2       0       0       0       0
      Totals:         2       0       0       0       0
Total ram usage:        2 bytes
 Hardware stack levels used:    1
 Hardware stack levels required when called:    2
 This function calls:
		_lcd_cmd
 This function is called by:
		_main
 This function uses a non-reentrant model


 *************** function _lcd_goto_xy *****************
 Defined at:
		line 75 in file "./lcd-4bit.h"
 Parameters:    Size  Location     Type
  r               1    wreg     unsigned char 
  c               1    3[COMMON] unsigned char 
 Auto vars:     Size  Location     Type
  r               1    6[COMMON] unsigned char 
  temp            1    9[COMMON] unsigned char 
  high4           1    8[COMMON] unsigned char 
  low4            1    7[COMMON] unsigned char 
 Return value:  Size  Location     Type
                  1    wreg      void 
 Registers used:
		wreg, status,2, status,0, pclath, cstack
 Tracked objects:
		On entry : 
		On exit  : 
		Unchanged: 
 Data sizes:     COMMON   BANK0   BANK1   BANK3   BANK2
      Params:         1       0       0       0       0
      Locals:         4       0       0       0       0
      Temps:          2       0       0       0       0
      Totals:         7       0       0       0       0
Total ram usage:        7 bytes
 Hardware stack levels used:    1
 Hardware stack levels required when called:    2
 This function calls:
		_lcd_cmd
 This function is called by:
		_main
 This function uses a non-reentrant model


 *************** function _lcd_clear *****************
 Defined at:
		line 69 in file "./lcd-4bit.h"
 Parameters:    Size  Location     Type
		None
 Auto vars:     Size  Location     Type
		None
 Return value:  Size  Location     Type
                  1    wreg      void 
 Registers used:
		wreg, status,2, status,0, pclath, cstack
 Tracked objects:
		On entry : 
		On exit  : 
		Unchanged: 
 Data sizes:     COMMON   BANK0   BANK1   BANK3   BANK2
      Params:         0       0       0       0       0
      Locals:         0       0       0       0       0
      Temps:          2       0       0       0       0
      Totals:         2       0       0       0       0
Total ram usage:        2 bytes
 Hardware stack levels used:    1
 Hardware stack levels required when called:    2
 This function calls:
		_lcd_cmd
 This function is called by:
		_main
 This function uses a non-reentrant model


 *************** function _lcd_cmd *****************
 Defined at:
		line 61 in file "./lcd-4bit.h"
 Parameters:    Size  Location     Type
  cmd             1    wreg     unsigned char 
 Auto vars:     Size  Location     Type
  cmd             1    2[COMMON] unsigned char 
 Return value:  Size  Location     Type
                  1    wreg      void 
 Registers used:
		wreg, status,2, status,0, pclath, cstack
 Tracked objects:
		On entry : 
		On exit  : 
		Unchanged: 
 Data sizes:     COMMON   BANK0   BANK1   BANK3   BANK2
      Params:         0       0       0       0       0
      Locals:         1       0       0       0       0
      Temps:          0       0       0       0       0
      Totals:         1       0       0       0       0
Total ram usage:        1 bytes
 Hardware stack levels used:    1
 Hardware stack levels required when called:    1
 This function calls:
		_lcd_clock
		_lcd_data
 This function is called by:
		_lcd_clear
		_lcd_goto_xy
		_lcd_init
		_lcd_shift_left
		_lcd_shift_right
 This function uses a non-reentrant model


 *************** function _lcd_data *****************
 Defined at:
		line 38 in file "./lcd-4bit.h"
 Parameters:    Size  Location     Type
  data            1    wreg     unsigned char 
 Auto vars:     Size  Location     Type
  data            1    0[COMMON] unsigned char 
 Return value:  Size  Location     Type
                  1    wreg      void 
 Registers used:
		wreg
 Tracked objects:
		On entry : 
		On exit  : 
		Unchanged: 
 Data sizes:     COMMON   BANK0   BANK1   BANK3   BANK2
      Params:         0       0       0       0       0
      Locals:         1       0       0       0       0
      Temps:          0       0       0       0       0
      Totals:         1       0       0       0       0
Total ram usage:        1 bytes
 Hardware stack levels used:    1
 This function calls:
		Nothing
 This function is called by:
		_lcd_cmd
		_lcd_write
 This function uses a non-reentrant model


 *************** function _lcd_clock *****************
 Defined at:
		line 30 in file "./lcd-4bit.h"
 Parameters:    Size  Location     Type
		None
 Auto vars:     Size  Location     Type
		None
 Return value:  Size  Location     Type
                  1    wreg      void 
 Registers used:
		wreg
 Tracked objects:
		On entry : 
		On exit  : 
		Unchanged: 
 Data sizes:     COMMON   BANK0   BANK1   BANK3   BANK2
      Params:         0       0       0       0       0
      Locals:         0       0       0       0       0
      Temps:          2       0       0       0       0
      Totals:         2       0       0       0       0
Total ram usage:        2 bytes
 Hardware stack levels used:    1
 This function calls:
		Nothing
 This function is called by:
		_lcd_cmd
		_lcd_write
 This function uses a non-reentrant model


 *************** function _i2c_write *****************
 Defined at:
		line 58 in file "./i2c-master.h"
 Parameters:    Size  Location     Type
  d_addr          1    wreg     unsigned char 
 Auto vars:     Size  Location     Type
  d_addr          1    0[COMMON] unsigned char 
 Return value:  Size  Location     Type
                  1    wreg      unsigned char 
 Registers used:
		wreg, status,2, status,0, pclath, cstack
 Tracked objects:
		On entry : 
		On exit  : 
		Unchanged: 
 Data sizes:     COMMON   BANK0   BANK1   BANK3   BANK2
      Params:         0       0       0       0       0
      Locals:         1       0       0       0       0
      Temps:          0       0       0       0       0
      Totals:         1       0       0       0       0
Total ram usage:        1 bytes
 Hardware stack levels used:    1
 Hardware stack levels required when called:    2
 This function calls:
		_i2c_is_idle
		_i2c_stop
 This function is called by:
		_main
 This function uses a non-reentrant model


 *************** function _i2c_stop *****************
 Defined at:
		line 51 in file "./i2c-master.h"
 Parameters:    Size  Location     Type
		None
 Auto vars:     Size  Location     Type
		None
 Return value:  Size  Location     Type
                  1    wreg      void 
 Registers used:
		wreg, status,2, status,0, pclath, cstack
 Tracked objects:
		On entry : 
		On exit  : 
		Unchanged: 
 Data sizes:     COMMON   BANK0   BANK1   BANK3   BANK2
      Params:         0       0       0       0       0
      Locals:         0       0       0       0       0
      Temps:          0       0       0       0       0
      Totals:         0       0       0       0       0
Total ram usage:        0 bytes
 Hardware stack levels used:    1
 Hardware stack levels required when called:    1
 This function calls:
		_i2c_is_idle
 This function is called by:
		_i2c_write
		_main
 This function uses a non-reentrant model


 *************** function _i2c_start *****************
 Defined at:
		line 37 in file "./i2c-master.h"
 Parameters:    Size  Location     Type
		None
 Auto vars:     Size  Location     Type
		None
 Return value:  Size  Location     Type
                  1    wreg      void 
 Registers used:
		wreg, status,2, status,0, pclath, cstack
 Tracked objects:
		On entry : 
		On exit  : 
		Unchanged: 
 Data sizes:     COMMON   BANK0   BANK1   BANK3   BANK2
      Params:         0       0       0       0       0
      Locals:         0       0       0       0       0
      Temps:          0       0       0       0       0
      Totals:         0       0       0       0       0
Total ram usage:        0 bytes
 Hardware stack levels used:    1
 Hardware stack levels required when called:    1
 This function calls:
		_i2c_is_idle
 This function is called by:
		_main
 This function uses a non-reentrant model


 *************** function _i2c_rep_start *****************
 Defined at:
		line 44 in file "./i2c-master.h"
 Parameters:    Size  Location     Type
		None
 Auto vars:     Size  Location     Type
		None
 Return value:  Size  Location     Type
                  1    wreg      void 
 Registers used:
		wreg, status,2, status,0, pclath, cstack
 Tracked objects:
		On entry : 
		On exit  : 
		Unchanged: 
 Data sizes:     COMMON   BANK0   BANK1   BANK3   BANK2
      Params:         0       0       0       0       0
      Locals:         0       0       0       0       0
      Temps:          0       0       0       0       0
      Totals:         0       0       0       0       0
Total ram usage:        0 bytes
 Hardware stack levels used:    1
 Hardware stack levels required when called:    1
 This function calls:
		_i2c_is_idle
 This function is called by:
		_main
 This function uses a non-reentrant model


 *************** function _i2c_read *****************
 Defined at:
		line 73 in file "./i2c-master.h"
 Parameters:    Size  Location     Type
  ack             1    wreg     unsigned char 
 Auto vars:     Size  Location     Type
  ack             1    1[COMMON] unsigned char 
  data            1    2[COMMON] unsigned char 
 Return value:  Size  Location     Type
                  1    wreg      unsigned char 
 Registers used:
		wreg, status,2, status,0, pclath, cstack
 Tracked objects:
		On entry : 
		On exit  : 
		Unchanged: 
 Data sizes:     COMMON   BANK0   BANK1   BANK3   BANK2
      Params:         0       0       0       0       0
      Locals:         2       0       0       0       0
      Temps:          1       0       0       0       0
      Totals:         3       0       0       0       0
Total ram usage:        3 bytes
 Hardware stack levels used:    1
 Hardware stack levels required when called:    1
 This function calls:
		_i2c_is_idle
 This function is called by:
		_main
 This function uses a non-reentrant model


 *************** function _i2c_is_idle *****************
 Defined at:
		line 33 in file "./i2c-master.h"
 Parameters:    Size  Location     Type
		None
 Auto vars:     Size  Location     Type
		None
 Return value:  Size  Location     Type
                  1    wreg      void 
 Registers used:
		wreg, status,2
 Tracked objects:
		On entry : 
		On exit  : 
		Unchanged: 
 Data sizes:     COMMON   BANK0   BANK1   BANK3   BANK2
      Params:         0       0       0       0       0
      Locals:         0       0       0       0       0
      Temps:          0       0       0       0       0
      Totals:         0       0       0       0       0
Total ram usage:        0 bytes
 Hardware stack levels used:    1
 This function calls:
		Nothing
 This function is called by:
		_i2c_start
		_i2c_rep_start
		_i2c_stop
		_i2c_write
		_i2c_read
		_main
 This function uses a non-reentrant model


 *************** function _i2c_master_init *****************
 Defined at:
		line 24 in file "./i2c-master.h"
 Parameters:    Size  Location     Type
  baud_rate       4    0[BANK0 ] unsigned long 
 Auto vars:     Size  Location     Type
		None
 Return value:  Size  Location     Type
                  1    wreg      void 
 Registers used:
		wreg, status,2, status,0, pclath, cstack
 Tracked objects:
		On entry : 
		On exit  : 
		Unchanged: 
 Data sizes:     COMMON   BANK0   BANK1   BANK3   BANK2
      Params:         0       4       0       0       0
      Locals:         0       0       0       0       0
      Temps:          0       4       0       0       0
      Totals:         0       8       0       0       0
Total ram usage:        8 bytes
 Hardware stack levels used:    1
 Hardware stack levels required when called:    1
 This function calls:
		___lldiv
 This function is called by:
		_main
 This function uses a non-reentrant model


 *************** function ___lldiv *****************
 Defined at:
		line 5 in file "C:\Program Files\Microchip\xc8\v2.31\pic\sources\c90\common\__lldiv.c"
 Parameters:    Size  Location     Type
  divisor         4    0[COMMON] unsigned long 
  dividend        4    4[COMMON] unsigned long 
 Auto vars:     Size  Location     Type
  quotient        4    9[COMMON] unsigned long 
  counter         1   13[COMMON] unsigned char 
 Return value:  Size  Location     Type
                  4    0[COMMON] unsigned long 
 Registers used:
		wreg, status,2, status,0
 Tracked objects:
		On entry : 
		On exit  : 
		Unchanged: 
 Data sizes:     COMMON   BANK0   BANK1   BANK3   BANK2
      Params:         8       0       0       0       0
      Locals:         5       0       0       0       0
      Temps:          1       0       0       0       0
      Totals:        14       0       0       0       0
Total ram usage:       14 bytes
 Hardware stack levels used:    1
 This function calls:
		Nothing
 This function is called by:
		_i2c_master_init
 This function uses a non-reentrant model



MODULE INFORMATION

Module		Function		Class		Link	Load	Size
C:\Program Files\Microchip\xc8\v2.31\pic\sources\c90\common\__lldiv.c
		___lldiv       		CODE           	03F3	0000	102

C:\Program Files\Microchip\xc8\v2.31\pic\sources\c90\common\__lldiv.c estimated size: 102

C:\Program Files\Microchip\xc8\v2.31\pic\sources\c90\common\doprnt.c
		_sprintf       		CODE           	0459	0000	378

C:\Program Files\Microchip\xc8\v2.31\pic\sources\c90\common\doprnt.c estimated size: 378

C:\Program Files\Microchip\xc8\v2.31\pic\sources\c90\common\lwmod.c
		___lwmod       		CODE           	0244	0000	58

C:\Program Files\Microchip\xc8\v2.31\pic\sources\c90\common\lwmod.c estimated size: 58

./i2c-master.h
		_i2c_start     		CODE           	014B	0000	16
		_i2c_rep_start 		CODE           	013B	0000	16
		_i2c_master_init		CODE           	02C0	0000	67
		_i2c_write     		CODE           	01F0	0000	39
		_i2c_is_idle   		CODE           	012E	0000	13
		_i2c_stop      		CODE           	015B	0000	16
		_i2c_read      		CODE           	01CC	0000	36

./i2c-master.h estimated size: 203

C:\Program Files\Microchip\xc8\v2.31\pic\sources\c90\common\lwdiv.c
		___lwdiv       		CODE           	0303	0000	68

C:\Program Files\Microchip\xc8\v2.31\pic\sources\c90\common\lwdiv.c estimated size: 68

shared
		__stringtab    		STRING         	0003	0000	16
		_dpowers       		STRING         	0013	0000	10
		__initialization		CODE           	07FC	0000	1
		_hexpowers     		STRING         	001D	0000	8

shared estimated size: 35

./lcd-4bit.h
		_lcd_cmd       		CODE           	016B	0000	16
		_lcd_data      		CODE           	01AA	0000	34
		_lcd_clock     		CODE           	0191	0000	25
		_lcd_clear     		CODE           	017B	0000	22
		_lcd_goto_xy   		CODE           	0347	0000	81
		_lcd_write     		CODE           	0217	0000	45
		_lcd_write_string		CODE           	027E	0000	66
		_lcd_init      		CODE           	0398	0000	91

./lcd-4bit.h estimated size: 380

main.c
		_main          		CODE           	05D3	0000	553

main.c estimated size: 553

