Microchip MPLAB XC8 Compiler V2.30

Linker command line:

-W-3 --edf=C:\Program Files\Microchip\xc8\v2.30\pic\dat\en_msgs.txt -cn \
  -h+dist/default/production\emb_das.X.production.sym \
  --cmf=dist/default/production\emb_das.X.production.cmf -z -Q16F877A \
  -oC:\Users\Marco\AppData\Local\Temp\sga0x2 --defsym=__MPLAB_BUILD=1 \
  -Mdist/default/production/emb_das.X.production.map -E1 -ver=XC8 Compiler \
  --acfsm=1493 -ASTACK=0110h-016Fh -pstack=STACK -ACODE=00h-07FFhx4 \
  -ASTRCODE=00h-01FFFh -ASTRING=00h-0FFhx32 -ACONST=00h-0FFhx32 \
  -AENTRY=00h-0FFhx32 -ACOMMON=070h-07Fh -ABANK0=020h-06Fh \
  -ABANK1=0A0h-0EFh -ABANK2=0110h-016Fh -ABANK3=0190h-01EFh \
  -ARAM=020h-06Fh,0A0h-0EFh,0110h-016Fh,0190h-01EFh \
  -AABS1=020h-07Fh,0A0h-0EFh,0110h-016Fh,0190h-01EFh -ASFR0=00h-01Fh \
  -ASFR1=080h-09Fh -ASFR2=0100h-010Fh -ASFR3=0180h-018Fh \
  -ACONFIG=02007h-02007h -DCONFIG=2 -AIDLOC=02000h-02003h -DIDLOC=2 \
  -AEEDATA=00h-0FFh/02100h -peeprom_data=EEDATA -DEEDATA=2 -DCODE=2 \
  -DSTRCODE=2 -DSTRING=2 -DCONST=2 -DENTRY=2 \
  -preset_vec=00h,intentry=04h,init,end_init -ppowerup=CODE -pcinit=CODE \
  -pfunctab=ENTRY -k C:\Users\Marco\AppData\Local\Temp\sga0xg.o \
  dist/default/production\emb_das.X.production.o 

Object code version is 3.11

Machine type is 16F877A



                Name                               Link     Load   Length Selector   Space Scale
C:\Users\Marco\AppData\Local\Temp\sga0xg.o
                end_init                              C        C        3        8       0
                reset_vec                             0        0        3        0       0
                config                             2007     2007        1        0       4
dist/default/production\emb_das.X.production.o
                cinit                                 F        F        6        8       0
                intentry                              4        4        8        8       0
                config                             2007     2007        1        0       4
                text17                              5E7      5E7       18      898       0
                text16                              587      587       25      898       0
                text15                              5CE      5CE       19      898       0
                text14                              5AC      5AC       22      898       0
                text13                              625      625       10      898       0
                text12                              5FF      5FF       16      898       0
                text11                              326      326       59        8       0
                text10                              2CB      2CB       5B        8       0
                text9                               55A      55A       2D      898       0
                text8                               494      494       46      898       0
                text7                               22E      22E       9D        8       0
                text6                               44C      44C       48      898       0
                text5                               37F      37F       57        8       0
                text4                               4DA      4DA       44      898       0
                text3                               51E      51E       3C      898       0
                text2                               144      144       EA        8       0
                text1                               615      615       10      898       0
                maintext                             15       15      12F        8       0
                cstackBANK0                          20       20       25       20       1
                cstackCOMMON                         70       70        A       70       1
                cstackBANK1                          A0       A0       2C       A0       1
                bssCOMMON                            7A       7A        2       70       1
                strings                             400      400       4C      800       0

TOTAL           Name                               Link     Load   Length     Space
        CLASS   STACK          

        CLASS   CODE           
                end_init                              C        C        3         0
                cinit                                 F        F        6         0
                intentry                              4        4        8         0
                reset_vec                             0        0        3         0
                text17                              5E7      5E7       18         0
                text16                              587      587       25         0
                text15                              5CE      5CE       19         0
                text14                              5AC      5AC       22         0
                text13                              625      625       10         0
                text12                              5FF      5FF       16         0
                text11                              326      326       59         0
                text10                              2CB      2CB       5B         0
                text9                               55A      55A       2D         0
                text8                               494      494       46         0
                text7                               22E      22E       9D         0
                text6                               44C      44C       48         0
                text5                               37F      37F       57         0
                text4                               4DA      4DA       44         0
                text3                               51E      51E       3C         0
                text2                               144      144       EA         0
                text1                               615      615       10         0
                maintext                             15       15      12F         0

        CLASS   STRCODE        

        CLASS   STRING         
                strings                             400      400       4C         0

        CLASS   CONST          

        CLASS   ENTRY          

        CLASS   COMMON         
                cstackCOMMON                         70       70        A         1
                bssCOMMON                            7A       7A        2         1

        CLASS   BANK0          
                cstackBANK0                          20       20       25         1

        CLASS   BANK1          
                cstackBANK1                          A0       A0       2C         1

        CLASS   BANK2          

        CLASS   BANK3          

        CLASS   RAM            

        CLASS   ABS1           
                abs_s1                               7E       7E        2         1

        CLASS   SFR0           

        CLASS   SFR1           

        CLASS   SFR2           

        CLASS   SFR3           

        CLASS   CONFIG         
                config                             2007     2007        1         4

        CLASS   IDLOC          

        CLASS   EEDATA         



SEGMENTS        Name                           Load    Length   Top    Selector   Space  Class     Delta

                reset_vec                      000000  000003  000003         0       0  CODE        2
                intentry                       000004  0003D2  0003D6         8       0  CODE        2
                cstackBANK0                    000020  000025  000045        20       1  BANK0       1
                cstackCOMMON                   000070  00000C  00007C        70       1  COMMON      1
                cstackBANK1                    0000A0  00002C  0000CC        A0       1  BANK1       1
                strings                        000400  00004C  00044C       800       0  STRING      2
                text6                          00044C  0001E9  000635       898       0  CODE        2


UNUSED ADDRESS RANGES

        Name                Unused          Largest block    Delta
        BANK0            0045-006F             2B           1
        BANK1            00CC-00EF             24           1
        BANK2            0110-016F             60           1
        BANK3            0190-01EF             60           1
        CODE             0003-0003              1           2
                         03D6-03FF             2A
                         0635-1FFF            800
        COMMON           007C-007D              2           1
        CONST            0003-0003              1           2
                         03D6-03FF             2A
                         0635-1FFF            100
        EEDATA           2100-21FF            100           2
        ENTRY            0003-0003              1           2
                         03D6-03FF             2A
                         0635-1FFF            100
        IDLOC            2000-2003              4           2
        RAM              0045-006F             2B           1
                         00CC-00EF             24
                         0110-016F             60
                         0190-01EF             60
        SFR0             0000-001F             20           1
        SFR1             0080-009F             20           1
        SFR2             0100-010F             10           1
        SFR3             0180-018F             10           1
        STACK            0110-016F             60           1
        STRCODE          0003-0003              1           2
                         03D6-03FF             2A
                         0635-1FFF           19CB
        STRING           0003-0003              1           2
                         03D6-03FF             2A
                         0635-1FFF            100

                                  Symbol Table

?___aldiv                  cstackBANK0  0025
?___lmul                   cstackCOMMON 0072
?___lwdiv                  cstackCOMMON 0072
?___lwmod                  cstackBANK0  0020
?___wmul                   cstackCOMMON 0072
?_map                      cstackBANK0  0034
?_sprintf                  cstackBANK0  0026
_INTCONbits                (abs)        000B
_ISR                       text17       05E7
_PIE1bits                  (abs)        008C
_PIR1bits                  (abs)        000C
_PORTCbits                 (abs)        0007
_PORTD                     (abs)        0008
_RB2                       (abs)        0032
_RB3                       (abs)        0033
_RB4                       (abs)        0034
_RB5                       (abs)        0035
_RB6                       (abs)        0036
_RB7                       (abs)        0037
_RC0                       (abs)        0038
_RC1                       (abs)        0039
_T1CONbits                 (abs)        0010
_TMR1                      (abs)        000E
_TRISB                     (abs)        0086
_TRISC0                    (abs)        0438
_TRISC1                    (abs)        0439
_TRISD                     (abs)        0088
__Habs1                    abs1         0000
__Hbank0                   bank0        0000
__Hbank1                   bank1        0000
__Hbank2                   bank2        0000
__Hbank3                   bank3        0000
__HbssCOMMON               bssCOMMON    0000
__Hcinit                   cinit        0015
__Hclrtext                 clrtext      0000
__Hcode                    code         0000
__Hcommon                  common       0000
__Hconfig                  config       2008
__HcstackBANK0             cstackBANK0  0000
__HcstackBANK1             cstackBANK1  0000
__HcstackCOMMON            cstackCOMMON 0000
__Heeprom_data             eeprom_data  0000
__Hend_init                end_init     000F
__Hfunctab                 functab      0000
__Hinit                    init         000C
__Hintentry                intentry     000C
__Hmaintext                maintext     0000
__Hpowerup                 powerup      0000
__Hram                     ram          0000
__Hreset_vec               reset_vec    0003
__Hsfr0                    sfr0         0000
__Hsfr1                    sfr1         0000
__Hsfr2                    sfr2         0000
__Hsfr3                    sfr3         0000
__Hspace_0                 (abs)        0635
__Hspace_1                 (abs)        00CC
__Hspace_2                 (abs)        0000
__Hspace_3                 (abs)        0000
__Hspace_4                 (abs)        400F
__Hstack                   stack        0000
__Hstrings                 strings      0000
__Htext                    text         0000
__Labs1                    abs1         0000
__Lbank0                   bank0        0000
__Lbank1                   bank1        0000
__Lbank2                   bank2        0000
__Lbank3                   bank3        0000
__LbssCOMMON               bssCOMMON    0000
__Lcinit                   cinit        000F
__Lclrtext                 clrtext      0000
__Lcode                    code         0000
__Lcommon                  common       0000
__Lconfig                  config       0000
__LcstackBANK0             cstackBANK0  0000
__LcstackBANK1             cstackBANK1  0000
__LcstackCOMMON            cstackCOMMON 0000
__Leeprom_data             eeprom_data  0000
__Lend_init                end_init     000C
__Lfunctab                 functab      0000
__Linit                    init         000C
__Lintentry                intentry     0004
__Lmaintext                maintext     0000
__Lpowerup                 powerup      0000
__Lram                     ram          0000
__Lreset_vec               reset_vec    0000
__Lsfr0                    sfr0         0000
__Lsfr1                    sfr1         0000
__Lsfr2                    sfr2         0000
__Lsfr3                    sfr3         0000
__Lspace_0                 (abs)        0000
__Lspace_1                 (abs)        0000
__Lspace_2                 (abs)        0000
__Lspace_3                 (abs)        0000
__Lspace_4                 (abs)        0000
__Lstack                   stack        0000
__Lstrings                 strings      0000
__Ltext                    text         0000
__S0                       (abs)        0635
__S1                       (abs)        00CC
__S2                       (abs)        0000
__S3                       (abs)        0000
___aldiv                   text7        022E
___aldiv@counter           cstackBANK0  002E
___aldiv@dividend          cstackBANK0  0029
___aldiv@divisor           cstackBANK0  0025
___aldiv@quotient          cstackBANK0  0030
___aldiv@sign              cstackBANK0  002F
___int_sp                  stack        0000
___latbits                 (abs)        0002
___lmul                    text6        044C
___lmul@multiplicand       cstackCOMMON 0076
___lmul@multiplier         cstackCOMMON 0072
___lmul@product            cstackBANK0  0021
___lwdiv                   text4        04DA
___lwdiv@counter           cstackCOMMON 0077
___lwdiv@dividend          cstackCOMMON 0074
___lwdiv@divisor           cstackCOMMON 0072
___lwdiv@quotient          cstackCOMMON 0078
___lwmod                   text3        051E
___lwmod@counter           cstackBANK0  0025
___lwmod@dividend          cstackBANK0  0022
___lwmod@divisor           cstackBANK0  0020
___sp                      stack        0000
___stackhi                 (abs)        0000
___stacklo                 (abs)        0000
___wmul                    text16       0587
___wmul@multiplicand       cstackCOMMON 0074
___wmul@multiplier         cstackCOMMON 0072
___wmul@product            cstackCOMMON 0076
__end_of_ISR               text17       05FF
__end_of___aldiv           text7        02CB
__end_of___lmul            text6        0494
__end_of___lwdiv           text4        051E
__end_of___lwmod           text3        055A
__end_of___wmul            text16       05AC
__end_of__initialization   cinit        0011
__end_of__stringtab        strings      0410
__end_of_dpowers           strings      041A
__end_of_lcd_clear         text12       0615
__end_of_lcd_clock         text15       05E7
__end_of_lcd_cmd           text13       0635
__end_of_lcd_data          text14       05CE
__end_of_lcd_goto_xy       text11       037F
__end_of_lcd_init          text10       0326
__end_of_lcd_write         text9        0587
__end_of_lcd_write_string  text8        04DA
__end_of_main              maintext     0144
__end_of_map               text5        03D6
__end_of_sprintf           text2        022E
__end_of_timer1_init       text1        0625
__initialization           cinit        000F
__pbssCOMMON               bssCOMMON    007A
__pcstackBANK0             cstackBANK0  0020
__pcstackBANK1             cstackBANK1  00A0
__pcstackCOMMON            cstackCOMMON 0070
__pintentry                intentry     0004
__pmaintext                maintext     0015
__pstrings                 strings      0400
__ptext1                   text1        0615
__ptext10                  text10       02CB
__ptext11                  text11       0326
__ptext12                  text12       05FF
__ptext13                  text13       0625
__ptext14                  text14       05AC
__ptext15                  text15       05CE
__ptext16                  text16       0587
__ptext17                  text17       05E7
__ptext2                   text2        0144
__ptext3                   text3        051E
__ptext4                   text4        04DA
__ptext5                   text5        037F
__ptext6                   text6        044C
__ptext7                   text7        022E
__ptext8                   text8        0494
__ptext9                   text9        055A
__size_of_ISR              (abs)        0000
__size_of___aldiv          (abs)        0000
__size_of___lmul           (abs)        0000
__size_of___lwdiv          (abs)        0000
__size_of___lwmod          (abs)        0000
__size_of___wmul           (abs)        0000
__size_of_lcd_clear        (abs)        0000
__size_of_lcd_clock        (abs)        0000
__size_of_lcd_cmd          (abs)        0000
__size_of_lcd_data         (abs)        0000
__size_of_lcd_goto_xy      (abs)        0000
__size_of_lcd_init         (abs)        0000
__size_of_lcd_write        (abs)        0000
__size_of_lcd_write_string (abs)        0000
__size_of_main             (abs)        0000
__size_of_map              (abs)        0000
__size_of_sprintf          (abs)        0000
__size_of_timer1_init      (abs)        0000
__stringbase               strings      040F
__stringtab                strings      0400
_dpowers                   strings      0410
_lcd_clear                 text12       05FF
_lcd_clock                 text15       05CE
_lcd_cmd                   text13       0625
_lcd_data                  text14       05AC
_lcd_goto_xy               text11       0326
_lcd_init                  text10       02CB
_lcd_write                 text9        055A
_lcd_write_string          text8        0494
_main                      maintext     0015
_map                       text5        037F
_overflow                  bssCOMMON    007A
_sprintf                   text2        0144
_timer1_init               text1        0615
btemp                      (abs)        007E
end_of_initialization      cinit        0011
interrupt_function         intentry     0004
intlevel0                  functab      0000
intlevel1                  functab      0000
intlevel2                  functab      0000
intlevel3                  functab      0000
intlevel4                  functab      0000
intlevel5                  functab      0000
lcd_cmd@cmd                cstackCOMMON 0074
lcd_data@data              cstackCOMMON 0072
lcd_goto_xy@c              cstackCOMMON 0075
lcd_goto_xy@high4          cstackBANK0  0022
lcd_goto_xy@low4           cstackBANK0  0021
lcd_goto_xy@r              cstackBANK0  0020
lcd_goto_xy@temp           cstackBANK0  0023
lcd_write@byte             cstackCOMMON 0077
lcd_write@high_nibble      cstackCOMMON 0076
lcd_write@low_nibble       cstackCOMMON 0075
lcd_write_string@i         cstackBANK0  0023
lcd_write_string@str       cstackCOMMON 0078
main@chr_distance          cstackBANK1  00A0
main@chr_duration          cstackBANK1  00B4
main@distance              cstackBANK1  00C8
main@duration              cstackBANK1  00CA
map@fromHigh               cstackBANK0  0038
map@fromLow                cstackBANK0  0036
map@toHigh                 cstackBANK0  003C
map@toLow                  cstackBANK0  003A
map@value                  cstackBANK0  0034
reset_vec                  reset_vec    0000
saved_w                    (abs)        007E
sprintf@ap                 cstackBANK0  002C
sprintf@c                  cstackBANK0  0032
sprintf@f                  cstackBANK0  0026
sprintf@flag               cstackBANK0  002D
sprintf@prec               cstackBANK0  002E
sprintf@sp                 cstackBANK0  0031
sprintf@val                cstackBANK0  002F
start                      init         000C
start_initialization       cinit        000F
wtemp0                     (abs)        007E


FUNCTION INFORMATION:

 *************** function _main *****************
 Defined at:
		line 22 in file "main.c"
 Parameters:    Size  Location     Type
		None
 Auto vars:     Size  Location     Type
  chr_duration   20   20[BANK1 ] unsigned char [20]
  chr_distance   20    0[BANK1 ] unsigned char [20]
  duration        2   42[BANK1 ] unsigned int 
  distance        2   40[BANK1 ] unsigned int 
 Return value:  Size  Location     Type
                  1    wreg      void 
 Registers used:
		wreg, fsr0l, fsr0h, status,2, status,0, btemp+1, pclath, cstack
 Tracked objects:
		On entry : 
		On exit  : 
		Unchanged: 
 Data sizes:     COMMON   BANK0   BANK1   BANK3   BANK2
      Params:         0       0       0       0       0
      Locals:         0       0      44       0       0
      Temps:          0       3       0       0       0
      Totals:         0       3      44       0       0
Total ram usage:       47 bytes
 Hardware stack levels required when called:    4
 This function calls:
		___wmul
		_lcd_clear
		_lcd_goto_xy
		_lcd_init
		_lcd_write_string
		_map
		_sprintf
		_timer1_init
 This function is called by:
		Startup code after reset
 This function uses a non-reentrant model


 *************** function _timer1_init *****************
 Defined at:
		line 94 in file "main.c"
 Parameters:    Size  Location     Type
		None
 Auto vars:     Size  Location     Type
		None
 Return value:  Size  Location     Type
                  1    wreg      void 
 Registers used:
		None
 Tracked objects:
		On entry : 
		On exit  : 
		Unchanged: 
 Data sizes:     COMMON   BANK0   BANK1   BANK3   BANK2
      Params:         0       0       0       0       0
      Locals:         0       0       0       0       0
      Temps:          0       0       0       0       0
      Totals:         0       0       0       0       0
Total ram usage:        0 bytes
 Hardware stack levels used:    1
 Hardware stack levels required when called:    1
 This function calls:
		Nothing
 This function is called by:
		_main
 This function uses a non-reentrant model


 *************** function _sprintf *****************
 Defined at:
		line 505 in file "C:\Program Files\Microchip\xc8\v2.30\pic\sources\c90\common\doprnt.c"
 Parameters:    Size  Location     Type
  sp              1    wreg     PTR unsigned char 
		 -> main@chr_duration(20), main@chr_distance(20), 
  f               1    6[BANK0 ] PTR const unsigned char 
		 -> STR_6(3), STR_3(3), 
 Auto vars:     Size  Location     Type
  sp              1   17[BANK0 ] PTR unsigned char 
		 -> main@chr_duration(20), main@chr_distance(20), 
  tmpval          4    0        struct .
  val             2   15[BANK0 ] unsigned int 
  cp              2    0        PTR const unsigned char 
  len             2    0        unsigned int 
  c               1   18[BANK0 ] unsigned char 
  prec            1   14[BANK0 ] char 
  flag            1   13[BANK0 ] unsigned char 
  ap              1   12[BANK0 ] PTR void [1]
		 -> ?_sprintf(2), 
 Return value:  Size  Location     Type
                  2    6[BANK0 ] int 
 Registers used:
		wreg, fsr0l, fsr0h, status,2, status,0, btemp+1, pclath, cstack
 Tracked objects:
		On entry : 
		On exit  : 
		Unchanged: 
 Data sizes:     COMMON   BANK0   BANK1   BANK3   BANK2
      Params:         0       3       0       0       0
      Locals:         0       7       0       0       0
      Temps:          0       3       0       0       0
      Totals:         0      13       0       0       0
Total ram usage:       13 bytes
 Hardware stack levels used:    1
 Hardware stack levels required when called:    2
 This function calls:
		___lwdiv
		___lwmod
 This function is called by:
		_main
 This function uses a non-reentrant model


 *************** function ___lwmod *****************
 Defined at:
		line 5 in file "C:\Program Files\Microchip\xc8\v2.30\pic\sources\c90\common\lwmod.c"
 Parameters:    Size  Location     Type
  divisor         2    0[BANK0 ] unsigned int 
  dividend        2    2[BANK0 ] unsigned int 
 Auto vars:     Size  Location     Type
  counter         1    5[BANK0 ] unsigned char 
 Return value:  Size  Location     Type
                  2    0[BANK0 ] unsigned int 
 Registers used:
		wreg, status,2, status,0
 Tracked objects:
		On entry : 
		On exit  : 
		Unchanged: 
 Data sizes:     COMMON   BANK0   BANK1   BANK3   BANK2
      Params:         0       4       0       0       0
      Locals:         0       1       0       0       0
      Temps:          0       1       0       0       0
      Totals:         0       6       0       0       0
Total ram usage:        6 bytes
 Hardware stack levels used:    1
 Hardware stack levels required when called:    1
 This function calls:
		Nothing
 This function is called by:
		_sprintf
 This function uses a non-reentrant model


 *************** function ___lwdiv *****************
 Defined at:
		line 5 in file "C:\Program Files\Microchip\xc8\v2.30\pic\sources\c90\common\lwdiv.c"
 Parameters:    Size  Location     Type
  divisor         2    2[COMMON] unsigned int 
  dividend        2    4[COMMON] unsigned int 
 Auto vars:     Size  Location     Type
  quotient        2    8[COMMON] unsigned int 
  counter         1    7[COMMON] unsigned char 
 Return value:  Size  Location     Type
                  2    2[COMMON] unsigned int 
 Registers used:
		wreg, status,2, status,0
 Tracked objects:
		On entry : 
		On exit  : 
		Unchanged: 
 Data sizes:     COMMON   BANK0   BANK1   BANK3   BANK2
      Params:         4       0       0       0       0
      Locals:         3       0       0       0       0
      Temps:          1       0       0       0       0
      Totals:         8       0       0       0       0
Total ram usage:        8 bytes
 Hardware stack levels used:    1
 Hardware stack levels required when called:    1
 This function calls:
		Nothing
 This function is called by:
		_sprintf
 This function uses a non-reentrant model


 *************** function _map *****************
 Defined at:
		line 105 in file "main.c"
 Parameters:    Size  Location     Type
  value           2   20[BANK0 ] unsigned int 
  fromLow         2   22[BANK0 ] unsigned int 
  fromHigh        2   24[BANK0 ] unsigned int 
  toLow           2   26[BANK0 ] unsigned int 
  toHigh          2   28[BANK0 ] unsigned int 
 Auto vars:     Size  Location     Type
		None
 Return value:  Size  Location     Type
                  4   20[BANK0 ] long 
 Registers used:
		wreg, status,2, status,0, pclath, cstack
 Tracked objects:
		On entry : 
		On exit  : 
		Unchanged: 
 Data sizes:     COMMON   BANK0   BANK1   BANK3   BANK2
      Params:         0      10       0       0       0
      Locals:         0       0       0       0       0
      Temps:          0       4       0       0       0
      Totals:         0      14       0       0       0
Total ram usage:       14 bytes
 Hardware stack levels used:    1
 Hardware stack levels required when called:    2
 This function calls:
		___aldiv
		___lmul
 This function is called by:
		_main
 This function uses a non-reentrant model


 *************** function ___lmul *****************
 Defined at:
		line 15 in file "C:\Program Files\Microchip\xc8\v2.30\pic\sources\c90\common\Umul32.c"
 Parameters:    Size  Location     Type
  multiplier      4    2[COMMON] unsigned long 
  multiplicand    4    6[COMMON] unsigned long 
 Auto vars:     Size  Location     Type
  product         4    1[BANK0 ] unsigned long 
 Return value:  Size  Location     Type
                  4    2[COMMON] unsigned long 
 Registers used:
		wreg, status,2, status,0
 Tracked objects:
		On entry : 
		On exit  : 
		Unchanged: 
 Data sizes:     COMMON   BANK0   BANK1   BANK3   BANK2
      Params:         8       0       0       0       0
      Locals:         0       4       0       0       0
      Temps:          0       1       0       0       0
      Totals:         8       5       0       0       0
Total ram usage:       13 bytes
 Hardware stack levels used:    1
 Hardware stack levels required when called:    1
 This function calls:
		Nothing
 This function is called by:
		_map
 This function uses a non-reentrant model


 *************** function ___aldiv *****************
 Defined at:
		line 5 in file "C:\Program Files\Microchip\xc8\v2.30\pic\sources\c90\common\aldiv.c"
 Parameters:    Size  Location     Type
  divisor         4    5[BANK0 ] long 
  dividend        4    9[BANK0 ] long 
 Auto vars:     Size  Location     Type
  quotient        4   16[BANK0 ] long 
  sign            1   15[BANK0 ] unsigned char 
  counter         1   14[BANK0 ] unsigned char 
 Return value:  Size  Location     Type
                  4    5[BANK0 ] long 
 Registers used:
		wreg, status,2, status,0
 Tracked objects:
		On entry : 
		On exit  : 
		Unchanged: 
 Data sizes:     COMMON   BANK0   BANK1   BANK3   BANK2
      Params:         0       8       0       0       0
      Locals:         0       6       0       0       0
      Temps:          0       1       0       0       0
      Totals:         0      15       0       0       0
Total ram usage:       15 bytes
 Hardware stack levels used:    1
 Hardware stack levels required when called:    1
 This function calls:
		Nothing
 This function is called by:
		_map
 This function uses a non-reentrant model


 *************** function _lcd_write_string *****************
 Defined at:
		line 103 in file "lcd_4bit.c"
 Parameters:    Size  Location     Type
  str             2    8[COMMON] PTR unsigned char 
		 -> STR_8(3), STR_7(11), main@chr_duration(20), STR_5(3), 
		 -> STR_4(11), main@chr_distance(20), STR_2(15), STR_1(4), 
 Auto vars:     Size  Location     Type
  i               2    3[BANK0 ] int 
 Return value:  Size  Location     Type
                  1    wreg      void 
 Registers used:
		wreg, fsr0l, fsr0h, status,2, status,0, btemp+1, pclath, cstack
 Tracked objects:
		On entry : 
		On exit  : 
		Unchanged: 
 Data sizes:     COMMON   BANK0   BANK1   BANK3   BANK2
      Params:         2       0       0       0       0
      Locals:         0       2       0       0       0
      Temps:          0       3       0       0       0
      Totals:         2       5       0       0       0
Total ram usage:        7 bytes
 Hardware stack levels used:    1
 Hardware stack levels required when called:    3
 This function calls:
		_lcd_write
 This function is called by:
		_main
 This function uses a non-reentrant model


 *************** function _lcd_write *****************
 Defined at:
		line 89 in file "lcd_4bit.c"
 Parameters:    Size  Location     Type
  byte            1    wreg     unsigned char 
 Auto vars:     Size  Location     Type
  byte            1    7[COMMON] unsigned char 
  high_nibble     1    6[COMMON] unsigned char 
  low_nibble      1    5[COMMON] unsigned char 
 Return value:  Size  Location     Type
                  1    wreg      void 
 Registers used:
		wreg, status,2, status,0, pclath, cstack
 Tracked objects:
		On entry : 
		On exit  : 
		Unchanged: 
 Data sizes:     COMMON   BANK0   BANK1   BANK3   BANK2
      Params:         0       0       0       0       0
      Locals:         3       0       0       0       0
      Temps:          1       0       0       0       0
      Totals:         4       0       0       0       0
Total ram usage:        4 bytes
 Hardware stack levels used:    1
 Hardware stack levels required when called:    2
 This function calls:
		_lcd_clock
		_lcd_data
 This function is called by:
		_lcd_write_string
 This function uses a non-reentrant model


 *************** function _lcd_init *****************
 Defined at:
		line 72 in file "lcd_4bit.c"
 Parameters:    Size  Location     Type
		None
 Auto vars:     Size  Location     Type
		None
 Return value:  Size  Location     Type
                  1    wreg      void 
 Registers used:
		wreg, status,2, status,0, pclath, cstack
 Tracked objects:
		On entry : 
		On exit  : 
		Unchanged: 
 Data sizes:     COMMON   BANK0   BANK1   BANK3   BANK2
      Params:         0       0       0       0       0
      Locals:         0       0       0       0       0
      Temps:          2       0       0       0       0
      Totals:         2       0       0       0       0
Total ram usage:        2 bytes
 Hardware stack levels used:    1
 Hardware stack levels required when called:    3
 This function calls:
		_lcd_cmd
 This function is called by:
		_main
 This function uses a non-reentrant model


 *************** function _lcd_goto_xy *****************
 Defined at:
		line 54 in file "lcd_4bit.c"
 Parameters:    Size  Location     Type
  r               1    wreg     unsigned char 
  c               1    5[COMMON] unsigned char 
 Auto vars:     Size  Location     Type
  r               1    0[BANK0 ] unsigned char 
  temp            1    3[BANK0 ] unsigned char 
  high4           1    2[BANK0 ] unsigned char 
  low4            1    1[BANK0 ] unsigned char 
 Return value:  Size  Location     Type
                  1    wreg      void 
 Registers used:
		wreg, status,2, status,0, pclath, cstack
 Tracked objects:
		On entry : 
		On exit  : 
		Unchanged: 
 Data sizes:     COMMON   BANK0   BANK1   BANK3   BANK2
      Params:         1       0       0       0       0
      Locals:         0       4       0       0       0
      Temps:          2       0       0       0       0
      Totals:         3       4       0       0       0
Total ram usage:        7 bytes
 Hardware stack levels used:    1
 Hardware stack levels required when called:    3
 This function calls:
		_lcd_cmd
 This function is called by:
		_main
 This function uses a non-reentrant model


 *************** function _lcd_clear *****************
 Defined at:
		line 48 in file "lcd_4bit.c"
 Parameters:    Size  Location     Type
		None
 Auto vars:     Size  Location     Type
		None
 Return value:  Size  Location     Type
                  1    wreg      void 
 Registers used:
		wreg, status,2, status,0, pclath, cstack
 Tracked objects:
		On entry : 
		On exit  : 
		Unchanged: 
 Data sizes:     COMMON   BANK0   BANK1   BANK3   BANK2
      Params:         0       0       0       0       0
      Locals:         0       0       0       0       0
      Temps:          2       0       0       0       0
      Totals:         2       0       0       0       0
Total ram usage:        2 bytes
 Hardware stack levels used:    1
 Hardware stack levels required when called:    3
 This function calls:
		_lcd_cmd
 This function is called by:
		_main
 This function uses a non-reentrant model


 *************** function _lcd_cmd *****************
 Defined at:
		line 40 in file "lcd_4bit.c"
 Parameters:    Size  Location     Type
  cmd             1    wreg     unsigned char 
 Auto vars:     Size  Location     Type
  cmd             1    4[COMMON] unsigned char 
 Return value:  Size  Location     Type
                  1    wreg      void 
 Registers used:
		wreg, status,2, status,0, pclath, cstack
 Tracked objects:
		On entry : 
		On exit  : 
		Unchanged: 
 Data sizes:     COMMON   BANK0   BANK1   BANK3   BANK2
      Params:         0       0       0       0       0
      Locals:         1       0       0       0       0
      Temps:          0       0       0       0       0
      Totals:         1       0       0       0       0
Total ram usage:        1 bytes
 Hardware stack levels used:    1
 Hardware stack levels required when called:    2
 This function calls:
		_lcd_clock
		_lcd_data
 This function is called by:
		_lcd_clear
		_lcd_goto_xy
		_lcd_init
 This function uses a non-reentrant model


 *************** function _lcd_data *****************
 Defined at:
		line 17 in file "lcd_4bit.c"
 Parameters:    Size  Location     Type
  data            1    wreg     unsigned char 
 Auto vars:     Size  Location     Type
  data            1    2[COMMON] unsigned char 
 Return value:  Size  Location     Type
                  1    wreg      void 
 Registers used:
		wreg
 Tracked objects:
		On entry : 
		On exit  : 
		Unchanged: 
 Data sizes:     COMMON   BANK0   BANK1   BANK3   BANK2
      Params:         0       0       0       0       0
      Locals:         1       0       0       0       0
      Temps:          0       0       0       0       0
      Totals:         1       0       0       0       0
Total ram usage:        1 bytes
 Hardware stack levels used:    1
 Hardware stack levels required when called:    1
 This function calls:
		Nothing
 This function is called by:
		_lcd_cmd
		_lcd_write
 This function uses a non-reentrant model


 *************** function _lcd_clock *****************
 Defined at:
		line 9 in file "lcd_4bit.c"
 Parameters:    Size  Location     Type
		None
 Auto vars:     Size  Location     Type
		None
 Return value:  Size  Location     Type
                  1    wreg      void 
 Registers used:
		wreg
 Tracked objects:
		On entry : 
		On exit  : 
		Unchanged: 
 Data sizes:     COMMON   BANK0   BANK1   BANK3   BANK2
      Params:         0       0       0       0       0
      Locals:         0       0       0       0       0
      Temps:          2       0       0       0       0
      Totals:         2       0       0       0       0
Total ram usage:        2 bytes
 Hardware stack levels used:    1
 Hardware stack levels required when called:    1
 This function calls:
		Nothing
 This function is called by:
		_lcd_cmd
		_lcd_write
 This function uses a non-reentrant model


 *************** function ___wmul *****************
 Defined at:
		line 15 in file "C:\Program Files\Microchip\xc8\v2.30\pic\sources\c90\common\Umul16.c"
 Parameters:    Size  Location     Type
  multiplier      2    2[COMMON] unsigned int 
  multiplicand    2    4[COMMON] unsigned int 
 Auto vars:     Size  Location     Type
  product         2    6[COMMON] unsigned int 
 Return value:  Size  Location     Type
                  2    2[COMMON] unsigned int 
 Registers used:
		wreg, status,2, status,0
 Tracked objects:
		On entry : 
		On exit  : 
		Unchanged: 
 Data sizes:     COMMON   BANK0   BANK1   BANK3   BANK2
      Params:         4       0       0       0       0
      Locals:         2       0       0       0       0
      Temps:          0       0       0       0       0
      Totals:         6       0       0       0       0
Total ram usage:        6 bytes
 Hardware stack levels used:    1
 Hardware stack levels required when called:    1
 This function calls:
		Nothing
 This function is called by:
		_main
 This function uses a non-reentrant model


 *************** function _ISR *****************
 Defined at:
		line 85 in file "main.c"
 Parameters:    Size  Location     Type
		None
 Auto vars:     Size  Location     Type
		None
 Return value:  Size  Location     Type
                  1    wreg      void 
 Registers used:
		wreg
 Tracked objects:
		On entry : 
		On exit  : 
		Unchanged: 
 Data sizes:     COMMON   BANK0   BANK1   BANK3   BANK2
      Params:         0       0       0       0       0
      Locals:         0       0       0       0       0
      Temps:          2       0       0       0       0
      Totals:         2       0       0       0       0
Total ram usage:        2 bytes
 Hardware stack levels used:    1
 This function calls:
		Nothing
 This function is called by:
		Interrupt level 1
 This function uses a non-reentrant model



MODULE INFORMATION

Module		Function		Class		Link	Load	Size
C:\Program Files\Microchip\xc8\v2.30\pic\sources\c90\common\lwmod.c
		___lwmod       		CODE           	051E	0000	60

C:\Program Files\Microchip\xc8\v2.30\pic\sources\c90\common\lwmod.c estimated size: 60

C:\Program Files\Microchip\xc8\v2.30\pic\sources\c90\common\lwdiv.c
		___lwdiv       		CODE           	04DA	0000	68

C:\Program Files\Microchip\xc8\v2.30\pic\sources\c90\common\lwdiv.c estimated size: 68

C:\Program Files\Microchip\xc8\v2.30\pic\sources\c90\common\doprnt.c
		_sprintf       		CODE           	0144	0000	234

C:\Program Files\Microchip\xc8\v2.30\pic\sources\c90\common\doprnt.c estimated size: 234

shared
		__stringtab    		STRING         	0400	0000	16
		_dpowers       		STRING         	0410	0000	10
		__initialization		CODE           	000F	0000	2

shared estimated size: 28

C:\Program Files\Microchip\xc8\v2.30\pic\sources\c90\common\Umul16.c
		___wmul        		CODE           	0587	0000	37

C:\Program Files\Microchip\xc8\v2.30\pic\sources\c90\common\Umul16.c estimated size: 37

C:\Program Files\Microchip\xc8\v2.30\pic\sources\c90\common\aldiv.c
		___aldiv       		CODE           	022E	0000	157

C:\Program Files\Microchip\xc8\v2.30\pic\sources\c90\common\aldiv.c estimated size: 157

lcd_4bit.c
		_lcd_cmd       		CODE           	0625	0000	16
		_lcd_data      		CODE           	05AC	0000	34
		_lcd_clock     		CODE           	05CE	0000	25
		_lcd_clear     		CODE           	05FF	0000	22
		_lcd_goto_xy   		CODE           	0326	0000	89
		_lcd_write     		CODE           	055A	0000	45
		_lcd_write_string		CODE           	0494	0000	70
		_lcd_init      		CODE           	02CB	0000	91

lcd_4bit.c estimated size: 392

main.c
		_map           		CODE           	037F	0000	87
		_ISR           		CODE           	05E7	0000	24
		_main          		CODE           	0015	0000	303
		_timer1_init   		CODE           	0615	0000	16

main.c estimated size: 430

C:\Program Files\Microchip\xc8\v2.30\pic\sources\c90\common\Umul32.c
		___lmul        		CODE           	044C	0000	72

C:\Program Files\Microchip\xc8\v2.30\pic\sources\c90\common\Umul32.c estimated size: 72

